Archive member included because of file (symbol)

C:\Users\Than\AppData\Local\Temp\VMBuilds\DriverConveyor\STM32_genericSTM32F103C\Debug\core.a(exc.S.o)
                              (__exc_nmi)
C:\Users\Than\AppData\Local\Temp\VMBuilds\DriverConveyor\STM32_genericSTM32F103C\Debug\core.a(isrs.S.o)
                              (__stm32reservedexception7)
C:\Users\Than\AppData\Local\Temp\VMBuilds\DriverConveyor\STM32_genericSTM32F103C\Debug\core.a(vector_table.S.o)
                              (__stm32_vector_table)
C:\Users\Than\AppData\Local\Temp\VMBuilds\DriverConveyor\STM32_genericSTM32F103C\Debug\core.a(adc.c.o)
                              C:\Users\Than\AppData\Local\Temp\VMBCore\arduino16x\d298b5a13073b2620a20b4a7ee76f89b\variant\boards.cpp.o (adc_set_sample_rate)
C:\Users\Than\AppData\Local\Temp\VMBuilds\DriverConveyor\STM32_genericSTM32F103C\Debug\core.a(adc_f1.c.o)
                              (__irq_adc)
C:\Users\Than\AppData\Local\Temp\VMBuilds\DriverConveyor\STM32_genericSTM32F103C\Debug\core.a(dma_f1.c.o)
                              (__irq_dma1_channel1)
C:\Users\Than\AppData\Local\Temp\VMBuilds\DriverConveyor\STM32_genericSTM32F103C\Debug\core.a(exti.c.o)
                              (__irq_exti0)
C:\Users\Than\AppData\Local\Temp\VMBuilds\DriverConveyor\STM32_genericSTM32F103C\Debug\core.a(exti_f1.c.o)
                              C:\Users\Than\AppData\Local\Temp\VMBuilds\DriverConveyor\STM32_genericSTM32F103C\Debug\core.a(exti.c.o) (exti_select)
C:\Users\Than\AppData\Local\Temp\VMBuilds\DriverConveyor\STM32_genericSTM32F103C\Debug\core.a(flash.c.o)
                              C:\Users\Than\AppData\Local\Temp\VMBCore\arduino16x\d298b5a13073b2620a20b4a7ee76f89b\variant\boards.cpp.o (flash_set_latency)
C:\Users\Than\AppData\Local\Temp\VMBuilds\DriverConveyor\STM32_genericSTM32F103C\Debug\core.a(gpio_f1.c.o)
                              C:\Users\Than\AppData\Local\Temp\VMBCore\arduino16x\d298b5a13073b2620a20b4a7ee76f89b\variant\boards_setup.cpp.o (gpio_init_all)
C:\Users\Than\AppData\Local\Temp\VMBuilds\DriverConveyor\STM32_genericSTM32F103C\Debug\core.a(i2c_f1.c.o)
                              (__irq_i2c1_ev)
C:\Users\Than\AppData\Local\Temp\VMBuilds\DriverConveyor\STM32_genericSTM32F103C\Debug\core.a(nvic.c.o)
                              C:\Users\Than\AppData\Local\Temp\VMBuilds\DriverConveyor\STM32_genericSTM32F103C\Debug\core.a(i2c_f1.c.o) (nvic_irq_set_priority)
C:\Users\Than\AppData\Local\Temp\VMBuilds\DriverConveyor\STM32_genericSTM32F103C\Debug\core.a(rcc.c.o)
                              C:\Users\Than\AppData\Local\Temp\VMBCore\arduino16x\d298b5a13073b2620a20b4a7ee76f89b\variant\boards.cpp.o (rcc_switch_sysclk)
C:\Users\Than\AppData\Local\Temp\VMBuilds\DriverConveyor\STM32_genericSTM32F103C\Debug\core.a(rcc_f1.c.o)
                              C:\Users\Than\AppData\Local\Temp\VMBCore\arduino16x\d298b5a13073b2620a20b4a7ee76f89b\variant\boards.cpp.o (rcc_configure_pll)
C:\Users\Than\AppData\Local\Temp\VMBuilds\DriverConveyor\STM32_genericSTM32F103C\Debug\core.a(systick.c.o)
                              C:\Users\Than\AppData\Local\Temp\VMBCore\arduino16x\d298b5a13073b2620a20b4a7ee76f89b\variant\boards.cpp.o (systick_init)
C:\Users\Than\AppData\Local\Temp\VMBuilds\DriverConveyor\STM32_genericSTM32F103C\Debug\core.a(timer.c.o)
                              C:\Users\Than\AppData\Local\Temp\VMBCore\arduino16x\d298b5a13073b2620a20b4a7ee76f89b\variant\boards.cpp.o (timer_foreach)
C:\Users\Than\AppData\Local\Temp\VMBuilds\DriverConveyor\STM32_genericSTM32F103C\Debug\core.a(usart_f1.c.o)
                              (__irq_usart1)
C:\Users\Than\AppData\Local\Temp\VMBuilds\DriverConveyor\STM32_genericSTM32F103C\Debug\core.a(usart_private.c.o)
                              C:\Users\Than\AppData\Local\Temp\VMBuilds\DriverConveyor\STM32_genericSTM32F103C\Debug\core.a(usart_f1.c.o) (_usart_clock_freq)
C:\Users\Than\AppData\Local\Temp\VMBuilds\DriverConveyor\STM32_genericSTM32F103C\Debug\core.a(util.c.o)
                              C:\Users\Than\AppData\Local\Temp\VMBuilds\DriverConveyor\STM32_genericSTM32F103C\Debug\core.a(exc.S.o) (__error)
C:\Users\Than\AppData\Local\Temp\VMBuilds\DriverConveyor\STM32_genericSTM32F103C\Debug\core.a(usb.c.o)
                              (__irq_usb_lp_can_rx0)
C:\Users\Than\AppData\Local\Temp\VMBuilds\DriverConveyor\STM32_genericSTM32F103C\Debug\core.a(usb_cdcacm.c.o)
                              C:\Users\Than\AppData\Local\Temp\VMBuilds\DriverConveyor\STM32_genericSTM32F103C\Debug\core.a(usb.c.o) (User_Standard_Requests)
C:\Users\Than\AppData\Local\Temp\VMBuilds\DriverConveyor\STM32_genericSTM32F103C\Debug\core.a(usb_reg_map.c.o)
                              C:\Users\Than\AppData\Local\Temp\VMBuilds\DriverConveyor\STM32_genericSTM32F103C\Debug\core.a(usb_cdcacm.c.o) (usb_set_ep_rx_count)
C:\Users\Than\AppData\Local\Temp\VMBuilds\DriverConveyor\STM32_genericSTM32F103C\Debug\core.a(usb_core.c.o)
[...]
Memory Configuration

Name             Origin             Length             Attributes
ram              0x20000000         0x00005000         xrw
rom              0x08000000         0x00010000         xr
*default*        0x00000000         0xffffffff

Linker script and memory map

LOAD c:/users/than/appdata/local/arduino15/packages/arduino/tools/arm-none-eabi-gcc/4.8.3-2014q1/bin/../lib/gcc/arm-none-eabi/4.8.3/armv7-m/crti.o
LOAD c:/users/than/appdata/local/arduino15/packages/arduino/tools/arm-none-eabi-gcc/4.8.3-2014q1/bin/../lib/gcc/arm-none-eabi/4.8.3/armv7-m/crtbegin.o
LOAD c:/users/than/appdata/local/arduino15/packages/arduino/tools/arm-none-eabi-gcc/4.8.3-2014q1/bin/../lib/gcc/arm-none-eabi/4.8.3/../../../../arm-none-eabi/lib/armv7-m/crt0.o
LOAD c:/users/than/appdata/local/arduino15/packages/arduino/tools/arm-none-eabi-gcc/4.8.3-2014q1/bin/../lib/gcc/arm-none-eabi/4.8.3/armv7-m\libgcc.a
START GROUP
LOAD DriverConveyor.cpp.o
LOAD MultiThread.cpp.o
LOAD EEPROM\flash_stm32.c.o
LOAD EEPROM\EEPROM.cpp.o
LOAD C:\Users\Than\AppData\Local\Temp\VMBCore\arduino16x\d298b5a13073b2620a20b4a7ee76f89b\variant\board.cpp.o
LOAD C:\Users\Than\AppData\Local\Temp\VMBCore\arduino16x\d298b5a13073b2620a20b4a7ee76f89b\variant\boards.cpp.o
LOAD C:\Users\Than\AppData\Local\Temp\VMBCore\arduino16x\d298b5a13073b2620a20b4a7ee76f89b\variant\boards_setup.cpp.o
LOAD C:\Users\Than\AppData\Local\Temp\VMBCore\arduino16x\d298b5a13073b2620a20b4a7ee76f89b\variant\start.S.o
LOAD C:\Users\Than\AppData\Local\Temp\VMBCore\arduino16x\d298b5a13073b2620a20b4a7ee76f89b\variant\start_c.c.o
LOAD C:\Users\Than\AppData\Local\Temp\VMBCore\arduino16x\d298b5a13073b2620a20b4a7ee76f89b\variant\syscalls.c.o
LOAD C:\Users\Than\AppData\Local\Temp\VMBuilds\DriverConveyor\STM32_genericSTM32F103C\Debug\core.a
END GROUP
LOAD c:/users/than/appdata/local/arduino15/packages/arduino/tools/arm-none-eabi-gcc/4.8.3-2014q1/bin/../lib/gcc/arm-none-eabi/4.8.3/../../../../arm-none-eabi/lib/armv7-m\libstdc++.a
LOAD c:/users/than/appdata/local/arduino15/packages/arduino/tools/arm-none-eabi-gcc/4.8.3-2014q1/bin/../lib/gcc/arm-none-eabi/4.8.3/../../../../arm-none-eabi/lib/armv7-m\libm.a
START GROUP
LOAD c:/users/than/appdata/local/arduino15/packages/arduino/tools/arm-none-eabi-gcc/4.8.3-2014q1/bin/../lib/gcc/arm-none-eabi/4.8.3/armv7-m\libgcc.a
LOAD c:/users/than/appdata/local/arduino15/packages/arduino/tools/arm-none-eabi-gcc/4.8.3-2014q1/bin/../lib/gcc/arm-none-eabi/4.8.3/../../../../arm-none-eabi/lib/armv7-m\libc.a
END GROUP
LOAD c:/users/than/appdata/local/arduino15/packages/arduino/tools/arm-none-eabi-gcc/4.8.3-2014q1/bin/../lib/gcc/arm-none-eabi/4.8.3/armv7-m/crtend.o
LOAD c:/users/than/appdata/local/arduino15/packages/arduino/tools/arm-none-eabi-gcc/4.8.3-2014q1/bin/../lib/gcc/arm-none-eabi/4.8.3/armv7-m/crtn.o
START GROUP
LOAD c:/users/than/appdata/local/arduino15/packages/arduino/tools/arm-none-eabi-gcc/4.8.3-2014q1/bin/../lib/gcc/arm-none-eabi/4.8.3/armv7-m\libgcc.a
LOAD c:/users/than/appdata/local/arduino15/packages/arduino/tools/arm-none-eabi-gcc/4.8.3-2014q1/bin/../lib/gcc/arm-none-eabi/4.8.3/../../../../arm-none-eabi/lib/armv7-m\libc.a
LOAD c:/users/than/appdata/local/arduino15/packages/arduino/tools/arm-none-eabi-gcc/4.8.3-2014q1/bin/../lib/gcc/arm-none-eabi/4.8.3/../../../../arm-none-eabi/lib/armv7-m\libm.a
END GROUP
START GROUP
LOAD c:/users/than/appdata/local/arduino15/packages/arduino/tools/arm-none-eabi-gcc/4.8.3-2014q1/bin/../lib/gcc/arm-none-eabi/4.8.3/../../../../arm-none-eabi/lib/armv7-m\libnosys.a
END GROUP
                0x20005000                PROVIDE (__msp_init, (ORIGIN (ram) + 0x5000))
                0x080009e0                PROVIDE (__exc_reset, __start__)

.text           0x08000000     0x7b7c
                0x08000000                __text_start__ = .
 *(.stm32.interrupt_vector)
 .stm32.interrupt_vector
                0x08000000       0xec C:\Users\Than\AppData\Local\Temp\VMBuilds\DriverConveyor\STM32_genericSTM32F103C\Debug\core.a(vector_table.S.o)
                0x08000000                __stm32_vector_table
 *(.text .text.* .gnu.linkonce.t.*)
 .text          0x080000ec       0x54 c:/users/than/appdata/local/arduino15/packages/arduino/tools/arm-none-eabi-gcc/4.8.3-2014q1/bin/../lib/gcc/arm-none-eabi/4.8.3/armv7-m/crtbegin.o
 .text._Z14CountPulseA_x2v
                0x08000140       0x44 DriverConveyor.cpp.o
                0x08000140                CountPulseA_x2()
 .text._Z14CountPulseB_x2v
                0x08000184       0x44 DriverConveyor.cpp.o
                0x08000184                CountPulseB_x2()
 .text._Z6InitIOv
                0x080001c8       0x8c DriverConveyor.cpp.o
                0x080001c8                InitIO()
 .text._Z5setupv
                0x08000254        0x4 DriverConveyor.cpp.o
                0x08000254                setup()
 .text._Z5Checkv
                0x08000258       0x1c DriverConveyor.cpp.o
                0x08000258                Check()
 .text._Z5Blinkv
                0x08000274       0x68 DriverConveyor.cpp.o
                0x08000274                Blink()
 .text._Z15SetDesiredSpeedi
                0x080002dc       0x28 DriverConveyor.cpp.o
                0x080002dc                SetDesiredSpeed(int)
 *fill*         0x08000304        0x4 
 .text._Z11AdjustSpeedf
                0x08000308      0x230 DriverConveyor.cpp.o
                0x08000308                AdjustSpeed(float)
 .text._Z11GetPositionv
                0x08000538       0x68 DriverConveyor.cpp.o
                0x08000538                GetPosition()
 .text.startup._GLOBAL__sub_I_Kp
                0x080005a0       0x40 DriverConveyor.cpp.o
 .text._Z13SerialExecutev
                0x080005e0      0x18c DriverConveyor.cpp.o
                0x080005e0                SerialExecute()
 .text._Z4loopv
                0x0800076c       0x20 DriverConveyor.cpp.o
                0x0800076c                loop()
 .text._ZN11MultiThreadC2Ev
                0x0800078c        0x6 MultiThread.cpp.o
                0x0800078c                MultiThread::MultiThread()
                0x0800078c                MultiThread::MultiThread()
 *fill*         0x08000792        0x2 
 .text._ZN11MultiThread10isScheduleEt
                0x08000794       0x2c MultiThread.cpp.o
                0x08000794                MultiThread::isSchedule(unsigned short)
 .text.startup._GLOBAL__sub_I__ZN11EEPROMClass12EE_CheckPageEmt
                0x080007c0       0x20 EEPROM\EEPROM.cpp.o
 .text._Z9boardInitv
                0x080007e0        0x2 C:\Users\Than\AppData\Local\Temp\VMBCore\arduino16x\d298b5a13073b2620a20b4a7ee76f89b\variant\board.cpp.o
                0x080007e0                boardInit()
 *fill*         0x080007e2        0x2 
 .text.startup._GLOBAL__sub_I__Z9boardInitv
                0x080007e4       0x48 C:\Users\Than\AppData\Local\Temp\VMBCore\arduino16x\d298b5a13073b2620a20b4a7ee76f89b\variant\board.cpp.o
 .text._ZL18adc_default_configP7adc_dev
                0x0800082c       0x1c C:\Users\Than\AppData\Local\Temp\VMBCore\arduino16x\d298b5a13073b2620a20b4a7ee76f89b\variant\boards.cpp.o
 .text._ZL20timer_default_configP9timer_dev
                0x08000848       0x9e C:\Users\Than\AppData\Local\Temp\VMBCore\arduino16x\d298b5a13073b2620a20b4a7ee76f89b\variant\boards.cpp.o
 *fill*         0x080008e6        0x2 
 .text._Z4initv
                0x080008e8       0xbc C:\Users\Than\AppData\Local\Temp\VMBCore\arduino16x\d298b5a13073b2620a20b4a7ee76f89b\variant\boards.cpp.o
                0x080008e8                init()
 .text._ZN6wirish4priv15board_reset_pllEv
                0x080009a4        0x2 C:\Users\Than\AppData\Local\Temp\VMBCore\arduino16x\d298b5a13073b2620a20b4a7ee76f89b\variant\boards_setup.cpp.o
                0x080009a4                wirish::priv::board_reset_pll()
 .text._ZN6wirish4priv28board_setup_clock_prescalersEv
                0x080009a6       0x2e C:\Users\Than\AppData\Local\Temp\VMBCore\arduino16x\d298b5a13073b2620a20b4a7ee76f89b\variant\boards_setup.cpp.o
                0x080009a6                wirish::priv::board_setup_clock_prescalers()
 .text._ZN6wirish4priv16board_setup_gpioEv
                0x080009d4        0x4 C:\Users\Than\AppData\Local\Temp\VMBCore\arduino16x\d298b5a13073b2620a20b4a7ee76f89b\variant\boards_setup.cpp.o
                0x080009d4                wirish::priv::board_setup_gpio()
 .text._ZN6wirish4priv15board_setup_usbEv
                0x080009d8        0x2 C:\Users\Than\AppData\Local\Temp\VMBCore\arduino16x\d298b5a13073b2620a20b4a7ee76f89b\variant\boards_setup.cpp.o
                0x080009d8                wirish::priv::board_setup_usb()
 .text._ZN6wirish4priv11series_initEv
                0x080009da        0x4 C:\Users\Than\AppData\Local\Temp\VMBCore\arduino16x\d298b5a13073b2620a20b4a7ee76f89b\variant\boards_setup.cpp.o
                0x080009da                wirish::priv::series_init()
 *fill*         0x080009de        0x2 
 .text          0x080009e0       0x10 C:\Users\Than\AppData\Local\Temp\VMBCore\arduino16x\d298b5a13073b2620a20b4a7ee76f89b\variant\start.S.o
                0x080009e0                __start__
 .text.start_c  0x080009f0       0x64 C:\Users\Than\AppData\Local\Temp\VMBCore\arduino16x\d298b5a13073b2620a20b4a7ee76f89b\variant\start_c.c.o
                0x080009f0                start_c
 .text._sbrk    0x08000a54       0x44 C:\Users\Than\AppData\Local\Temp\VMBCore\arduino16x\d298b5a13073b2620a20b4a7ee76f89b\variant\syscalls.c.o
                0x08000a54                _sbrk
 .text._exit    0x08000a98        0x2 C:\Users\Than\AppData\Local\Temp\VMBCore\arduino16x\d298b5a13073b2620a20b4a7ee76f89b\variant\syscalls.c.o
                0x08000a98                _exit
 *fill*         0x08000a9a        0x6 
 .text          0x08000aa0       0x60 C:\Users\Than\AppData\Local\Temp\VMBuilds\DriverConveyor\STM32_genericSTM32F103C\Debug\core.a(exc.S.o)
                0x08000aa0                __exc_nmi
                0x08000aa4                __exc_hardfault
                0x08000aa8                __exc_memmanage
                0x08000aac                __exc_busfault
                0x08000ab0                __exc_usagefault
 .text          0x08000b00        0x2 C:\Users\Than\AppData\Local\Temp\VMBuilds\DriverConveyor\STM32_genericSTM32F103C\Debug\core.a(isrs.S.o)
                0x08000b00                __stm32reservedexception9
                0x08000b00                __exc_debug_monitor
                0x08000b00                __exc_svc
                0x08000b00                __irq_can_rx1
                0x08000b00                __irq_spi2
                0x08000b00                __irq_can_sce
                0x08000b00                __irq_pvd
                0x08000b00                __irq_tamper
                0x08000b00                __default_handler
                0x08000b00                __irq_wwdg
                0x08000b00                __stm32reservedexception10
                0x08000b00                __irq_flash
                0x08000b00                __stm32reservedexception13
                0x08000b00                __irq_rtc
                0x08000b00                __irq_spi1
                0x08000b00                __stm32reservedexception7
                0x08000b00                __irq_usb_hp_can_tx
                0x08000b00                __irq_rtcalarm
                0x08000b00                __stm32reservedexception8
                0x08000b00                __exc_pendsv
                0x08000b00                __irq_usbwakeup
                0x08000b00                __irq_rcc
 .text.adc_init
                0x08000b02       0x14 C:\Users\Than\AppData\Local\Temp\VMBuilds\DriverConveyor\STM32_genericSTM32F103C\Debug\core.a(adc.c.o)
                0x08000b02                adc_init
 .text.adc_set_extsel
                0x08000b16       0x12 C:\Users\Than\AppData\Local\Temp\VMBuilds\DriverConveyor\STM32_genericSTM32F103C\Debug\core.a(adc.c.o)
                0x08000b16                adc_set_extsel
 .text.adc_set_sample_rate
                0x08000b28       0x30 C:\Users\Than\AppData\Local\Temp\VMBuilds\DriverConveyor\STM32_genericSTM32F103C\Debug\core.a(adc.c.o)
                0x08000b28                adc_set_sample_rate
 .text.__irq_adc
                0x08000b58       0x50 C:\Users\Than\AppData\Local\Temp\VMBuilds\DriverConveyor\STM32_genericSTM32F103C\Debug\core.a(adc_f1.c.o)
                0x08000b58                __irq_adc
 .text.adc_calibrate
                0x08000ba8       0x24 C:\Users\Than\AppData\Local\Temp\VMBuilds\DriverConveyor\STM32_genericSTM32F103C\Debug\core.a(adc_f1.c.o)
                0x08000ba8                adc_calibrate
 .text.adc_set_prescaler
                0x08000bcc        0x8 C:\Users\Than\AppData\Local\Temp\VMBuilds\DriverConveyor\STM32_genericSTM32F103C\Debug\core.a(adc_f1.c.o)
                0x08000bcc                adc_set_prescaler
 .text.adc_foreach
                0x08000bd4       0x1c C:\Users\Than\AppData\Local\Temp\VMBuilds\DriverConveyor\STM32_genericSTM32F103C\Debug\core.a(adc_f1.c.o)
                0x08000bd4                adc_foreach
 .text.adc_enable_single_swstart
                0x08000bf0       0x36 C:\Users\Than\AppData\Local\Temp\VMBuilds\DriverConveyor\STM32_genericSTM32F103C\Debug\core.a(adc_f1.c.o)
                0x08000bf0                adc_enable_single_swstart
 *fill*         0x08000c26        0x2 
 .text.__irq_dma1_channel1
                0x08000c28       0x18 C:\Users\Than\AppData\Local\Temp\VMBuilds\DriverConveyor\STM32_genericSTM32F103C\Debug\core.a(dma_f1.c.o)
                0x08000c28                __irq_dma1_channel1
 .text.__irq_dma1_channel2
                0x08000c40       0x18 C:\Users\Than\AppData\Local\Temp\VMBuilds\DriverConveyor\STM32_genericSTM32F103C\Debug\core.a(dma_f1.c.o)
                0x08000c40                __irq_dma1_channel2
 .text.__irq_dma1_channel3
                0x08000c58       0x1c C:\Users\Than\AppData\Local\Temp\VMBuilds\DriverConveyor\STM32_genericSTM32F103C\Debug\core.a(dma_f1.c.o)
                0x08000c58                __irq_dma1_channel3
 .text.__irq_dma1_channel4
                0x08000c74       0x1c C:\Users\Than\AppData\Local\Temp\VMBuilds\DriverConveyor\STM32_genericSTM32F103C\Debug\core.a(dma_f1.c.o)
                0x08000c74                __irq_dma1_channel4
 .text.__irq_dma1_channel5
                0x08000c90       0x1c C:\Users\Than\AppData\Local\Temp\VMBuilds\DriverConveyor\STM32_genericSTM32F103C\Debug\core.a(dma_f1.c.o)
                0x08000c90                __irq_dma1_channel5
 .text.__irq_dma1_channel6
                0x08000cac       0x1c C:\Users\Than\AppData\Local\Temp\VMBuilds\DriverConveyor\STM32_genericSTM32F103C\Debug\core.a(dma_f1.c.o)
                0x08000cac                __irq_dma1_channel6
 .text.__irq_dma1_channel7
                0x08000cc8       0x1c C:\Users\Than\AppData\Local\Temp\VMBuilds\DriverConveyor\STM32_genericSTM32F103C\Debug\core.a(dma_f1.c.o)
                0x08000cc8                __irq_dma1_channel7
 .text.exti_attach_callback
                0x08000ce4       0xac C:\Users\Than\AppData\Local\Temp\VMBuilds\DriverConveyor\STM32_genericSTM32F103C\Debug\core.a(exti.c.o)
                0x08000ce4                exti_attach_callback
 .text.exti_attach_interrupt
                0x08000d90       0x10 C:\Users\Than\AppData\Local\Temp\VMBuilds\DriverConveyor\STM32_genericSTM32F103C\Debug\core.a(exti.c.o)
                0x08000d90                exti_attach_interrupt
 .text.exti_do_select
                0x08000da0       0x1a C:\Users\Than\AppData\Local\Temp\VMBuilds\DriverConveyor\STM32_genericSTM32F103C\Debug\core.a(exti.c.o)
                0x08000da0                exti_do_select
 *fill*         0x08000dba        0x2 
 .text.__irq_exti0
                0x08000dbc       0x20 C:\Users\Than\AppData\Local\Temp\VMBuilds\DriverConveyor\STM32_genericSTM32F103C\Debug\core.a(exti.c.o)
                0x08000dbc                __irq_exti0
 .text.__irq_exti1
                0x08000ddc       0x20 C:\Users\Than\AppData\Local\Temp\VMBuilds\DriverConveyor\STM32_genericSTM32F103C\Debug\core.a(exti.c.o)
                0x08000ddc                __irq_exti1
 .text.__irq_exti2
                0x08000dfc       0x20 C:\Users\Than\AppData\Local\Temp\VMBuilds\DriverConveyor\STM32_genericSTM32F103C\Debug\core.a(exti.c.o)
                0x08000dfc                __irq_exti2
 .text.__irq_exti3
                0x08000e1c       0x20 C:\Users\Than\AppData\Local\Temp\VMBuilds\DriverConveyor\STM32_genericSTM32F103C\Debug\core.a(exti.c.o)
                0x08000e1c                __irq_exti3
 .text.__irq_exti4
                0x08000e3c       0x20 C:\Users\Than\AppData\Local\Temp\VMBuilds\DriverConveyor\STM32_genericSTM32F103C\Debug\core.a(exti.c.o)
                0x08000e3c                __irq_exti4
 .text.__irq_exti9_5
                0x08000e5c       0x44 C:\Users\Than\AppData\Local\Temp\VMBuilds\DriverConveyor\STM32_genericSTM32F103C\Debug\core.a(exti.c.o)
                0x08000e5c                __irq_exti9_5
 .text.__irq_exti15_10
                0x08000ea0       0x44 C:\Users\Than\AppData\Local\Temp\VMBuilds\DriverConveyor\STM32_genericSTM32F103C\Debug\core.a(exti.c.o)
                0x08000ea0                __irq_exti15_10
 .text.exti_select
                0x08000ee4       0x18 C:\Users\Than\AppData\Local\Temp\VMBuilds\DriverConveyor\STM32_genericSTM32F103C\Debug\core.a(exti_f1.c.o)
                0x08000ee4                exti_select
 .text.flash_set_latency
                0x08000efc       0x14 C:\Users\Than\AppData\Local\Temp\VMBuilds\DriverConveyor\STM32_genericSTM32F103C\Debug\core.a(flash.c.o)
                0x08000efc                flash_set_latency
 .text.gpio_init_all
                0x08000f10       0x30 C:\Users\Than\AppData\Local\Temp\VMBuilds\DriverConveyor\STM32_genericSTM32F103C\Debug\core.a(gpio_f1.c.o)
                0x08000f10                gpio_init_all
 .text.gpio_set_mode
                0x08000f40       0x50 C:\Users\Than\AppData\Local\Temp\VMBuilds\DriverConveyor\STM32_genericSTM32F103C\Debug\core.a(gpio_f1.c.o)
                0x08000f40                gpio_set_mode
 .text.afio_init
                0x08000f90       0x12 C:\Users\Than\AppData\Local\Temp\VMBuilds\DriverConveyor\STM32_genericSTM32F103C\Debug\core.a(gpio_f1.c.o)
                0x08000f90                afio_init
 *fill*         0x08000fa2        0x2 
 .text.__irq_i2c1_ev
                0x08000fa4        0xc C:\Users\Than\AppData\Local\Temp\VMBuilds\DriverConveyor\STM32_genericSTM32F103C\Debug\core.a(i2c_f1.c.o)
                0x08000fa4                __irq_i2c1_ev
 .text.__irq_i2c2_ev
                0x08000fb0        0xc C:\Users\Than\AppData\Local\Temp\VMBuilds\DriverConveyor\STM32_genericSTM32F103C\Debug\core.a(i2c_f1.c.o)
                0x08000fb0                __irq_i2c2_ev
 .text.__irq_i2c1_er
                0x08000fbc        0xc C:\Users\Than\AppData\Local\Temp\VMBuilds\DriverConveyor\STM32_genericSTM32F103C\Debug\core.a(i2c_f1.c.o)
                0x08000fbc                __irq_i2c1_er
 .text.__irq_i2c2_er
                0x08000fc8        0xc C:\Users\Than\AppData\Local\Temp\VMBuilds\DriverConveyor\STM32_genericSTM32F103C\Debug\core.a(i2c_f1.c.o)
                0x08000fc8                __irq_i2c2_er
 .text._i2c_irq_priority_fixup
                0x08000fd4       0x1c C:\Users\Than\AppData\Local\Temp\VMBuilds\DriverConveyor\STM32_genericSTM32F103C\Debug\core.a(i2c_f1.c.o)
                0x08000fd4                _i2c_irq_priority_fixup
 .text.nvic_irq_set_priority
                0x08000ff0       0x28 C:\Users\Than\AppData\Local\Temp\VMBuilds\DriverConveyor\STM32_genericSTM32F103C\Debug\core.a(nvic.c.o)
                0x08000ff0                nvic_irq_set_priority
 .text.nvic_init
                0x08001018       0x30 C:\Users\Than\AppData\Local\Temp\VMBuilds\DriverConveyor\STM32_genericSTM32F103C\Debug\core.a(nvic.c.o)
                0x08001018                nvic_init
 .text.rcc_dev_clk
                0x08001048        0xc C:\Users\Than\AppData\Local\Temp\VMBuilds\DriverConveyor\STM32_genericSTM32F103C\Debug\core.a(rcc.c.o)
                0x08001048                rcc_dev_clk
 .text.rcc_switch_sysclk
                0x08001054       0x20 C:\Users\Than\AppData\Local\Temp\VMBuilds\DriverConveyor\STM32_genericSTM32F103C\Debug\core.a(rcc.c.o)
                0x08001054                rcc_switch_sysclk
 .text.rcc_turn_on_clk
                0x08001074       0x1a C:\Users\Than\AppData\Local\Temp\VMBuilds\DriverConveyor\STM32_genericSTM32F103C\Debug\core.a(rcc.c.o)
                0x08001074                rcc_turn_on_clk
 .text.rcc_turn_off_clk
                0x0800108e       0x1c C:\Users\Than\AppData\Local\Temp\VMBuilds\DriverConveyor\STM32_genericSTM32F103C\Debug\core.a(rcc.c.o)
                0x0800108e                rcc_turn_off_clk
 .text.rcc_is_clk_ready
                0x080010aa       0x18 C:\Users\Than\AppData\Local\Temp\VMBuilds\DriverConveyor\STM32_genericSTM32F103C\Debug\core.a(rcc.c.o)
                0x080010aa                rcc_is_clk_ready
 *fill*         0x080010c2        0x2 
 .text.rcc_configure_pll
                0x080010c4       0x18 C:\Users\Than\AppData\Local\Temp\VMBuilds\DriverConveyor\STM32_genericSTM32F103C\Debug\core.a(rcc_f1.c.o)
                0x080010c4                rcc_configure_pll
 .text.rcc_clk_enable
                0x080010dc       0x30 C:\Users\Than\AppData\Local\Temp\VMBuilds\DriverConveyor\STM32_genericSTM32F103C\Debug\core.a(rcc_f1.c.o)
                0x080010dc                rcc_clk_enable
 .text.rcc_reset_dev
                0x0800110c       0x34 C:\Users\Than\AppData\Local\Temp\VMBuilds\DriverConveyor\STM32_genericSTM32F103C\Debug\core.a(rcc_f1.c.o)
                0x0800110c                rcc_reset_dev
 .text.rcc_set_prescaler
                0x08001140       0x20 C:\Users\Than\AppData\Local\Temp\VMBuilds\DriverConveyor\STM32_genericSTM32F103C\Debug\core.a(rcc_f1.c.o)
                0x08001140                rcc_set_prescaler
 .text.rcc_clk_disable
                0x08001160       0x30 C:\Users\Than\AppData\Local\Temp\VMBuilds\DriverConveyor\STM32_genericSTM32F103C\Debug\core.a(rcc_f1.c.o)
                0x08001160                rcc_clk_disable
 .text.systick_init
                0x08001190       0x10 C:\Users\Than\AppData\Local\Temp\VMBuilds\DriverConveyor\STM32_genericSTM32F103C\Debug\core.a(systick.c.o)
                0x08001190                systick_init
 .text.__exc_systick
                0x080011a0       0x1c C:\Users\Than\AppData\Local\Temp\VMBuilds\DriverConveyor\STM32_genericSTM32F103C\Debug\core.a(systick.c.o)
                0x080011a0                __exc_systick
 .text.timer_oc_set_mode
                0x080011bc       0x3a C:\Users\Than\AppData\Local\Temp\VMBuilds\DriverConveyor\STM32_genericSTM32F103C\Debug\core.a(timer.c.o)
 .text.timer_cc_enable
                0x080011f6       0x1c C:\Users\Than\AppData\Local\Temp\VMBuilds\DriverConveyor\STM32_genericSTM32F103C\Debug\core.a(timer.c.o)
 *fill*         0x08001212        0x2 
 .text.timer_foreach
                0x08001214       0x28 C:\Users\Than\AppData\Local\Temp\VMBuilds\DriverConveyor\STM32_genericSTM32F103C\Debug\core.a(timer.c.o)
                0x08001214                timer_foreach
 .text.timer_init
                0x0800123c       0x14 C:\Users\Than\AppData\Local\Temp\VMBuilds\DriverConveyor\STM32_genericSTM32F103C\Debug\core.a(timer.c.o)
                0x0800123c                timer_init
 .text.timer_has_cc_channel
                0x08001250       0x30 C:\Users\Than\AppData\Local\Temp\VMBuilds\DriverConveyor\STM32_genericSTM32F103C\Debug\core.a(timer.c.o)
                0x08001250                timer_has_cc_channel
 .text.timer_detach_interrupt
                0x08001280       0x1e C:\Users\Than\AppData\Local\Temp\VMBuilds\DriverConveyor\STM32_genericSTM32F103C\Debug\core.a(timer.c.o)
                0x08001280                timer_detach_interrupt
 .text.input_capture_mode
                0x0800129e       0x1a C:\Users\Than\AppData\Local\Temp\VMBuilds\DriverConveyor\STM32_genericSTM32F103C\Debug\core.a(timer.c.o)
                0x0800129e                input_capture_mode
 .text.timer_set_mode
                0x080012b8       0x8c C:\Users\Than\AppData\Local\Temp\VMBuilds\DriverConveyor\STM32_genericSTM32F103C\Debug\core.a(timer.c.o)
                0x080012b8                timer_set_mode
 .text.__irq_tim1_brk
                0x08001344       0x24 C:\Users\Than\AppData\Local\Temp\VMBuilds\DriverConveyor\STM32_genericSTM32F103C\Debug\core.a(timer.c.o)
                0x08001344                __irq_tim1_brk
 .text.__irq_tim1_up
                0x08001368       0x24 C:\Users\Than\AppData\Local\Temp\VMBuilds\DriverConveyor\STM32_genericSTM32F103C\Debug\core.a(timer.c.o)
                0x08001368                __irq_tim1_up
 .text.__irq_tim1_trg_com
                0x0800138c       0x38 C:\Users\Than\AppData\Local\Temp\VMBuilds\DriverConveyor\STM32_genericSTM32F103C\Debug\core.a(timer.c.o)
                0x0800138c                __irq_tim1_trg_com
 .text.__irq_tim1_cc
                0x080013c4       0x54 C:\Users\Than\AppData\Local\Temp\VMBuilds\DriverConveyor\STM32_genericSTM32F103C\Debug\core.a(timer.c.o)
                0x080013c4                __irq_tim1_cc
 .text.__irq_tim2
                0x08001418       0x70 C:\Users\Than\AppData\Local\Temp\VMBuilds\DriverConveyor\STM32_genericSTM32F103C\Debug\core.a(timer.c.o)
                0x08001418                __irq_tim2
 .text.__irq_tim3
                0x08001488       0x70 C:\Users\Than\AppData\Local\Temp\VMBuilds\DriverConveyor\STM32_genericSTM32F103C\Debug\core.a(timer.c.o)
                0x08001488                __irq_tim3
 .text.__irq_tim4
                0x080014f8       0x70 C:\Users\Than\AppData\Local\Temp\VMBuilds\DriverConveyor\STM32_genericSTM32F103C\Debug\core.a(timer.c.o)
                0x080014f8                __irq_tim4
 .text.rb_remove
                0x08001568       0x24 C:\Users\Than\AppData\Local\Temp\VMBuilds\DriverConveyor\STM32_genericSTM32F103C\Debug\core.a(usart_f1.c.o)
 .text.rb_push_insert
                0x0800158c       0x52 C:\Users\Than\AppData\Local\Temp\VMBuilds\DriverConveyor\STM32_genericSTM32F103C\Debug\core.a(usart_f1.c.o)
 .text.usart_config_gpios_async
                0x080015de       0x4a C:\Users\Than\AppData\Local\Temp\VMBuilds\DriverConveyor\STM32_genericSTM32F103C\Debug\core.a(usart_f1.c.o)
                0x080015de                usart_config_gpios_async
 .text.usart_set_baud_rate
                0x08001628       0x3c C:\Users\Than\AppData\Local\Temp\VMBuilds\DriverConveyor\STM32_genericSTM32F103C\Debug\core.a(usart_f1.c.o)
                0x08001628                usart_set_baud_rate
 .text.__irq_usart1
                0x08001664       0x54 C:\Users\Than\AppData\Local\Temp\VMBuilds\DriverConveyor\STM32_genericSTM32F103C\Debug\core.a(usart_f1.c.o)
                0x08001664                __irq_usart1
 .text.__irq_usart2
                0x080016b8       0x54 C:\Users\Than\AppData\Local\Temp\VMBuilds\DriverConveyor\STM32_genericSTM32F103C\Debug\core.a(usart_f1.c.o)
                0x080016b8                __irq_usart2
 .text.__irq_usart3
                0x0800170c       0x54 C:\Users\Than\AppData\Local\Temp\VMBuilds\DriverConveyor\STM32_genericSTM32F103C\Debug\core.a(usart_f1.c.o)
                0x0800170c                __irq_usart3
 .text._usart_clock_freq
                0x08001760       0x24 C:\Users\Than\AppData\Local\Temp\VMBuilds\DriverConveyor\STM32_genericSTM32F103C\Debug\core.a(usart_private.c.o)
                0x08001760                _usart_clock_freq
 .text.throb    0x08001784       0x4c C:\Users\Than\AppData\Local\Temp\VMBuilds\DriverConveyor\STM32_genericSTM32F103C\Debug\core.a(util.c.o)
                0x08001784                throb
 .text.__error  0x080017d0       0x14 C:\Users\Than\AppData\Local\Temp\VMBuilds\DriverConveyor\STM32_genericSTM32F103C\Debug\core.a(util.c.o)
                0x080017d0                __error
 .text.usb_resume
                0x080017e4       0xb4 C:\Users\Than\AppData\Local\Temp\VMBuilds\DriverConveyor\STM32_genericSTM32F103C\Debug\core.a(usb.c.o)
 .text.__irq_usb_lp_can_rx0
                0x08001898      0x1c8 C:\Users\Than\AppData\Local\Temp\VMBuilds\DriverConveyor\STM32_genericSTM32F103C\Debug\core.a(usb.c.o)
                0x08001898                __irq_usb_lp_can_rx0
 .text.usb_set_ep_rx_stat
                0x08001a60       0x22 C:\Users\Than\AppData\Local\Temp\VMBuilds\DriverConveyor\STM32_genericSTM32F103C\Debug\core.a(usb_cdcacm.c.o)
 *fill*         0x08001a82        0x2 
 .text.vcomGetSetLineCoding
                0x08001a84       0x18 C:\Users\Than\AppData\Local\Temp\VMBuilds\DriverConveyor\STM32_genericSTM32F103C\Debug\core.a(usb_cdcacm.c.o)
 .text.usbDataSetup
                0x08001a9c       0x54 C:\Users\Than\AppData\Local\Temp\VMBuilds\DriverConveyor\STM32_genericSTM32F103C\Debug\core.a(usb_cdcacm.c.o)
 .text.usbNoDataSetup
                0x08001af0       0x50 C:\Users\Than\AppData\Local\Temp\VMBuilds\DriverConveyor\STM32_genericSTM32F103C\Debug\core.a(usb_cdcacm.c.o)
 .text.usbGetInterfaceSetting
                0x08001b40       0x10 C:\Users\Than\AppData\Local\Temp\VMBuilds\DriverConveyor\STM32_genericSTM32F103C\Debug\core.a(usb_cdcacm.c.o)
 .text.usbGetStringDescriptor
                0x08001b50       0x20 C:\Users\Than\AppData\Local\Temp\VMBuilds\DriverConveyor\STM32_genericSTM32F103C\Debug\core.a(usb_cdcacm.c.o)
 .text.usbGetConfigDescriptor
                0x08001b70        0xc C:\Users\Than\AppData\Local\Temp\VMBuilds\DriverConveyor\STM32_genericSTM32F103C\Debug\core.a(usb_cdcacm.c.o)
 .text.usbGetDeviceDescriptor
                0x08001b7c        0xc C:\Users\Than\AppData\Local\Temp\VMBuilds\DriverConveyor\STM32_genericSTM32F103C\Debug\core.a(usb_cdcacm.c.o)
 .text.usbInit  0x08001b88       0x44 C:\Users\Than\AppData\Local\Temp\VMBuilds\DriverConveyor\STM32_genericSTM32F103C\Debug\core.a(usb_cdcacm.c.o)
 .text.usbReset
                0x08001bcc      0x160 C:\Users\Than\AppData\Local\Temp\VMBuilds\DriverConveyor\STM32_genericSTM32F103C\Debug\core.a(usb_cdcacm.c.o)
 .text.usb_set_ep_rx_count
                0x08001d2c       0x40 C:\Users\Than\AppData\Local\Temp\VMBuilds\DriverConveyor\STM32_genericSTM32F103C\Debug\core.a(usb_reg_map.c.o)
                0x08001d2c                usb_set_ep_rx_count
 .text.Standard_GetConfiguration
                0x08001d6c       0x24 C:\Users\Than\AppData\Local\Temp\VMBuilds\DriverConveyor\STM32_genericSTM32F103C\Debug\core.a(usb_core.c.o)
                0x08001d6c                Standard_GetConfiguration
 .text.Standard_GetInterface
                0x08001d90       0x24 C:\Users\Than\AppData\Local\Temp\VMBuilds\DriverConveyor\STM32_genericSTM32F103C\Debug\core.a(usb_core.c.o)
                0x08001d90                Standard_GetInterface
 .text.Standard_GetStatus
                0x08001db4       0x90 C:\Users\Than\AppData\Local\Temp\VMBuilds\DriverConveyor\STM32_genericSTM32F103C\Debug\core.a(usb_core.c.o)
                0x08001db4                Standard_GetStatus
 .text.DataStageIn
                0x08001e44       0xa8 C:\Users\Than\AppData\Local\Temp\VMBuilds\DriverConveyor\STM32_genericSTM32F103C\Debug\core.a(usb_core.c.o)
 .text.Standard_SetConfiguration
                0x08001eec       0x38 C:\Users\Than\AppData\Local\Temp\VMBuilds\DriverConveyor\STM32_genericSTM32F103C\Debug\core.a(usb_core.c.o)
                0x08001eec                Standard_SetConfiguration
 .text.Standard_SetInterface
                0x08001f24       0x48 C:\Users\Than\AppData\Local\Temp\VMBuilds\DriverConveyor\STM32_genericSTM32F103C\Debug\core.a(usb_core.c.o)
                0x08001f24                Standard_SetInterface
 .text.Standard_ClearFeature
                0x08001f6c       0xd0 C:\Users\Than\AppData\Local\Temp\VMBuilds\DriverConveyor\STM32_genericSTM32F103C\Debug\core.a(usb_core.c.o)
                0x08001f6c                Standard_ClearFeature
 .text.Standard_SetEndPointFeature
                0x0800203c       0x84 C:\Users\Than\AppData\Local\Temp\VMBuilds\DriverConveyor\STM32_genericSTM32F103C\Debug\core.a(usb_core.c.o)
                0x0800203c                Standard_SetEndPointFeature
 .text.Standard_SetDeviceFeature
                0x080020c0       0x24 C:\Users\Than\AppData\Local\Temp\VMBuilds\DriverConveyor\STM32_genericSTM32F103C\Debug\core.a(usb_core.c.o)
                0x080020c0                Standard_SetDeviceFeature
 .text.Standard_GetDescriptorData
                0x080020e4       0x1c C:\Users\Than\AppData\Local\Temp\VMBuilds\DriverConveyor\STM32_genericSTM32F103C\Debug\core.a(usb_core.c.o)
                0x080020e4                Standard_GetDescriptorData
 .text.Post0_Process
                0x08002100       0x40 C:\Users\Than\AppData\Local\Temp\VMBuilds\DriverConveyor\STM32_genericSTM32F103C\Debug\core.a(usb_core.c.o)
                0x08002100                Post0_Process
 .text.Setup0_Process
                0x08002140      0x2d0 C:\Users\Than\AppData\Local\Temp\VMBuilds\DriverConveyor\STM32_genericSTM32F103C\Debug\core.a(usb_core.c.o)
                0x08002140                Setup0_Process
 .text.Out0_Process
                0x08002410       0xc8 C:\Users\Than\AppData\Local\Temp\VMBuilds\DriverConveyor\STM32_genericSTM32F103C\Debug\core.a(usb_core.c.o)
                0x08002410                Out0_Process
 .text.SetDeviceAddress
                0x080024d8       0x38 C:\Users\Than\AppData\Local\Temp\VMBuilds\DriverConveyor\STM32_genericSTM32F103C\Debug\core.a(usb_core.c.o)
                0x080024d8                SetDeviceAddress
 .text.In0_Process
                0x08002510       0x5c C:\Users\Than\AppData\Local\Temp\VMBuilds\DriverConveyor\STM32_genericSTM32F103C\Debug\core.a(usb_core.c.o)
                0x08002510                In0_Process
 .text.NOP_Process
                0x0800256c        0x2 C:\Users\Than\AppData\Local\Temp\VMBuilds\DriverConveyor\STM32_genericSTM32F103C\Debug\core.a(usb_core.c.o)
                0x0800256c                NOP_Process
 .text.UserToPMABufferCopy
                0x0800256e       0x30 C:\Users\Than\AppData\Local\Temp\VMBuilds\DriverConveyor\STM32_genericSTM32F103C\Debug\core.a(usb_mem.c.o)
                0x0800256e                UserToPMABufferCopy
 .text.PMAToUserBufferCopy
                0x0800259e       0x24 C:\Users\Than\AppData\Local\Temp\VMBuilds\DriverConveyor\STM32_genericSTM32F103C\Debug\core.a(usb_mem.c.o)
                0x0800259e                PMAToUserBufferCopy
 .text.SetEPTxStatus
                0x080025c2       0x2a C:\Users\Than\AppData\Local\Temp\VMBuilds\DriverConveyor\STM32_genericSTM32F103C\Debug\core.a(usb_regs.c.o)
                0x080025c2                SetEPTxStatus
 .text.ClearDTOG_RX
                0x080025ec       0x20 C:\Users\Than\AppData\Local\Temp\VMBuilds\DriverConveyor\STM32_genericSTM32F103C\Debug\core.a(usb_regs.c.o)
                0x080025ec                ClearDTOG_RX
 .text.ClearDTOG_TX
                0x0800260c       0x20 C:\Users\Than\AppData\Local\Temp\VMBuilds\DriverConveyor\STM32_genericSTM32F103C\Debug\core.a(usb_regs.c.o)
                0x0800260c                ClearDTOG_TX
 .text.GetEPTxAddr
                0x0800262c       0x1c C:\Users\Than\AppData\Local\Temp\VMBuilds\DriverConveyor\STM32_genericSTM32F103C\Debug\core.a(usb_regs.c.o)
                0x0800262c                GetEPTxAddr
 .text.GetEPRxAddr
                0x08002648       0x1c C:\Users\Than\AppData\Local\Temp\VMBuilds\DriverConveyor\STM32_genericSTM32F103C\Debug\core.a(usb_regs.c.o)
                0x08002648                GetEPRxAddr
 .text.SetEPTxCount
                0x08002664       0x1c C:\Users\Than\AppData\Local\Temp\VMBuilds\DriverConveyor\STM32_genericSTM32F103C\Debug\core.a(usb_regs.c.o)
                0x08002664                SetEPTxCount
 .text.SetEPRxCount
                0x08002680       0x40 C:\Users\Than\AppData\Local\Temp\VMBuilds\DriverConveyor\STM32_genericSTM32F103C\Debug\core.a(usb_regs.c.o)
                0x08002680                SetEPRxCount
 .text._Z15attachInterrupthPFvvE17ExtIntTriggerMode
                0x080026c0       0x3c C:\Users\Than\AppData\Local\Temp\VMBuilds\DriverConveyor\STM32_genericSTM32F103C\Debug\core.a(ext_interrupts.cpp.o)
                0x080026c0                attachInterrupt(unsigned char, void (*)(), ExtIntTriggerMode)
 .text.rb_full_count
                0x080026fc       0x22 C:\Users\Than\AppData\Local\Temp\VMBuilds\DriverConveyor\STM32_genericSTM32F103C\Debug\core.a(HardwareSerial.cpp.o)
 .text._ZN14HardwareSerial4readEv
                0x0800271e       0x3a C:\Users\Than\AppData\Local\Temp\VMBuilds\DriverConveyor\STM32_genericSTM32F103C\Debug\core.a(HardwareSerial.cpp.o)
                0x0800271e                HardwareSerial::read()
 .text._ZN14HardwareSerial9availableEv
                0x08002758        0xc C:\Users\Than\AppData\Local\Temp\VMBuilds\DriverConveyor\STM32_genericSTM32F103C\Debug\core.a(HardwareSerial.cpp.o)
                0x08002758                HardwareSerial::available()
 .text._ZN14HardwareSerial4peekEv
                0x08002764       0x22 C:\Users\Than\AppData\Local\Temp\VMBuilds\DriverConveyor\STM32_genericSTM32F103C\Debug\core.a(HardwareSerial.cpp.o)
                0x08002764                HardwareSerial::peek()
 .text._ZN14HardwareSerial5flushEv
                0x08002786       0x1a C:\Users\Than\AppData\Local\Temp\VMBuilds\DriverConveyor\STM32_genericSTM32F103C\Debug\core.a(HardwareSerial.cpp.o)
                0x08002786                HardwareSerial::flush()
 .text._ZN14HardwareSerial5writeEh
                0x080027a0       0x1e C:\Users\Than\AppData\Local\Temp\VMBuilds\DriverConveyor\STM32_genericSTM32F103C\Debug\core.a(HardwareSerial.cpp.o)
                0x080027a0                HardwareSerial::write(unsigned char)
 *fill*         0x080027be        0x2 
 .text._ZN14HardwareSerialC2EP9usart_devhh
                0x080027c0       0x1c C:\Users\Than\AppData\Local\Temp\VMBuilds\DriverConveyor\STM32_genericSTM32F103C\Debug\core.a(HardwareSerial.cpp.o)
                0x080027c0                HardwareSerial::HardwareSerial(usart_dev*, unsigned char, unsigned char)
                0x080027c0                HardwareSerial::HardwareSerial(usart_dev*, unsigned char, unsigned char)
 .text._ZN14HardwareSerial5beginEmh
                0x080027dc       0x78 C:\Users\Than\AppData\Local\Temp\VMBuilds\DriverConveyor\STM32_genericSTM32F103C\Debug\core.a(HardwareSerial.cpp.o)
                0x080027dc                HardwareSerial::begin(unsigned long, unsigned char)
 .text._ZN14HardwareSerial5beginEm
                0x08002854        0x6 C:\Users\Than\AppData\Local\Temp\VMBuilds\DriverConveyor\STM32_genericSTM32F103C\Debug\core.a(HardwareSerial.cpp.o)
                0x08002854                HardwareSerial::begin(unsigned long)
 .text.startup._Z7premainv
                0x0800285a        0x4 C:\Users\Than\AppData\Local\Temp\VMBuilds\DriverConveyor\STM32_genericSTM32F103C\Debug\core.a(main.cpp.o)
                0x0800285a                premain()
 .text.startup.main
                0x0800285e        0xc C:\Users\Than\AppData\Local\Temp\VMBuilds\DriverConveyor\STM32_genericSTM32F103C\Debug\core.a(main.cpp.o)
                0x0800285e                main
 .text._ZN5Print5writeEPKvm
                0x0800286a       0x20 C:\Users\Than\AppData\Local\Temp\VMBuilds\DriverConveyor\STM32_genericSTM32F103C\Debug\core.a(Print.cpp.o)
                0x0800286a                Print::write(void const*, unsigned long)
 .text._ZN5Print5writeEPKc
                0x0800288a       0x1e C:\Users\Than\AppData\Local\Temp\VMBuilds\DriverConveyor\STM32_genericSTM32F103C\Debug\core.a(Print.cpp.o)
                0x0800288a                Print::write(char const*)
 .text._ZN5Print5printEc
                0x080028a8        0xa C:\Users\Than\AppData\Local\Temp\VMBuilds\DriverConveyor\STM32_genericSTM32F103C\Debug\core.a(Print.cpp.o)
                0x080028a8                Print::print(char)
 .text._ZN5Print5printEPKc
                0x080028b2        0xa C:\Users\Than\AppData\Local\Temp\VMBuilds\DriverConveyor\STM32_genericSTM32F103C\Debug\core.a(Print.cpp.o)
                0x080028b2                Print::print(char const*)
 .text._ZN5Print7printlnEv
                0x080028bc       0x18 C:\Users\Than\AppData\Local\Temp\VMBuilds\DriverConveyor\STM32_genericSTM32F103C\Debug\core.a(Print.cpp.o)
                0x080028bc                Print::println()
 .text._ZN5Print7printlnEPKc
                0x080028d4       0x14 C:\Users\Than\AppData\Local\Temp\VMBuilds\DriverConveyor\STM32_genericSTM32F103C\Debug\core.a(Print.cpp.o)
                0x080028d4                Print::println(char const*)
 .text._ZN5Print11printNumberEyh
                0x080028e8       0x84 C:\Users\Than\AppData\Local\Temp\VMBuilds\DriverConveyor\STM32_genericSTM32F103C\Debug\core.a(Print.cpp.o)
                0x080028e8                Print::printNumber(unsigned long long, unsigned char)
 .text._ZN5Print5printExi
                0x0800296c       0x32 C:\Users\Than\AppData\Local\Temp\VMBuilds\DriverConveyor\STM32_genericSTM32F103C\Debug\core.a(Print.cpp.o)
                0x0800296c                Print::print(long long, int)
 .text._ZN5Print5printEii
                0x0800299e       0x12 C:\Users\Than\AppData\Local\Temp\VMBuilds\DriverConveyor\STM32_genericSTM32F103C\Debug\core.a(Print.cpp.o)
                0x0800299e                Print::print(int, int)
 .text._ZN5Print10printFloatEdh
                0x080029b0      0x158 C:\Users\Than\AppData\Local\Temp\VMBuilds\DriverConveyor\STM32_genericSTM32F103C\Debug\core.a(Print.cpp.o)
                0x080029b0                Print::printFloat(double, unsigned char)
 .text._ZN5Print7printlnEdi
                0x08002b08       0x1c C:\Users\Than\AppData\Local\Temp\VMBuilds\DriverConveyor\STM32_genericSTM32F103C\Debug\core.a(Print.cpp.o)
                0x08002b08                Print::println(double, int)
 .text._Z8pwmWriteht
                0x08002b24       0x24 C:\Users\Than\AppData\Local\Temp\VMBuilds\DriverConveyor\STM32_genericSTM32F103C\Debug\core.a(pwm.cpp.o)
                0x08002b24                pwmWrite(unsigned char, unsigned short)
 .text._Z11analogWritehi
                0x08002b48       0x1c C:\Users\Than\AppData\Local\Temp\VMBuilds\DriverConveyor\STM32_genericSTM32F103C\Debug\core.a(pwm.cpp.o)
                0x08002b48                analogWrite(unsigned char, int)
 .text._Z11digitalReadh
                0x08002b64       0x2c C:\Users\Than\AppData\Local\Temp\VMBuilds\DriverConveyor\STM32_genericSTM32F103C\Debug\core.a(wirish_digital.cpp.o)
                0x08002b64                digitalRead(unsigned char)
 .text._Z12digitalWritehh
                0x08002b90       0x2c C:\Users\Than\AppData\Local\Temp\VMBuilds\DriverConveyor\STM32_genericSTM32F103C\Debug\core.a(wirish_digital.cpp.o)
                0x08002b90                digitalWrite(unsigned char, unsigned char)
 .text._ZN6StringD2Ev
                0x08002bbc        0xe C:\Users\Than\AppData\Local\Temp\VMBuilds\DriverConveyor\STM32_genericSTM32F103C\Debug\core.a(WString.cpp.o)
                0x08002bbc                String::~String()
                0x08002bbc                String::~String()
 .text._ZN6String10invalidateEv
                0x08002bca       0x16 C:\Users\Than\AppData\Local\Temp\VMBuilds\DriverConveyor\STM32_genericSTM32F103C\Debug\core.a(WString.cpp.o)
                0x08002bca                String::invalidate()
 .text._ZN6String12changeBufferEj
                0x08002be0       0x18 C:\Users\Than\AppData\Local\Temp\VMBuilds\DriverConveyor\STM32_genericSTM32F103C\Debug\core.a(WString.cpp.o)
                0x08002be0                String::changeBuffer(unsigned int)
 .text._ZN6String7reserveEj
                0x08002bf8       0x22 C:\Users\Than\AppData\Local\Temp\VMBuilds\DriverConveyor\STM32_genericSTM32F103C\Debug\core.a(WString.cpp.o)
                0x08002bf8                String::reserve(unsigned int)
 .text._ZN6String4copyEPKcj
                0x08002c1a       0x26 C:\Users\Than\AppData\Local\Temp\VMBuilds\DriverConveyor\STM32_genericSTM32F103C\Debug\core.a(WString.cpp.o)
                0x08002c1a                String::copy(char const*, unsigned int)
 .text._ZN6StringC2EPKc
                0x08002c40       0x24 C:\Users\Than\AppData\Local\Temp\VMBuilds\DriverConveyor\STM32_genericSTM32F103C\Debug\core.a(WString.cpp.o)
                0x08002c40                String::String(char const*)
                0x08002c40                String::String(char const*)
 .text._ZN6StringaSEPKc
                0x08002c64       0x22 C:\Users\Than\AppData\Local\Temp\VMBuilds\DriverConveyor\STM32_genericSTM32F103C\Debug\core.a(WString.cpp.o)
                0x08002c64                String::operator=(char const*)
 .text._ZN6String6concatEPKcj
                0x08002c86       0x2e C:\Users\Than\AppData\Local\Temp\VMBuilds\DriverConveyor\STM32_genericSTM32F103C\Debug\core.a(WString.cpp.o)
                0x08002c86                String::concat(char const*, unsigned int)
 .text._ZN6String6concatEc
                0x08002cb4       0x1a C:\Users\Than\AppData\Local\Temp\VMBuilds\DriverConveyor\STM32_genericSTM32F103C\Debug\core.a(WString.cpp.o)
                0x08002cb4                String::concat(char)
 .text._ZNK6String6equalsEPKc
                0x08002cce       0x26 C:\Users\Than\AppData\Local\Temp\VMBuilds\DriverConveyor\STM32_genericSTM32F103C\Debug\core.a(WString.cpp.o)
                0x08002cce                String::equals(char const*) const
 .text._ZNK6String9substringEjj
                0x08002cf4       0x4c C:\Users\Than\AppData\Local\Temp\VMBuilds\DriverConveyor\STM32_genericSTM32F103C\Debug\core.a(WString.cpp.o)
                0x08002cf4                String::substring(unsigned int, unsigned int) const
 .text._ZNK6String7toFloatEv
                0x08002d40       0x14 C:\Users\Than\AppData\Local\Temp\VMBuilds\DriverConveyor\STM32_genericSTM32F103C\Debug\core.a(WString.cpp.o)
                0x08002d40                String::toFloat() const
 .text._Z7pinModeh13WiringPinMode
                0x08002d54       0x84 C:\Users\Than\AppData\Local\Temp\VMBuilds\DriverConveyor\STM32_genericSTM32F103C\Debug\core.a(wirish_digital_f1.cpp.o)
                0x08002d54                pinMode(unsigned char, WiringPinMode)
 .text.gpio_init
                0x08002dd8       0x14 C:\Users\Than\AppData\Local\Temp\VMBuilds\DriverConveyor\STM32_genericSTM32F103C\Debug\core.a(gpio.c.o)
                0x08002dd8                gpio_init
 .text.i2c_start_condition
                0x08002dec       0x14 C:\Users\Than\AppData\Local\Temp\VMBuilds\DriverConveyor\STM32_genericSTM32F103C\Debug\core.a(i2c.c.o)
 .text.i2c_stop_condition
                0x08002e00       0x1c C:\Users\Than\AppData\Local\Temp\VMBuilds\DriverConveyor\STM32_genericSTM32F103C\Debug\core.a(i2c.c.o)
 .text._i2c_irq_handler
                0x08002e1c      0x16c C:\Users\Than\AppData\Local\Temp\VMBuilds\DriverConveyor\STM32_genericSTM32F103C\Debug\core.a(i2c.c.o)
                0x08002e1c                _i2c_irq_handler
 .text._i2c_irq_error_handler
                0x08002f88       0x2a C:\Users\Than\AppData\Local\Temp\VMBuilds\DriverConveyor\STM32_genericSTM32F103C\Debug\core.a(i2c.c.o)
                0x08002f88                _i2c_irq_error_handler
 *fill*         0x08002fb2        0x2 
 .text.usart_init
                0x08002fb4       0x4c C:\Users\Than\AppData\Local\Temp\VMBuilds\DriverConveyor\STM32_genericSTM32F103C\Debug\core.a(usart.c.o)
                0x08002fb4                usart_init
 .text.usart_enable
                0x08003000       0x14 C:\Users\Than\AppData\Local\Temp\VMBuilds\DriverConveyor\STM32_genericSTM32F103C\Debug\core.a(usart.c.o)
                0x08003000                usart_enable
 .text.usart_tx
                0x08003014       0x9c C:\Users\Than\AppData\Local\Temp\VMBuilds\DriverConveyor\STM32_genericSTM32F103C\Debug\core.a(usart.c.o)
                0x08003014                usart_tx
 .text.__aeabi_atexit
                0x080030b0        0xc c:/users/than/appdata/local/arduino15/packages/arduino/tools/arm-none-eabi-gcc/4.8.3-2014q1/bin/../lib/gcc/arm-none-eabi/4.8.3/../../../../arm-none-eabi/lib/armv7-m\libstdc++.a(atexit_arm.o)
                0x080030b0                __aeabi_atexit
 .text          0x080030bc      0x370 c:/users/than/appdata/local/arduino15/packages/arduino/tools/arm-none-eabi-gcc/4.8.3-2014q1/bin/../lib/gcc/arm-none-eabi/4.8.3/armv7-m\libgcc.a(_arm_addsubdf3.o)
                0x080030bc                __aeabi_drsub
                0x080030c4                __aeabi_dsub
                0x080030c4                __subdf3
                0x080030c8                __aeabi_dadd
                0x080030c8                __adddf3
                0x08003340                __floatunsidf
                0x08003340                __aeabi_ui2d
                0x08003360                __floatsidf
                0x08003360                __aeabi_i2d
                0x08003384                __aeabi_f2d
                0x08003384                __extendsfdf2
                0x080033c0                __floatundidf
                0x080033c0                __aeabi_ul2d
                0x080033d0                __floatdidf
                0x080033d0                __aeabi_l2d
 .text          0x0800342c      0x424 c:/users/than/appdata/local/arduino15/packages/arduino/tools/arm-none-eabi-gcc/4.8.3-2014q1/bin/../lib/gcc/arm-none-eabi/4.8.3/armv7-m\libgcc.a(_arm_muldivdf3.o)
                0x0800342c                __aeabi_dmul
                0x0800342c                __muldf3
                0x08003680                __divdf3
                0x08003680                __aeabi_ddiv
 .text          0x08003850      0x110 c:/users/than/appdata/local/arduino15/packages/arduino/tools/arm-none-eabi-gcc/4.8.3-2014q1/bin/../lib/gcc/arm-none-eabi/4.8.3/armv7-m\libgcc.a(_arm_cmpdf2.o)
                0x08003850                __gtdf2
                0x08003850                __gedf2
                0x08003858                __ltdf2
                0x08003858                __ledf2
                0x08003860                __nedf2
                0x08003860                __eqdf2
                0x08003860                __cmpdf2
                0x080038dc                __aeabi_cdrcmple
                0x080038ec                __aeabi_cdcmpeq
                0x080038ec                __aeabi_cdcmple
                0x080038fc                __aeabi_dcmpeq
                0x08003910                __aeabi_dcmplt
                0x08003924                __aeabi_dcmple
                0x08003938                __aeabi_dcmpge
                0x0800394c                __aeabi_dcmpgt
 .text          0x08003960       0x50 c:/users/than/appdata/local/arduino15/packages/arduino/tools/arm-none-eabi-gcc/4.8.3-2014q1/bin/../lib/gcc/arm-none-eabi/4.8.3/armv7-m\libgcc.a(_arm_fixdfsi.o)
                0x08003960                __aeabi_d2iz
                0x08003960                __fixdfsi
 .text          0x080039b0       0xa0 c:/users/than/appdata/local/arduino15/packages/arduino/tools/arm-none-eabi-gcc/4.8.3-2014q1/bin/../lib/gcc/arm-none-eabi/4.8.3/armv7-m\libgcc.a(_arm_truncdfsf2.o)
                0x080039b0                __truncdfsf2
                0x080039b0                __aeabi_d2f
 .text          0x08003a50      0x21c c:/users/than/appdata/local/arduino15/packages/arduino/tools/arm-none-eabi-gcc/4.8.3-2014q1/bin/../lib/gcc/arm-none-eabi/4.8.3/armv7-m\libgcc.a(_arm_addsubsf3.o)
                0x08003a50                __aeabi_frsub
                0x08003a58                __subsf3
                0x08003a58                __aeabi_fsub
                0x08003a5c                __aeabi_fadd
                0x08003a5c                __addsf3
                0x08003bbc                __aeabi_ui2f
                0x08003bbc                __floatunsisf
                0x08003bc4                __aeabi_i2f
                0x08003bc4                __floatsisf
                0x08003be0                __aeabi_ul2f
                0x08003be0                __floatundisf
                0x08003bf0                __aeabi_l2f
                0x08003bf0                __floatdisf
 .text          0x08003c6c      0x2a0 c:/users/than/appdata/local/arduino15/packages/arduino/tools/arm-none-eabi-gcc/4.8.3-2014q1/bin/../lib/gcc/arm-none-eabi/4.8.3/armv7-m\libgcc.a(_arm_muldivsf3.o)
                0x08003c6c                __mulsf3
                0x08003c6c                __aeabi_fmul
                0x08003dd4                __aeabi_fdiv
                0x08003dd4                __divsf3
 .text          0x08003f0c       0xec c:/users/than/appdata/local/arduino15/packages/arduino/tools/arm-none-eabi-gcc/4.8.3-2014q1/bin/../lib/gcc/arm-none-eabi/4.8.3/armv7-m\libgcc.a(_arm_cmpsf2.o)
                0x08003f0c                __gesf2
                0x08003f0c                __gtsf2
                0x08003f14                __lesf2
                0x08003f14                __ltsf2
                0x08003f1c                __nesf2
                0x08003f1c                __eqsf2
                0x08003f1c                __cmpsf2
                0x08003f7c                __aeabi_cfrcmple
                0x08003f84                __aeabi_cfcmpeq
                0x08003f84                __aeabi_cfcmple
                0x08003f94                __aeabi_fcmpeq
                0x08003fa8                __aeabi_fcmplt
                0x08003fbc                __aeabi_fcmple
                0x08003fd0                __aeabi_fcmpge
                0x08003fe4                __aeabi_fcmpgt
 .text          0x08003ff8       0x4c c:/users/than/appdata/local/arduino15/packages/arduino/tools/arm-none-eabi-gcc/4.8.3-2014q1/bin/../lib/gcc/arm-none-eabi/4.8.3/armv7-m\libgcc.a(_arm_fixsfsi.o)
                0x08003ff8                __aeabi_f2iz
                0x08003ff8                __fixsfsi
 .text          0x08004044       0x40 c:/users/than/appdata/local/arduino15/packages/arduino/tools/arm-none-eabi-gcc/4.8.3-2014q1/bin/../lib/gcc/arm-none-eabi/4.8.3/armv7-m\libgcc.a(_arm_fixunssfsi.o)
                0x08004044                __fixunssfsi
                0x08004044                __aeabi_f2uiz
 .text          0x08004084       0x2c c:/users/than/appdata/local/arduino15/packages/arduino/tools/arm-none-eabi-gcc/4.8.3-2014q1/bin/../lib/gcc/arm-none-eabi/4.8.3/armv7-m\libgcc.a(_aeabi_uldivmod.o)
                0x08004084                __aeabi_uldivmod
 .text          0x080040b0       0x30 c:/users/than/appdata/local/arduino15/packages/arduino/tools/arm-none-eabi-gcc/4.8.3-2014q1/bin/../lib/gcc/arm-none-eabi/4.8.3/armv7-m\libgcc.a(_fixdfdi.o)
                0x080040b0                __fixdfdi
                0x080040b0                __aeabi_d2lz
 .text          0x080040e0       0x44 c:/users/than/appdata/local/arduino15/packages/arduino/tools/arm-none-eabi-gcc/4.8.3-2014q1/bin/../lib/gcc/arm-none-eabi/4.8.3/armv7-m\libgcc.a(_fixunsdfdi.o)
                0x080040e0                __fixunsdfdi
                0x080040e0                __aeabi_d2ulz
 .text          0x08004124       0x60 c:/users/than/appdata/local/arduino15/packages/arduino/tools/arm-none-eabi-gcc/4.8.3-2014q1/bin/../lib/gcc/arm-none-eabi/4.8.3/armv7-m\libgcc.a(bpabi.o)
                0x08004124                __gnu_ldivmod_helper
                0x08004154                __gnu_uldivmod_helper
 .text          0x08004184        0x4 c:/users/than/appdata/local/arduino15/packages/arduino/tools/arm-none-eabi-gcc/4.8.3-2014q1/bin/../lib/gcc/arm-none-eabi/4.8.3/armv7-m\libgcc.a(_dvmd_tls.o)
                0x08004184                __aeabi_idiv0
                0x08004184                __aeabi_ldiv0
 .text          0x08004188       0x40 c:/users/than/appdata/local/arduino15/packages/arduino/tools/arm-none-eabi-gcc/4.8.3-2014q1/bin/../lib/gcc/arm-none-eabi/4.8.3/armv7-m\libgcc.a(_arm_fixunsdfsi.o)
                0x08004188                __aeabi_d2uiz
                0x08004188                __fixunsdfsi
 .text          0x080041c8      0x2a0 c:/users/than/appdata/local/arduino15/packages/arduino/tools/arm-none-eabi-gcc/4.8.3-2014q1/bin/../lib/gcc/arm-none-eabi/4.8.3/armv7-m\libgcc.a(_divdi3.o)
                0x080041c8                __divdi3
 .text          0x08004468      0x290 c:/users/than/appdata/local/arduino15/packages/arduino/tools/arm-none-eabi-gcc/4.8.3-2014q1/bin/../lib/gcc/arm-none-eabi/4.8.3/armv7-m\libgcc.a(_udivdi3.o)
                0x08004468                __udivdi3
 .text.atof     0x080046f8        0x8 c:/users/than/appdata/local/arduino15/packages/arduino/tools/arm-none-eabi-gcc/4.8.3-2014q1/bin/../lib/gcc/arm-none-eabi/4.8.3/../../../../arm-none-eabi/lib/armv7-m\libc.a(lib_a-atof.o)
                0x080046f8                atof
 .text.__cxa_atexit
                0x08004700       0x14 c:/users/than/appdata/local/arduino15/packages/arduino/tools/arm-none-eabi-gcc/4.8.3-2014q1/bin/../lib/gcc/arm-none-eabi/4.8.3/../../../../arm-none-eabi/lib/armv7-m\libc.a(lib_a-cxa_atexit.o)
                0x08004700                __cxa_atexit
 .text.__errno  0x08004714        0xc c:/users/than/appdata/local/arduino15/packages/arduino/tools/arm-none-eabi-gcc/4.8.3-2014q1/bin/../lib/gcc/arm-none-eabi/4.8.3/../../../../arm-none-eabi/lib/armv7-m\libc.a(lib_a-errno.o)
                0x08004714                __errno
 .text.exit     0x08004720       0x20 c:/users/than/appdata/local/arduino15/packages/arduino/tools/arm-none-eabi-gcc/4.8.3-2014q1/bin/../lib/gcc/arm-none-eabi/4.8.3/../../../../arm-none-eabi/lib/armv7-m\libc.a(lib_a-exit.o)
                0x08004720                exit
 .text.__libc_init_array
                0x08004740       0x50 c:/users/than/appdata/local/arduino15/packages/arduino/tools/arm-none-eabi-gcc/4.8.3-2014q1/bin/../lib/gcc/arm-none-eabi/4.8.3/../../../../arm-none-eabi/lib/armv7-m\libc.a(lib_a-init.o)
                0x08004740                __libc_init_array
 .text.malloc   0x08004790       0x10 c:/users/than/appdata/local/arduino15/packages/arduino/tools/arm-none-eabi-gcc/4.8.3-2014q1/bin/../lib/gcc/arm-none-eabi/4.8.3/../../../../arm-none-eabi/lib/armv7-m\libc.a(lib_a-malloc.o)
                0x08004790                malloc
 .text.free     0x080047a0       0x10 c:/users/than/appdata/local/arduino15/packages/arduino/tools/arm-none-eabi-gcc/4.8.3-2014q1/bin/../lib/gcc/arm-none-eabi/4.8.3/../../../../arm-none-eabi/lib/armv7-m\libc.a(lib_a-malloc.o)
                0x080047a0                free
 .text._malloc_r
                0x080047b0      0x538 c:/users/than/appdata/local/arduino15/packages/arduino/tools/arm-none-eabi-gcc/4.8.3-2014q1/bin/../lib/gcc/arm-none-eabi/4.8.3/../../../../arm-none-eabi/lib/armv7-m\libc.a(lib_a-mallocr.o)
                0x080047b0                _malloc_r
 .text          0x08004ce8       0xec c:/users/than/appdata/local/arduino15/packages/arduino/tools/arm-none-eabi-gcc/4.8.3-2014q1/bin/../lib/gcc/arm-none-eabi/4.8.3/../../../../arm-none-eabi/lib/armv7-m\libc.a(lib_a-memcpy.o)
                0x08004ce8                memcpy
 .text.memmove  0x08004dd4       0xcc c:/users/than/appdata/local/arduino15/packages/arduino/tools/arm-none-eabi-gcc/4.8.3-2014q1/bin/../lib/gcc/arm-none-eabi/4.8.3/../../../../arm-none-eabi/lib/armv7-m\libc.a(lib_a-memmove.o)
                0x08004dd4                memmove
 .text.memset   0x08004ea0       0x94 c:/users/than/appdata/local/arduino15/packages/arduino/tools/arm-none-eabi-gcc/4.8.3-2014q1/bin/../lib/gcc/arm-none-eabi/4.8.3/../../../../arm-none-eabi/lib/armv7-m\libc.a(lib_a-memset.o)
                0x08004ea0                memset
 .text.__malloc_lock
                0x08004f34        0x4 c:/users/than/appdata/local/arduino15/packages/arduino/tools/arm-none-eabi-gcc/4.8.3-2014q1/bin/../lib/gcc/arm-none-eabi/4.8.3/../../../../arm-none-eabi/lib/armv7-m\libc.a(lib_a-mlock.o)
                0x08004f34                __malloc_lock
 .text.__malloc_unlock
                0x08004f38        0x4 c:/users/than/appdata/local/arduino15/packages/arduino/tools/arm-none-eabi-gcc/4.8.3-2014q1/bin/../lib/gcc/arm-none-eabi/4.8.3/../../../../arm-none-eabi/lib/armv7-m\libc.a(lib_a-mlock.o)
                0x08004f38                __malloc_unlock
 .text.realloc  0x08004f3c       0x10 c:/users/than/appdata/local/arduino15/packages/arduino/tools/arm-none-eabi-gcc/4.8.3-2014q1/bin/../lib/gcc/arm-none-eabi/4.8.3/../../../../arm-none-eabi/lib/armv7-m\libc.a(lib_a-realloc.o)
                0x08004f3c                realloc
 .text._realloc_r
                0x08004f4c      0x3c0 c:/users/than/appdata/local/arduino15/packages/arduino/tools/arm-none-eabi-gcc/4.8.3-2014q1/bin/../lib/gcc/arm-none-eabi/4.8.3/../../../../arm-none-eabi/lib/armv7-m\libc.a(lib_a-reallocr.o)
                0x08004f4c                _realloc_r
 .text._sbrk_r  0x0800530c       0x24 c:/users/than/appdata/local/arduino15/packages/arduino/tools/arm-none-eabi-gcc/4.8.3-2014q1/bin/../lib/gcc/arm-none-eabi/4.8.3/../../../../arm-none-eabi/lib/armv7-m\libc.a(lib_a-sbrkr.o)
                0x0800530c                _sbrk_r
 .text          0x08005330      0x23c c:/users/than/appdata/local/arduino15/packages/arduino/tools/arm-none-eabi-gcc/4.8.3-2014q1/bin/../lib/gcc/arm-none-eabi/4.8.3/../../../../arm-none-eabi/lib/armv7-m\libc.a(lib_a-strcmp.o)
                0x08005330                strcmp
 .text.strcpy   0x0800556c       0xbc c:/users/than/appdata/local/arduino15/packages/arduino/tools/arm-none-eabi-gcc/4.8.3-2014q1/bin/../lib/gcc/arm-none-eabi/4.8.3/../../../../arm-none-eabi/lib/armv7-m\libc.a(lib_a-strcpy.o)
                0x0800556c                strcpy
 .text.strlen   0x08005628       0x60 c:/users/than/appdata/local/arduino15/packages/arduino/tools/arm-none-eabi-gcc/4.8.3-2014q1/bin/../lib/gcc/arm-none-eabi/4.8.3/../../../../arm-none-eabi/lib/armv7-m\libc.a(lib_a-strlen.o)
                0x08005628                strlen
 .text.strncmp  0x08005688       0xb4 c:/users/than/appdata/local/arduino15/packages/arduino/tools/arm-none-eabi-gcc/4.8.3-2014q1/bin/../lib/gcc/arm-none-eabi/4.8.3/../../../../arm-none-eabi/lib/armv7-m\libc.a(lib_a-strncmp.o)
                0x08005688                strncmp
 .text.sulp     0x0800573c       0x40 c:/users/than/appdata/local/arduino15/packages/arduino/tools/arm-none-eabi-gcc/4.8.3-2014q1/bin/../lib/gcc/arm-none-eabi/4.8.3/../../../../arm-none-eabi/lib/armv7-m\libc.a(lib_a-strtod.o)
 *fill*         0x0800577c        0x4 
 .text._strtod_r
                0x08005780      0xf38 c:/users/than/appdata/local/arduino15/packages/arduino/tools/arm-none-eabi-gcc/4.8.3-2014q1/bin/../lib/gcc/arm-none-eabi/4.8.3/../../../../arm-none-eabi/lib/armv7-m\libc.a(lib_a-strtod.o)
                0x08005780                _strtod_r
 .text.strtod   0x080066b8       0x10 c:/users/than/appdata/local/arduino15/packages/arduino/tools/arm-none-eabi-gcc/4.8.3-2014q1/bin/../lib/gcc/arm-none-eabi/4.8.3/../../../../arm-none-eabi/lib/armv7-m\libc.a(lib_a-strtod.o)
                0x080066b8                strtod
 .text.__register_exitproc
                0x080066c8       0xa8 c:/users/than/appdata/local/arduino15/packages/arduino/tools/arm-none-eabi-gcc/4.8.3-2014q1/bin/../lib/gcc/arm-none-eabi/4.8.3/../../../../arm-none-eabi/lib/armv7-m\libc.a(lib_a-__atexit.o)
                0x080066c8                __register_exitproc
 .text.startup.register_fini
                0x08006770       0x14 c:/users/than/appdata/local/arduino15/packages/arduino/tools/arm-none-eabi-gcc/4.8.3-2014q1/bin/../lib/gcc/arm-none-eabi/4.8.3/../../../../arm-none-eabi/lib/armv7-m\libc.a(lib_a-__call_atexit.o)
 .text.__call_exitprocs
                0x08006784       0xf0 c:/users/than/appdata/local/arduino15/packages/arduino/tools/arm-none-eabi-gcc/4.8.3-2014q1/bin/../lib/gcc/arm-none-eabi/4.8.3/../../../../arm-none-eabi/lib/armv7-m\libc.a(lib_a-__call_atexit.o)
                0x08006784                __call_exitprocs
 .text.atexit   0x08006874        0xc c:/users/than/appdata/local/arduino15/packages/arduino/tools/arm-none-eabi-gcc/4.8.3-2014q1/bin/../lib/gcc/arm-none-eabi/4.8.3/../../../../arm-none-eabi/lib/armv7-m\libc.a(lib_a-atexit.o)
                0x08006874                atexit
 .text.__libc_fini_array
                0x08006880       0x30 c:/users/than/appdata/local/arduino15/packages/arduino/tools/arm-none-eabi-gcc/4.8.3-2014q1/bin/../lib/gcc/arm-none-eabi/4.8.3/../../../../arm-none-eabi/lib/armv7-m\libc.a(lib_a-fini.o)
                0x08006880                __libc_fini_array
 .text._malloc_trim_r
                0x080068b0       0x9c c:/users/than/appdata/local/arduino15/packages/arduino/tools/arm-none-eabi-gcc/4.8.3-2014q1/bin/../lib/gcc/arm-none-eabi/4.8.3/../../../../arm-none-eabi/lib/armv7-m\libc.a(lib_a-freer.o)
                0x080068b0                _malloc_trim_r
 .text._free_r  0x0800694c      0x198 c:/users/than/appdata/local/arduino15/packages/arduino/tools/arm-none-eabi-gcc/4.8.3-2014q1/bin/../lib/gcc/arm-none-eabi/4.8.3/../../../../arm-none-eabi/lib/armv7-m\libc.a(lib_a-freer.o)
                0x0800694c                _free_r
 .text.rshift   0x08006ae4       0xa0 c:/users/than/appdata/local/arduino15/packages/arduino/tools/arm-none-eabi-gcc/4.8.3-2014q1/bin/../lib/gcc/arm-none-eabi/4.8.3/../../../../arm-none-eabi/lib/armv7-m\libc.a(lib_a-gdtoa-gethex.o)
 .text.__gethex
                0x08006b84      0x52c c:/users/than/appdata/local/arduino15/packages/arduino/tools/arm-none-eabi-gcc/4.8.3-2014q1/bin/../lib/gcc/arm-none-eabi/4.8.3/../../../../arm-none-eabi/lib/armv7-m\libc.a(lib_a-gdtoa-gethex.o)
                0x08006b84                __gethex
 .text.__hexnan
                0x080070b0      0x194 c:/users/than/appdata/local/arduino15/packages/arduino/tools/arm-none-eabi-gcc/4.8.3-2014q1/bin/../lib/gcc/arm-none-eabi/4.8.3/../../../../arm-none-eabi/lib/armv7-m\libc.a(lib_a-gdtoa-hexnan.o)
                0x080070b0                __hexnan
 .text._localeconv_r
                0x08007244        0x8 c:/users/than/appdata/local/arduino15/packages/arduino/tools/arm-none-eabi-gcc/4.8.3-2014q1/bin/../lib/gcc/arm-none-eabi/4.8.3/../../../../arm-none-eabi/lib/armv7-m\libc.a(lib_a-locale.o)
                0x08007244                _localeconv_r
 .text._Balloc  0x0800724c       0x4c c:/users/than/appdata/local/arduino15/packages/arduino/tools/arm-none-eabi-gcc/4.8.3-2014q1/bin/../lib/gcc/arm-none-eabi/4.8.3/../../../../arm-none-eabi/lib/armv7-m\libc.a(lib_a-mprec.o)
                0x0800724c                _Balloc
 .text._Bfree   0x08007298       0x14 c:/users/than/appdata/local/arduino15/packages/arduino/tools/arm-none-eabi-gcc/4.8.3-2014q1/bin/../lib/gcc/arm-none-eabi/4.8.3/../../../../arm-none-eabi/lib/armv7-m\libc.a(lib_a-mprec.o)
                0x08007298                _Bfree
 .text.__multadd
                0x080072ac       0x94 c:/users/than/appdata/local/arduino15/packages/arduino/tools/arm-none-eabi-gcc/4.8.3-2014q1/bin/../lib/gcc/arm-none-eabi/4.8.3/../../../../arm-none-eabi/lib/armv7-m\libc.a(lib_a-mprec.o)
                0x080072ac                __multadd
 .text.__s2b    0x08007340       0x98 c:/users/than/appdata/local/arduino15/packages/arduino/tools/arm-none-eabi-gcc/4.8.3-2014q1/bin/../lib/gcc/arm-none-eabi/4.8.3/../../../../arm-none-eabi/lib/armv7-m\libc.a(lib_a-mprec.o)
                0x08007340                __s2b
 .text.__hi0bits
                0x080073d8       0x40 c:/users/than/appdata/local/arduino15/packages/arduino/tools/arm-none-eabi-gcc/4.8.3-2014q1/bin/../lib/gcc/arm-none-eabi/4.8.3/../../../../arm-none-eabi/lib/armv7-m\libc.a(lib_a-mprec.o)
                0x080073d8                __hi0bits
 .text.__lo0bits
                0x08007418       0x5c c:/users/than/appdata/local/arduino15/packages/arduino/tools/arm-none-eabi-gcc/4.8.3-2014q1/bin/../lib/gcc/arm-none-eabi/4.8.3/../../../../arm-none-eabi/lib/armv7-m\libc.a(lib_a-mprec.o)
                0x08007418                __lo0bits
 .text.__i2b    0x08007474       0x14 c:/users/than/appdata/local/arduino15/packages/arduino/tools/arm-none-eabi-gcc/4.8.3-2014q1/bin/../lib/gcc/arm-none-eabi/4.8.3/../../../../arm-none-eabi/lib/armv7-m\libc.a(lib_a-mprec.o)
                0x08007474                __i2b
 .text.__multiply
                0x08007488      0x13c c:/users/than/appdata/local/arduino15/packages/arduino/tools/arm-none-eabi-gcc/4.8.3-2014q1/bin/../lib/gcc/arm-none-eabi/4.8.3/../../../../arm-none-eabi/lib/armv7-m\libc.a(lib_a-mprec.o)
                0x08007488                __multiply
 .text.__pow5mult
                0x080075c4       0x9c c:/users/than/appdata/local/arduino15/packages/arduino/tools/arm-none-eabi-gcc/4.8.3-2014q1/bin/../lib/gcc/arm-none-eabi/4.8.3/../../../../arm-none-eabi/lib/armv7-m\libc.a(lib_a-mprec.o)
                0x080075c4                __pow5mult
 .text.__lshift
                0x08007660       0xbc c:/users/than/appdata/local/arduino15/packages/arduino/tools/arm-none-eabi-gcc/4.8.3-2014q1/bin/../lib/gcc/arm-none-eabi/4.8.3/../../../../arm-none-eabi/lib/armv7-m\libc.a(lib_a-mprec.o)
                0x08007660                __lshift
 .text.__mcmp   0x0800771c       0x48 c:/users/than/appdata/local/arduino15/packages/arduino/tools/arm-none-eabi-gcc/4.8.3-2014q1/bin/../lib/gcc/arm-none-eabi/4.8.3/../../../../arm-none-eabi/lib/armv7-m\libc.a(lib_a-mprec.o)
                0x0800771c                __mcmp
 .text.__mdiff  0x08007764       0xd8 c:/users/than/appdata/local/arduino15/packages/arduino/tools/arm-none-eabi-gcc/4.8.3-2014q1/bin/../lib/gcc/arm-none-eabi/4.8.3/../../../../arm-none-eabi/lib/armv7-m\libc.a(lib_a-mprec.o)
                0x08007764                __mdiff
 .text.__ulp    0x0800783c       0x40 c:/users/than/appdata/local/arduino15/packages/arduino/tools/arm-none-eabi-gcc/4.8.3-2014q1/bin/../lib/gcc/arm-none-eabi/4.8.3/../../../../arm-none-eabi/lib/armv7-m\libc.a(lib_a-mprec.o)
                0x0800783c                __ulp
 .text.__b2d    0x0800787c       0xb8 c:/users/than/appdata/local/arduino15/packages/arduino/tools/arm-none-eabi-gcc/4.8.3-2014q1/bin/../lib/gcc/arm-none-eabi/4.8.3/../../../../arm-none-eabi/lib/armv7-m\libc.a(lib_a-mprec.o)
                0x0800787c                __b2d
 .text.__d2b    0x08007934       0xbc c:/users/than/appdata/local/arduino15/packages/arduino/tools/arm-none-eabi-gcc/4.8.3-2014q1/bin/../lib/gcc/arm-none-eabi/4.8.3/../../../../arm-none-eabi/lib/armv7-m\libc.a(lib_a-mprec.o)
                0x08007934                __d2b
 .text.__ratio  0x080079f0       0x50 c:/users/than/appdata/local/arduino15/packages/arduino/tools/arm-none-eabi-gcc/4.8.3-2014q1/bin/../lib/gcc/arm-none-eabi/4.8.3/../../../../arm-none-eabi/lib/armv7-m\libc.a(lib_a-mprec.o)
                0x080079f0                __ratio
 .text.__copybits
                0x08007a40       0x48 c:/users/than/appdata/local/arduino15/packages/arduino/tools/arm-none-eabi-gcc/4.8.3-2014q1/bin/../lib/gcc/arm-none-eabi/4.8.3/../../../../arm-none-eabi/lib/armv7-m\libc.a(lib_a-mprec.o)
                0x08007a40                __copybits
 .text.__any_on
                0x08007a88       0x60 c:/users/than/appdata/local/arduino15/packages/arduino/tools/arm-none-eabi-gcc/4.8.3-2014q1/bin/../lib/gcc/arm-none-eabi/4.8.3/../../../../arm-none-eabi/lib/armv7-m\libc.a(lib_a-mprec.o)
                0x08007a88                __any_on
 .text._calloc_r
                0x08007ae8       0x60 c:/users/than/appdata/local/arduino15/packages/arduino/tools/arm-none-eabi-gcc/4.8.3-2014q1/bin/../lib/gcc/arm-none-eabi/4.8.3/../../../../arm-none-eabi/lib/armv7-m\libc.a(lib_a-callocr.o)
                0x08007ae8                _calloc_r
 *(.plt)
 *(.gnu.warning)
 *(.glue_7t)
 .glue_7t       0x00000000        0x0 linker stubs
 *(.glue_7)
 .glue_7        0x00000000        0x0 linker stubs
 *(.vfp11_veneer)
 .vfp11_veneer  0x00000000        0x0 linker stubs
 *(.ARM.extab* .gnu.linkonce.armextab.*)
 *(.gcc_except_table)
 *(.eh_frame_hdr)
 *(.eh_frame)
 .eh_frame      0x08007b48        0x0 c:/users/than/appdata/local/arduino15/packages/arduino/tools/arm-none-eabi-gcc/4.8.3-2014q1/bin/../lib/gcc/arm-none-eabi/4.8.3/armv7-m/crtbegin.o
                0x08007b48                . = ALIGN (0x4)
 *(.init)
 .init          0x08007b48        0x4 c:/users/than/appdata/local/arduino15/packages/arduino/tools/arm-none-eabi-gcc/4.8.3-2014q1/bin/../lib/gcc/arm-none-eabi/4.8.3/armv7-m/crti.o
                0x08007b48                _init
 .init          0x08007b4c        0x8 c:/users/than/appdata/local/arduino15/packages/arduino/tools/arm-none-eabi-gcc/4.8.3-2014q1/bin/../lib/gcc/arm-none-eabi/4.8.3/armv7-m/crtn.o
                0x08007b54                . = ALIGN (0x4)
                0x08007b54                __preinit_array_start = .
 *(.preinit_array)
                0x08007b54                __preinit_array_end = .
                0x08007b54                . = ALIGN (0x4)
                0x08007b54                __init_array_start = .
 *(SORT(.init_array.*))
 .init_array.00000
                0x08007b54        0x4 c:/users/than/appdata/local/arduino15/packages/arduino/tools/arm-none-eabi-gcc/4.8.3-2014q1/bin/../lib/gcc/arm-none-eabi/4.8.3/../../../../arm-none-eabi/lib/armv7-m\libc.a(lib_a-__call_atexit.o)
 .init_array.00101
                0x08007b58        0x4 C:\Users\Than\AppData\Local\Temp\VMBuilds\DriverConveyor\STM32_genericSTM32F103C\Debug\core.a(main.cpp.o)
 *(.init_array)
 .init_array    0x08007b5c        0x4 c:/users/than/appdata/local/arduino15/packages/arduino/tools/arm-none-eabi-gcc/4.8.3-2014q1/bin/../lib/gcc/arm-none-eabi/4.8.3/armv7-m/crtbegin.o
 .init_array    0x08007b60        0x4 DriverConveyor.cpp.o
 .init_array    0x08007b64        0x4 EEPROM\EEPROM.cpp.o
 .init_array    0x08007b68        0x4 C:\Users\Than\AppData\Local\Temp\VMBCore\arduino16x\d298b5a13073b2620a20b4a7ee76f89b\variant\board.cpp.o
                0x08007b6c                __init_array_end = .
                0x08007b6c                . = ALIGN (0x4)
 *crtbegin.o(.ctors)
 *(EXCLUDE_FILE(*crtend.o) .ctors)
 *(SORT(.ctors.*))
 *crtend.o(.ctors)
                0x08007b6c                . = ALIGN (0x4)
 *(.fini)
 .fini          0x08007b6c        0x4 c:/users/than/appdata/local/arduino15/packages/arduino/tools/arm-none-eabi-gcc/4.8.3-2014q1/bin/../lib/gcc/arm-none-eabi/4.8.3/armv7-m/crti.o
                0x08007b6c                _fini
 .fini          0x08007b70        0x8 c:/users/than/appdata/local/arduino15/packages/arduino/tools/arm-none-eabi-gcc/4.8.3-2014q1/bin/../lib/gcc/arm-none-eabi/4.8.3/armv7-m/crtn.o
                0x08007b78                . = ALIGN (0x4)
                0x08007b78                __fini_array_start = .
 *(.fini_array)
 .fini_array    0x08007b78        0x4 c:/users/than/appdata/local/arduino15/packages/arduino/tools/arm-none-eabi-gcc/4.8.3-2014q1/bin/../lib/gcc/arm-none-eabi/4.8.3/armv7-m/crtbegin.o
 *(SORT(.fini_array.*))
                0x08007b7c                __fini_array_end = .
 *crtbegin.o(.dtors)
 *(EXCLUDE_FILE(*crtend.o) .dtors)
 *(SORT(.dtors.*))
 *crtend.o(.dtors)

.v4_bx          0x08007b7c        0x0
 .v4_bx         0x00000000        0x0 linker stubs

.iplt           0x08007b7c        0x0
 .iplt          0x00000000        0x0 c:/users/than/appdata/local/arduino15/packages/arduino/tools/arm-none-eabi-gcc/4.8.3-2014q1/bin/../lib/gcc/arm-none-eabi/4.8.3/armv7-m/crtbegin.o

.text.align     0x08007b7c        0x4
                0x08007b80                . = ALIGN (0x8)
 *fill*         0x08007b7c        0x4 
                0x08007b80                __text_end__ = .
                0x08007b80                __exidx_start = .

.ARM.exidx      0x08007b80        0x8
 *(.ARM.exidx* .gnu.linkonce.armexidx.*)
 .ARM.exidx     0x08007b80        0x8 C:\Users\Than\AppData\Local\Temp\VMBCore\arduino16x\d298b5a13073b2620a20b4a7ee76f89b\variant\start.S.o
 .ARM.exidx.text.__aeabi_atexit
                0x08007b88        0x0 c:/users/than/appdata/local/arduino15/packages/arduino/tools/arm-none-eabi-gcc/4.8.3-2014q1/bin/../lib/gcc/arm-none-eabi/4.8.3/../../../../arm-none-eabi/lib/armv7-m\libstdc++.a(atexit_arm.o)
                                  0x8 (size before relaxing)
 .ARM.exidx     0x08007b88        0x0 c:/users/than/appdata/local/arduino15/packages/arduino/tools/arm-none-eabi-gcc/4.8.3-2014q1/bin/../lib/gcc/arm-none-eabi/4.8.3/armv7-m\libgcc.a(_divdi3.o)
                                  0x8 (size before relaxing)
 .ARM.exidx     0x08007b88        0x0 c:/users/than/appdata/local/arduino15/packages/arduino/tools/arm-none-eabi-gcc/4.8.3-2014q1/bin/../lib/gcc/arm-none-eabi/4.8.3/armv7-m\libgcc.a(_udivdi3.o)
                                  0x8 (size before relaxing)
                0x08007b88                __exidx_end = .

.data           0x20000000      0xc68 load address 0x08007b88
                0x20000000                __data_start__ = .
                0x20000000        0x4 LONG 0x0
                0x20000008                . = ALIGN (0x8)
 *fill*         0x20000004        0x4 
 *(.got.plt)
 *(.got)
 *(.data .data.* .gnu.linkonce.d.*)
 .data          0x20000008        0x4 c:/users/than/appdata/local/arduino15/packages/arduino/tools/arm-none-eabi-gcc/4.8.3-2014q1/bin/../lib/gcc/arm-none-eabi/4.8.3/armv7-m/crtbegin.o
                0x20000008                __dso_handle
 .data.Kp       0x2000000c        0x4 DriverConveyor.cpp.o
                0x2000000c                Kp
 .data.LedState
                0x20000010        0x1 DriverConveyor.cpp.o
                0x20000010                LedState
 .data.Mode     0x20000011        0x1 DriverConveyor.cpp.o
                0x20000011                Mode
 *fill*         0x20000012        0x2 
 .data._ZN6wirish4privL8pll_dataE
                0x20000014        0x4 C:\Users\Than\AppData\Local\Temp\VMBCore\arduino16x\d298b5a13073b2620a20b4a7ee76f89b\variant\boards_setup.cpp.o
 .data._ZN6wirish4priv9w_adc_smpE
                0x20000018        0x1 C:\Users\Than\AppData\Local\Temp\VMBCore\arduino16x\d298b5a13073b2620a20b4a7ee76f89b\variant\boards_setup.cpp.o
                0x20000018                wirish::priv::w_adc_smp
 *fill*         0x20000019        0x1 
 .data._ZN6wirish4priv9w_adc_preE
                0x2000001a        0x2 C:\Users\Than\AppData\Local\Temp\VMBCore\arduino16x\d298b5a13073b2620a20b4a7ee76f89b\variant\boards_setup.cpp.o
                0x2000001a                wirish::priv::w_adc_pre
 .data._ZN6wirish4priv15w_board_pll_cfgE
                0x2000001c        0x8 C:\Users\Than\AppData\Local\Temp\VMBCore\arduino16x\d298b5a13073b2620a20b4a7ee76f89b\variant\boards_setup.cpp.o
                0x2000001c                wirish::priv::w_board_pll_cfg
 .data.adc2     0x20000024        0x8 C:\Users\Than\AppData\Local\Temp\VMBuilds\DriverConveyor\STM32_genericSTM32F103C\Debug\core.a(adc_f1.c.o)
                0x20000024                adc2
 .data.adc1     0x2000002c       0x18 C:\Users\Than\AppData\Local\Temp\VMBuilds\DriverConveyor\STM32_genericSTM32F103C\Debug\core.a(adc_f1.c.o)
                0x2000002c                adc1
 .data.ADC2     0x20000044        0x4 C:\Users\Than\AppData\Local\Temp\VMBuilds\DriverConveyor\STM32_genericSTM32F103C\Debug\core.a(adc_f1.c.o)
                0x20000044                ADC2
 .data.ADC1     0x20000048        0x4 C:\Users\Than\AppData\Local\Temp\VMBuilds\DriverConveyor\STM32_genericSTM32F103C\Debug\core.a(adc_f1.c.o)
                0x20000048                ADC1
 .data.dma1     0x2000004c       0x40 C:\Users\Than\AppData\Local\Temp\VMBuilds\DriverConveyor\STM32_genericSTM32F103C\Debug\core.a(dma_f1.c.o)
 .data.DMA1     0x2000008c        0x4 C:\Users\Than\AppData\Local\Temp\VMBuilds\DriverConveyor\STM32_genericSTM32F103C\Debug\core.a(dma_f1.c.o)
                0x2000008c                DMA1
 .data.gpioa    0x20000090        0x8 C:\Users\Than\AppData\Local\Temp\VMBuilds\DriverConveyor\STM32_genericSTM32F103C\Debug\core.a(gpio_f1.c.o)
                0x20000090                gpioa
 .data.gpiob    0x20000098        0x8 C:\Users\Than\AppData\Local\Temp\VMBuilds\DriverConveyor\STM32_genericSTM32F103C\Debug\core.a(gpio_f1.c.o)
                0x20000098                gpiob
 .data.gpioc    0x200000a0        0x8 C:\Users\Than\AppData\Local\Temp\VMBuilds\DriverConveyor\STM32_genericSTM32F103C\Debug\core.a(gpio_f1.c.o)
                0x200000a0                gpioc
 .data.gpiod    0x200000a8        0x8 C:\Users\Than\AppData\Local\Temp\VMBuilds\DriverConveyor\STM32_genericSTM32F103C\Debug\core.a(gpio_f1.c.o)
                0x200000a8                gpiod
 .data.i2c1     0x200000b0       0x24 C:\Users\Than\AppData\Local\Temp\VMBuilds\DriverConveyor\STM32_genericSTM32F103C\Debug\core.a(i2c_f1.c.o)
 .data.i2c2     0x200000d4       0x24 C:\Users\Than\AppData\Local\Temp\VMBuilds\DriverConveyor\STM32_genericSTM32F103C\Debug\core.a(i2c_f1.c.o)
 .data.enable_regs.4411
                0x200000f8        0xc C:\Users\Than\AppData\Local\Temp\VMBuilds\DriverConveyor\STM32_genericSTM32F103C\Debug\core.a(rcc_f1.c.o)
 .data.reset_regs.4415
                0x20000104        0x8 C:\Users\Than\AppData\Local\Temp\VMBuilds\DriverConveyor\STM32_genericSTM32F103C\Debug\core.a(rcc_f1.c.o)
 .data.enable_regs.4424
                0x2000010c        0xc C:\Users\Than\AppData\Local\Temp\VMBuilds\DriverConveyor\STM32_genericSTM32F103C\Debug\core.a(rcc_f1.c.o)
 .data.timer3   0x20000118       0x24 C:\Users\Than\AppData\Local\Temp\VMBuilds\DriverConveyor\STM32_genericSTM32F103C\Debug\core.a(timer.c.o)
                0x20000118                timer3
 .data.timer4   0x2000013c       0x24 C:\Users\Than\AppData\Local\Temp\VMBuilds\DriverConveyor\STM32_genericSTM32F103C\Debug\core.a(timer.c.o)
                0x2000013c                timer4
 .data.timer1   0x20000160       0x28 C:\Users\Than\AppData\Local\Temp\VMBuilds\DriverConveyor\STM32_genericSTM32F103C\Debug\core.a(timer.c.o)
                0x20000160                timer1
 .data.timer2   0x20000188       0x24 C:\Users\Than\AppData\Local\Temp\VMBuilds\DriverConveyor\STM32_genericSTM32F103C\Debug\core.a(timer.c.o)
                0x20000188                timer2
 .data.USART1   0x200001ac        0x4 C:\Users\Than\AppData\Local\Temp\VMBuilds\DriverConveyor\STM32_genericSTM32F103C\Debug\core.a(usart_f1.c.o)
                0x200001ac                USART1
 .data.USART2   0x200001b0        0x4 C:\Users\Than\AppData\Local\Temp\VMBuilds\DriverConveyor\STM32_genericSTM32F103C\Debug\core.a(usart_f1.c.o)
                0x200001b0                USART2
 .data.USART3   0x200001b4        0x4 C:\Users\Than\AppData\Local\Temp\VMBuilds\DriverConveyor\STM32_genericSTM32F103C\Debug\core.a(usart_f1.c.o)
                0x200001b4                USART3
 .data.usart1   0x200001b8       0x94 C:\Users\Than\AppData\Local\Temp\VMBuilds\DriverConveyor\STM32_genericSTM32F103C\Debug\core.a(usart_f1.c.o)
 .data.usart2   0x2000024c       0x94 C:\Users\Than\AppData\Local\Temp\VMBuilds\DriverConveyor\STM32_genericSTM32F103C\Debug\core.a(usart_f1.c.o)
 .data.usart3   0x200002e0       0x94 C:\Users\Than\AppData\Local\Temp\VMBuilds\DriverConveyor\STM32_genericSTM32F103C\Debug\core.a(usart_f1.c.o)
 .data.USBLIB   0x20000374        0x4 C:\Users\Than\AppData\Local\Temp\VMBuilds\DriverConveyor\STM32_genericSTM32F103C\Debug\core.a(usb.c.o)
                0x20000374                USBLIB
 .data.usblib   0x20000378       0x10 C:\Users\Than\AppData\Local\Temp\VMBuilds\DriverConveyor\STM32_genericSTM32F103C\Debug\core.a(usb.c.o)
 .data.Config_Descriptor
                0x20000388        0x8 C:\Users\Than\AppData\Local\Temp\VMBuilds\DriverConveyor\STM32_genericSTM32F103C\Debug\core.a(usb_cdcacm.c.o)
 .data.Device_Property
                0x20000390       0x30 C:\Users\Than\AppData\Local\Temp\VMBuilds\DriverConveyor\STM32_genericSTM32F103C\Debug\core.a(usb_cdcacm.c.o)
                0x20000390                Device_Property
 .data.String_Descriptor
                0x200003c0       0x18 C:\Users\Than\AppData\Local\Temp\VMBuilds\DriverConveyor\STM32_genericSTM32F103C\Debug\core.a(usb_cdcacm.c.o)
 .data.line_coding
                0x200003d8        0x7 C:\Users\Than\AppData\Local\Temp\VMBuilds\DriverConveyor\STM32_genericSTM32F103C\Debug\core.a(usb_cdcacm.c.o)
 *fill*         0x200003df        0x1 
 .data.Device_Descriptor
                0x200003e0        0x8 C:\Users\Than\AppData\Local\Temp\VMBuilds\DriverConveyor\STM32_genericSTM32F103C\Debug\core.a(usb_cdcacm.c.o)
 .data.Device_Table
                0x200003e8        0x2 C:\Users\Than\AppData\Local\Temp\VMBuilds\DriverConveyor\STM32_genericSTM32F103C\Debug\core.a(usb_cdcacm.c.o)
                0x200003e8                Device_Table
 *fill*         0x200003ea        0x6 
 .data.impure_data
                0x200003f0      0x428 c:/users/than/appdata/local/arduino15/packages/arduino/tools/arm-none-eabi-gcc/4.8.3-2014q1/bin/../lib/gcc/arm-none-eabi/4.8.3/../../../../arm-none-eabi/lib/armv7-m\libc.a(lib_a-impure.o)
 .data._impure_ptr
                0x20000818        0x4 c:/users/than/appdata/local/arduino15/packages/arduino/tools/arm-none-eabi-gcc/4.8.3-2014q1/bin/../lib/gcc/arm-none-eabi/4.8.3/../../../../arm-none-eabi/lib/armv7-m\libc.a(lib_a-impure.o)
                0x20000818                _impure_ptr
 .data.__malloc_av_
                0x2000081c      0x408 c:/users/than/appdata/local/arduino15/packages/arduino/tools/arm-none-eabi-gcc/4.8.3-2014q1/bin/../lib/gcc/arm-none-eabi/4.8.3/../../../../arm-none-eabi/lib/armv7-m\libc.a(lib_a-mallocr.o)
                0x2000081c                __malloc_av_
 .data.__malloc_trim_threshold
                0x20000c24        0x4 c:/users/than/appdata/local/arduino15/packages/arduino/tools/arm-none-eabi-gcc/4.8.3-2014q1/bin/../lib/gcc/arm-none-eabi/4.8.3/../../../../arm-none-eabi/lib/armv7-m\libc.a(lib_a-mallocr.o)
                0x20000c24                __malloc_trim_threshold
 .data.__malloc_sbrk_base
                0x20000c28        0x4 c:/users/than/appdata/local/arduino15/packages/arduino/tools/arm-none-eabi-gcc/4.8.3-2014q1/bin/../lib/gcc/arm-none-eabi/4.8.3/../../../../arm-none-eabi/lib/armv7-m\libc.a(lib_a-mallocr.o)
                0x20000c28                __malloc_sbrk_base
 .data.lconv    0x20000c2c       0x38 c:/users/than/appdata/local/arduino15/packages/arduino/tools/arm-none-eabi-gcc/4.8.3-2014q1/bin/../lib/gcc/arm-none-eabi/4.8.3/../../../../arm-none-eabi/lib/armv7-m\libc.a(lib_a-locale.o)
                0x20000c68                . = ALIGN (0x8)
 *fill*         0x20000c64        0x4 
                0x20000c68                __data_end__ = .

.jcr            0x20000c68        0x0 load address 0x080087f0
 .jcr           0x20000c68        0x0 c:/users/than/appdata/local/arduino15/packages/arduino/tools/arm-none-eabi-gcc/4.8.3-2014q1/bin/../lib/gcc/arm-none-eabi/4.8.3/armv7-m/crtbegin.o

.igot.plt       0x20000c68        0x0 load address 0x080087f0
 .igot.plt      0x00000000        0x0 c:/users/than/appdata/local/arduino15/packages/arduino/tools/arm-none-eabi-gcc/4.8.3-2014q1/bin/../lib/gcc/arm-none-eabi/4.8.3/armv7-m/crtbegin.o

.rodata         0x080087f0      0x618
 *(.rodata .rodata.* .gnu.linkonce.r.*)
 .rodata.str1.1
                0x080087f0       0x3f DriverConveyor.cpp.o
                                 0x40 (size before relaxing)
 *fill*         0x0800882f        0x1 
 .rodata.PIN_MAP
                0x08008830      0x230 C:\Users\Than\AppData\Local\Temp\VMBCore\arduino16x\d298b5a13073b2620a20b4a7ee76f89b\variant\board.cpp.o
                0x08008830                PIN_MAP
 .rodata.GPIOC  0x08008a60        0x4 C:\Users\Than\AppData\Local\Temp\VMBuilds\DriverConveyor\STM32_genericSTM32F103C\Debug\core.a(gpio_f1.c.o)
                0x08008a60                GPIOC
 .rodata.rcc_dev_table
                0x08008a64       0x5c C:\Users\Than\AppData\Local\Temp\VMBuilds\DriverConveyor\STM32_genericSTM32F103C\Debug\core.a(rcc_f1.c.o)
                0x08008a64                rcc_dev_table
 .rodata.masks.4420
                0x08008ac0       0x14 C:\Users\Than\AppData\Local\Temp\VMBuilds\DriverConveyor\STM32_genericSTM32F103C\Debug\core.a(rcc_f1.c.o)
 .rodata.usbVcomDescriptor_iProduct
                0x08008ad4        0xc C:\Users\Than\AppData\Local\Temp\VMBuilds\DriverConveyor\STM32_genericSTM32F103C\Debug\core.a(usb_cdcacm.c.o)
 .rodata.usbVcomDescriptor_iManufacturer
                0x08008ae0       0x12 C:\Users\Than\AppData\Local\Temp\VMBuilds\DriverConveyor\STM32_genericSTM32F103C\Debug\core.a(usb_cdcacm.c.o)
 .rodata.usbVcomDescriptor_Device
                0x08008af2       0x12 C:\Users\Than\AppData\Local\Temp\VMBuilds\DriverConveyor\STM32_genericSTM32F103C\Debug\core.a(usb_cdcacm.c.o)
 .rodata.usbVcomDescriptor_Config
                0x08008b04       0x43 C:\Users\Than\AppData\Local\Temp\VMBuilds\DriverConveyor\STM32_genericSTM32F103C\Debug\core.a(usb_cdcacm.c.o)
 .rodata.usbVcomDescriptor_LangID
                0x08008b47        0x4 C:\Users\Than\AppData\Local\Temp\VMBuilds\DriverConveyor\STM32_genericSTM32F103C\Debug\core.a(usb_cdcacm.c.o)
 *fill*         0x08008b4b        0x5 
 .rodata._ZTV14HardwareSerial
                0x08008b50       0x28 C:\Users\Than\AppData\Local\Temp\VMBuilds\DriverConveyor\STM32_genericSTM32F103C\Debug\core.a(HardwareSerial.cpp.o)
                0x08008b50                vtable for HardwareSerial
 .rodata.str1.1
                0x08008b78       0x11 C:\Users\Than\AppData\Local\Temp\VMBuilds\DriverConveyor\STM32_genericSTM32F103C\Debug\core.a(Print.cpp.o)
 .rodata.str1.1
                0x00000000        0x1 C:\Users\Than\AppData\Local\Temp\VMBuilds\DriverConveyor\STM32_genericSTM32F103C\Debug\core.a(WString.cpp.o)
 *fill*         0x08008b89        0x3 
 .rodata.str1.4
                0x08008b8c        0x2 c:/users/than/appdata/local/arduino15/packages/arduino/tools/arm-none-eabi-gcc/4.8.3-2014q1/bin/../lib/gcc/arm-none-eabi/4.8.3/../../../../arm-none-eabi/lib/armv7-m\libc.a(lib_a-impure.o)
                                  0x4 (size before relaxing)
 *fill*         0x08008b8e        0x2 
 .rodata._global_impure_ptr
                0x08008b90        0x4 c:/users/than/appdata/local/arduino15/packages/arduino/tools/arm-none-eabi-gcc/4.8.3-2014q1/bin/../lib/gcc/arm-none-eabi/4.8.3/../../../../arm-none-eabi/lib/armv7-m\libc.a(lib_a-impure.o)
                0x08008b90                _global_impure_ptr
 .rodata.fpi.5235
                0x08008b94       0x14 c:/users/than/appdata/local/arduino15/packages/arduino/tools/arm-none-eabi-gcc/4.8.3-2014q1/bin/../lib/gcc/arm-none-eabi/4.8.3/../../../../arm-none-eabi/lib/armv7-m\libc.a(lib_a-strtod.o)
 .rodata.fpinan.5271
                0x08008ba8       0x14 c:/users/than/appdata/local/arduino15/packages/arduino/tools/arm-none-eabi-gcc/4.8.3-2014q1/bin/../lib/gcc/arm-none-eabi/4.8.3/../../../../arm-none-eabi/lib/armv7-m\libc.a(lib_a-strtod.o)
 .rodata.str1.4
                0x08008bbc        0xf c:/users/than/appdata/local/arduino15/packages/arduino/tools/arm-none-eabi-gcc/4.8.3-2014q1/bin/../lib/gcc/arm-none-eabi/4.8.3/../../../../arm-none-eabi/lib/armv7-m\libc.a(lib_a-strtod.o)
                                 0x10 (size before relaxing)
 *fill*         0x08008bcb        0x5 
 .rodata.tinytens
                0x08008bd0       0x28 c:/users/than/appdata/local/arduino15/packages/arduino/tools/arm-none-eabi-gcc/4.8.3-2014q1/bin/../lib/gcc/arm-none-eabi/4.8.3/../../../../arm-none-eabi/lib/armv7-m\libc.a(lib_a-strtod.o)
 .rodata.__hexdig
                0x08008bf8      0x100 c:/users/than/appdata/local/arduino15/packages/arduino/tools/arm-none-eabi-gcc/4.8.3-2014q1/bin/../lib/gcc/arm-none-eabi/4.8.3/../../../../arm-none-eabi/lib/armv7-m\libc.a(lib_a-gdtoa-gethex.o)
                0x08008bf8                __hexdig
 .rodata.str1.4
                0x08008cf8       0x10 c:/users/than/appdata/local/arduino15/packages/arduino/tools/arm-none-eabi-gcc/4.8.3-2014q1/bin/../lib/gcc/arm-none-eabi/4.8.3/../../../../arm-none-eabi/lib/armv7-m\libc.a(lib_a-locale.o)
                                 0x14 (size before relaxing)
 .rodata.__mprec_tens
                0x08008d08       0xc8 c:/users/than/appdata/local/arduino15/packages/arduino/tools/arm-none-eabi-gcc/4.8.3-2014q1/bin/../lib/gcc/arm-none-eabi/4.8.3/../../../../arm-none-eabi/lib/armv7-m\libc.a(lib_a-mprec.o)
                0x08008d08                __mprec_tens
 .rodata.__mprec_bigtens
                0x08008dd0       0x28 c:/users/than/appdata/local/arduino15/packages/arduino/tools/arm-none-eabi-gcc/4.8.3-2014q1/bin/../lib/gcc/arm-none-eabi/4.8.3/../../../../arm-none-eabi/lib/armv7-m\libc.a(lib_a-mprec.o)
                0x08008dd0                __mprec_bigtens
 .rodata.p05.5266
                0x08008df8        0xc c:/users/than/appdata/local/arduino15/packages/arduino/tools/arm-none-eabi-gcc/4.8.3-2014q1/bin/../lib/gcc/arm-none-eabi/4.8.3/../../../../arm-none-eabi/lib/armv7-m\libc.a(lib_a-mprec.o)
 *(.USER_FLASH)
                0x08008e04                . = ALIGN (0x4)
                0x08008e04                _lm_rom_img_cfgp = .
                0x08008e04        0x4 LONG 0x8007b88 LOADADDR (.data)
                0x20000e98                _lm_heap_start = DEFINED (_lm_heap_start)?_lm_heap_start:_end
                0x20005000                _lm_heap_end = DEFINED (_lm_heap_end)?_lm_heap_end:__msp_init

.rel.dyn        0x08008e08        0x0
 .rel.iplt      0x00000000        0x0 c:/users/than/appdata/local/arduino15/packages/arduino/tools/arm-none-eabi-gcc/4.8.3-2014q1/bin/../lib/gcc/arm-none-eabi/4.8.3/armv7-m/crtbegin.o

.bss            0x20000c68      0x230
                0x20000c68                . = ALIGN (0x8)
                0x20000c68                __bss_start__ = .
 *(.bss .bss.* .gnu.linkonce.b.*)
 .bss           0x20000c68       0x1c c:/users/than/appdata/local/arduino15/packages/arduino/tools/arm-none-eabi-gcc/4.8.3-2014q1/bin/../lib/gcc/arm-none-eabi/4.8.3/armv7-m/crtbegin.o
 .bss.PWMValue  0x20000c84        0x4 DriverConveyor.cpp.o
                0x20000c84                PWMValue
 .bss.BlinkScheduler
                0x20000c88        0x8 DriverConveyor.cpp.o
                0x20000c88                BlinkScheduler
 .bss.P         0x20000c90        0x4 DriverConveyor.cpp.o
                0x20000c90                P
 .bss.D         0x20000c94        0x4 DriverConveyor.cpp.o
                0x20000c94                D
 .bss.LastError
                0x20000c98        0x4 DriverConveyor.cpp.o
                0x20000c98                LastError
 .bss.stringComplete
                0x20000c9c        0x1 DriverConveyor.cpp.o
                0x20000c9c                stringComplete
 *fill*         0x20000c9d        0x3 
 .bss.DesiredSpeed
                0x20000ca0        0x4 DriverConveyor.cpp.o
                0x20000ca0                DesiredSpeed
 .bss.Ki        0x20000ca4        0x4 DriverConveyor.cpp.o