Archive member included because of file (symbol)

C:\Users\Than\AppData\Local\Temp\VMBuilds\DriverConveyor\STM32_genericSTM32F103C\Debug\core.a(exc.S.o)
                              (__exc_nmi)
C:\Users\Than\AppData\Local\Temp\VMBuilds\DriverConveyor\STM32_genericSTM32F103C\Debug\core.a(isrs.S.o)
                              (__stm32reservedexception7)
C:\Users\Than\AppData\Local\Temp\VMBuilds\DriverConveyor\STM32_genericSTM32F103C\Debug\core.a(vector_table.S.o)
                              (__stm32_vector_table)
C:\Users\Than\AppData\Local\Temp\VMBuilds\DriverConveyor\STM32_genericSTM32F103C\Debug\core.a(adc.c.o)
                              C:\Users\Than\AppData\Local\Temp\VMBCore\arduino16x\d298b5a13073b2620a20b4a7ee76f89b\variant\boards.cpp.o (adc_set_sample_rate)
C:\Users\Than\AppData\Local\Temp\VMBuilds\DriverConveyor\STM32_genericSTM32F103C\Debug\core.a(adc_f1.c.o)
                              (__irq_adc)
C:\Users\Than\AppData\Local\Temp\VMBuilds\DriverConveyor\STM32_genericSTM32F103C\Debug\core.a(dma_f1.c.o)
                              (__irq_dma1_channel1)
C:\Users\Than\AppData\Local\Temp\VMBuilds\DriverConveyor\STM32_genericSTM32F103C\Debug\core.a(exti.c.o)
                              (__irq_exti0)
C:\Users\Than\AppData\Local\Temp\VMBuilds\DriverConveyor\STM32_genericSTM32F103C\Debug\core.a(exti_f1.c.o)
                              C:\Users\Than\AppData\Local\Temp\VMBuilds\DriverConveyor\STM32_genericSTM32F103C\Debug\core.a(exti.c.o) (exti_select)
C:\Users\Than\AppData\Local\Temp\VMBuilds\DriverConveyor\STM32_genericSTM32F103C\Debug\core.a(flash.c.o)
                              C:\Users\Than\AppData\Local\Temp\VMBCore\arduino16x\d298b5a13073b2620a20b4a7ee76f89b\variant\boards.cpp.o (flash_set_latency)
C:\Users\Than\AppData\Local\Temp\VMBuilds\DriverConveyor\STM32_genericSTM32F103C\Debug\core.a(gpio_f1.c.o)
                              C:\Users\Than\AppData\Local\Temp\VMBCore\arduino16x\d298b5a13073b2620a20b4a7ee76f89b\variant\boards_setup.cpp.o (gpio_init_all)
C:\Users\Than\AppData\Local\Temp\VMBuilds\DriverConveyor\STM32_genericSTM32F103C\Debug\core.a(i2c_f1.c.o)
                              (__irq_i2c1_ev)
C:\Users\Than\AppData\Local\Temp\VMBuilds\DriverConveyor\STM32_genericSTM32F103C\Debug\core.a(nvic.c.o)
                              C:\Users\Than\AppData\Local\Temp\VMBuilds\DriverConveyor\STM32_genericSTM32F103C\Debug\core.a(i2c_f1.c.o) (nvic_irq_set_priority)
C:\Users\Than\AppData\Local\Temp\VMBuilds\DriverConveyor\STM32_genericSTM32F103C\Debug\core.a(rcc.c.o)
                              C:\Users\Than\AppData\Local\Temp\VMBCore\arduino16x\d298b5a13073b2620a20b4a7ee76f89b\variant\boards.cpp.o (rcc_switch_sysclk)
C:\Users\Than\AppData\Local\Temp\VMBuilds\DriverConveyor\STM32_genericSTM32F103C\Debug\core.a(rcc_f1.c.o)
                              C:\Users\Than\AppData\Local\Temp\VMBCore\arduino16x\d298b5a13073b2620a20b4a7ee76f89b\variant\boards.cpp.o (rcc_configure_pll)
C:\Users\Than\AppData\Local\Temp\VMBuilds\DriverConveyor\STM32_genericSTM32F103C\Debug\core.a(systick.c.o)
                              C:\Users\Than\AppData\Local\Temp\VMBCore\arduino16x\d298b5a13073b2620a20b4a7ee76f89b\variant\boards.cpp.o (systick_init)
C:\Users\Than\AppData\Local\Temp\VMBuilds\DriverConveyor\STM32_genericSTM32F103C\Debug\core.a(timer.c.o)
                              C:\Users\Than\AppData\Local\Temp\VMBCore\arduino16x\d298b5a13073b2620a20b4a7ee76f89b\variant\boards.cpp.o (timer_foreach)
C:\Users\Than\AppData\Local\Temp\VMBuilds\DriverConveyor\STM32_genericSTM32F103C\Debug\core.a(usart_f1.c.o)
                              (__irq_usart1)
C:\Users\Than\AppData\Local\Temp\VMBuilds\DriverConveyor\STM32_genericSTM32F103C\Debug\core.a(usart_private.c.o)
                              C:\Users\Than\AppData\Local\Temp\VMBuilds\DriverConveyor\STM32_genericSTM32F103C\Debug\core.a(usart_f1.c.o) (_usart_clock_freq)
C:\Users\Than\AppData\Local\Temp\VMBuilds\DriverConveyor\STM32_genericSTM32F103C\Debug\core.a(util.c.o)
                              C:\Users\Than\AppData\Local\Temp\VMBuilds\DriverConveyor\STM32_genericSTM32F103C\Debug\core.a(exc.S.o) (__error)
C:\Users\Than\AppData\Local\Temp\VMBuilds\DriverConveyor\STM32_genericSTM32F103C\Debug\core.a(usb.c.o)
                              (__irq_usb_lp_can_rx0)
C:\Users\Than\AppData\Local\Temp\VMBuilds\DriverConveyor\STM32_genericSTM32F103C\Debug\core.a(usb_cdcacm.c.o)
                              C:\Users\Than\AppData\Local\Temp\VMBuilds\DriverConveyor\STM32_genericSTM32F103C\Debug\core.a(usb.c.o) (User_Standard_Requests)
C:\Users\Than\AppData\Local\Temp\VMBuilds\DriverConveyor\STM32_genericSTM32F103C\Debug\core.a(usb_reg_map.c.o)
                              C:\Users\Than\AppData\Local\Temp\VMBuilds\DriverConveyor\STM32_genericSTM32F103C\Debug\core.a(usb_cdcacm.c.o) (usb_set_ep_rx_count)
C:\Users\Than\AppData\Local\Temp\VMBuilds\DriverConveyor\STM32_genericSTM32F103C\Debug\core.a(usb_core.c.o)
[...]
Memory Configuration

Name             Origin             Length             Attributes
ram              0x20000000         0x00005000         xrw
rom              0x08000000         0x00010000         xr
*default*        0x00000000         0xffffffff

Linker script and memory map

LOAD c:/users/than/appdata/local/arduino15/packages/arduino/tools/arm-none-eabi-gcc/4.8.3-2014q1/bin/../lib/gcc/arm-none-eabi/4.8.3/armv7-m/crti.o
LOAD c:/users/than/appdata/local/arduino15/packages/arduino/tools/arm-none-eabi-gcc/4.8.3-2014q1/bin/../lib/gcc/arm-none-eabi/4.8.3/armv7-m/crtbegin.o
LOAD c:/users/than/appdata/local/arduino15/packages/arduino/tools/arm-none-eabi-gcc/4.8.3-2014q1/bin/../lib/gcc/arm-none-eabi/4.8.3/../../../../arm-none-eabi/lib/armv7-m/crt0.o
LOAD c:/users/than/appdata/local/arduino15/packages/arduino/tools/arm-none-eabi-gcc/4.8.3-2014q1/bin/../lib/gcc/arm-none-eabi/4.8.3/armv7-m\libgcc.a
START GROUP
LOAD DriverConveyor.cpp.o
LOAD MultiThread.cpp.o
LOAD EEPROM\flash_stm32.c.o
LOAD EEPROM\EEPROM.cpp.o
LOAD C:\Users\Than\AppData\Local\Temp\VMBCore\arduino16x\d298b5a13073b2620a20b4a7ee76f89b\variant\board.cpp.o
LOAD C:\Users\Than\AppData\Local\Temp\VMBCore\arduino16x\d298b5a13073b2620a20b4a7ee76f89b\variant\boards.cpp.o
LOAD C:\Users\Than\AppData\Local\Temp\VMBCore\arduino16x\d298b5a13073b2620a20b4a7ee76f89b\variant\boards_setup.cpp.o
LOAD C:\Users\Than\AppData\Local\Temp\VMBCore\arduino16x\d298b5a13073b2620a20b4a7ee76f89b\variant\start.S.o
LOAD C:\Users\Than\AppData\Local\Temp\VMBCore\arduino16x\d298b5a13073b2620a20b4a7ee76f89b\variant\start_c.c.o
LOAD C:\Users\Than\AppData\Local\Temp\VMBCore\arduino16x\d298b5a13073b2620a20b4a7ee76f89b\variant\syscalls.c.o
LOAD C:\Users\Than\AppData\Local\Temp\VMBuilds\DriverConveyor\STM32_genericSTM32F103C\Debug\core.a
END GROUP
LOAD c:/users/than/appdata/local/arduino15/packages/arduino/tools/arm-none-eabi-gcc/4.8.3-2014q1/bin/../lib/gcc/arm-none-eabi/4.8.3/../../../../arm-none-eabi/lib/armv7-m\libstdc++.a
LOAD c:/users/than/appdata/local/arduino15/packages/arduino/tools/arm-none-eabi-gcc/4.8.3-2014q1/bin/../lib/gcc/arm-none-eabi/4.8.3/../../../../arm-none-eabi/lib/armv7-m\libm.a
START GROUP
LOAD c:/users/than/appdata/local/arduino15/packages/arduino/tools/arm-none-eabi-gcc/4.8.3-2014q1/bin/../lib/gcc/arm-none-eabi/4.8.3/armv7-m\libgcc.a
LOAD c:/users/than/appdata/local/arduino15/packages/arduino/tools/arm-none-eabi-gcc/4.8.3-2014q1/bin/../lib/gcc/arm-none-eabi/4.8.3/../../../../arm-none-eabi/lib/armv7-m\libc.a
END GROUP
LOAD c:/users/than/appdata/local/arduino15/packages/arduino/tools/arm-none-eabi-gcc/4.8.3-2014q1/bin/../lib/gcc/arm-none-eabi/4.8.3/armv7-m/crtend.o
LOAD c:/users/than/appdata/local/arduino15/packages/arduino/tools/arm-none-eabi-gcc/4.8.3-2014q1/bin/../lib/gcc/arm-none-eabi/4.8.3/armv7-m/crtn.o
START GROUP
LOAD c:/users/than/appdata/local/arduino15/packages/arduino/tools/arm-none-eabi-gcc/4.8.3-2014q1/bin/../lib/gcc/arm-none-eabi/4.8.3/armv7-m\libgcc.a
LOAD c:/users/than/appdata/local/arduino15/packages/arduino/tools/arm-none-eabi-gcc/4.8.3-2014q1/bin/../lib/gcc/arm-none-eabi/4.8.3/../../../../arm-none-eabi/lib/armv7-m\libc.a
LOAD c:/users/than/appdata/local/arduino15/packages/arduino/tools/arm-none-eabi-gcc/4.8.3-2014q1/bin/../lib/gcc/arm-none-eabi/4.8.3/../../../../arm-none-eabi/lib/armv7-m\libm.a
END GROUP
START GROUP
LOAD c:/users/than/appdata/local/arduino15/packages/arduino/tools/arm-none-eabi-gcc/4.8.3-2014q1/bin/../lib/gcc/arm-none-eabi/4.8.3/../../../../arm-none-eabi/lib/armv7-m\libnosys.a
END GROUP
                0x20005000                PROVIDE (__msp_init, (ORIGIN (ram) + 0x5000))
                0x08000a98                PROVIDE (__exc_reset, __start__)

.text           0x08000000     0xa388
                0x08000000                __text_start__ = .
 *(.stm32.interrupt_vector)
 .stm32.interrupt_vector
                0x08000000       0xec C:\Users\Than\AppData\Local\Temp\VMBuilds\DriverConveyor\STM32_genericSTM32F103C\Debug\core.a(vector_table.S.o)
                0x08000000                __stm32_vector_table
 *(.text .text.* .gnu.linkonce.t.*)
 .text          0x080000ec       0x54 c:/users/than/appdata/local/arduino15/packages/arduino/tools/arm-none-eabi-gcc/4.8.3-2014q1/bin/../lib/gcc/arm-none-eabi/4.8.3/armv7-m/crtbegin.o
 .text._Z14CountPulseA_x2v
                0x08000140       0x44 DriverConveyor.cpp.o
                0x08000140                CountPulseA_x2()
 .text._Z14CountPulseB_x2v
                0x08000184       0x44 DriverConveyor.cpp.o
                0x08000184                CountPulseB_x2()
 .text._ZNK6String9substringEj
                0x080001c8        0xe DriverConveyor.cpp.o
                0x080001c8                String::substring(unsigned int) const
 *fill*         0x080001d6        0x2 
 .text._Z6InitIOv
                0x080001d8       0x8c DriverConveyor.cpp.o
                0x080001d8                InitIO()
 .text._Z5setupv
                0x08000264        0x4 DriverConveyor.cpp.o
                0x08000264                setup()
 .text._Z5Checkv
                0x08000268       0x1c DriverConveyor.cpp.o
                0x08000268                Check()
 .text._Z5Blinkv
                0x08000284       0x68 DriverConveyor.cpp.o
                0x08000284                Blink()
 .text._Z15SetDesiredSpeedi
                0x080002ec       0x28 DriverConveyor.cpp.o
                0x080002ec                SetDesiredSpeed(int)
 *fill*         0x08000314        0x4 
 .text._Z11AdjustSpeedf
                0x08000318      0x230 DriverConveyor.cpp.o
                0x08000318                AdjustSpeed(float)
 .text._Z11GetPositionv
                0x08000548       0x68 DriverConveyor.cpp.o
                0x08000548                GetPosition()
 .text.startup._GLOBAL__sub_I_Kp
                0x080005b0       0x40 DriverConveyor.cpp.o
 .text._Z13SerialExecutev
                0x080005f0      0x234 DriverConveyor.cpp.o
                0x080005f0                SerialExecute()
 .text._Z4loopv
                0x08000824       0x20 DriverConveyor.cpp.o
                0x08000824                loop()
 .text._ZN11MultiThreadC2Ev
                0x08000844        0x6 MultiThread.cpp.o
                0x08000844                MultiThread::MultiThread()
                0x08000844                MultiThread::MultiThread()
 *fill*         0x0800084a        0x2 
 .text._ZN11MultiThread10isScheduleEt
                0x0800084c       0x2c MultiThread.cpp.o
                0x0800084c                MultiThread::isSchedule(unsigned short)
 .text.startup._GLOBAL__sub_I__ZN11EEPROMClass12EE_CheckPageEmt
                0x08000878       0x20 EEPROM\EEPROM.cpp.o
 .text._Z9boardInitv
                0x08000898        0x2 C:\Users\Than\AppData\Local\Temp\VMBCore\arduino16x\d298b5a13073b2620a20b4a7ee76f89b\variant\board.cpp.o
                0x08000898                boardInit()
 *fill*         0x0800089a        0x2 
 .text.startup._GLOBAL__sub_I__Z9boardInitv
                0x0800089c       0x48 C:\Users\Than\AppData\Local\Temp\VMBCore\arduino16x\d298b5a13073b2620a20b4a7ee76f89b\variant\board.cpp.o
 .text._ZL18adc_default_configP7adc_dev
                0x080008e4       0x1c C:\Users\Than\AppData\Local\Temp\VMBCore\arduino16x\d298b5a13073b2620a20b4a7ee76f89b\variant\boards.cpp.o
 .text._ZL20timer_default_configP9timer_dev
                0x08000900       0x9e C:\Users\Than\AppData\Local\Temp\VMBCore\arduino16x\d298b5a13073b2620a20b4a7ee76f89b\variant\boards.cpp.o
 *fill*         0x0800099e        0x2 
 .text._Z4initv
                0x080009a0       0xbc C:\Users\Than\AppData\Local\Temp\VMBCore\arduino16x\d298b5a13073b2620a20b4a7ee76f89b\variant\boards.cpp.o
                0x080009a0                init()
 .text._ZN6wirish4priv15board_reset_pllEv
                0x08000a5c        0x2 C:\Users\Than\AppData\Local\Temp\VMBCore\arduino16x\d298b5a13073b2620a20b4a7ee76f89b\variant\boards_setup.cpp.o
                0x08000a5c                wirish::priv::board_reset_pll()
 .text._ZN6wirish4priv28board_setup_clock_prescalersEv
                0x08000a5e       0x2e C:\Users\Than\AppData\Local\Temp\VMBCore\arduino16x\d298b5a13073b2620a20b4a7ee76f89b\variant\boards_setup.cpp.o
                0x08000a5e                wirish::priv::board_setup_clock_prescalers()
 .text._ZN6wirish4priv16board_setup_gpioEv
                0x08000a8c        0x4 C:\Users\Than\AppData\Local\Temp\VMBCore\arduino16x\d298b5a13073b2620a20b4a7ee76f89b\variant\boards_setup.cpp.o
                0x08000a8c                wirish::priv::board_setup_gpio()
 .text._ZN6wirish4priv15board_setup_usbEv
                0x08000a90        0x2 C:\Users\Than\AppData\Local\Temp\VMBCore\arduino16x\d298b5a13073b2620a20b4a7ee76f89b\variant\boards_setup.cpp.o
                0x08000a90                wirish::priv::board_setup_usb()
 .text._ZN6wirish4priv11series_initEv
                0x08000a92        0x4 C:\Users\Than\AppData\Local\Temp\VMBCore\arduino16x\d298b5a13073b2620a20b4a7ee76f89b\variant\boards_setup.cpp.o
                0x08000a92                wirish::priv::series_init()
 *fill*         0x08000a96        0x2 
 .text          0x08000a98       0x10 C:\Users\Than\AppData\Local\Temp\VMBCore\arduino16x\d298b5a13073b2620a20b4a7ee76f89b\variant\start.S.o
                0x08000a98                __start__
 .text.start_c  0x08000aa8       0x64 C:\Users\Than\AppData\Local\Temp\VMBCore\arduino16x\d298b5a13073b2620a20b4a7ee76f89b\variant\start_c.c.o
                0x08000aa8                start_c
 .text._sbrk    0x08000b0c       0x44 C:\Users\Than\AppData\Local\Temp\VMBCore\arduino16x\d298b5a13073b2620a20b4a7ee76f89b\variant\syscalls.c.o
                0x08000b0c                _sbrk
 .text._exit    0x08000b50        0x2 C:\Users\Than\AppData\Local\Temp\VMBCore\arduino16x\d298b5a13073b2620a20b4a7ee76f89b\variant\syscalls.c.o
                0x08000b50                _exit
 *fill*         0x08000b52        0xe 
 .text          0x08000b60       0x60 C:\Users\Than\AppData\Local\Temp\VMBuilds\DriverConveyor\STM32_genericSTM32F103C\Debug\core.a(exc.S.o)
                0x08000b60                __exc_nmi
                0x08000b64                __exc_hardfault
                0x08000b68                __exc_memmanage
                0x08000b6c                __exc_busfault
                0x08000b70                __exc_usagefault
 .text          0x08000bc0        0x2 C:\Users\Than\AppData\Local\Temp\VMBuilds\DriverConveyor\STM32_genericSTM32F103C\Debug\core.a(isrs.S.o)
                0x08000bc0                __stm32reservedexception9
                0x08000bc0                __exc_debug_monitor
                0x08000bc0                __exc_svc
                0x08000bc0                __irq_can_rx1
                0x08000bc0                __irq_spi2
                0x08000bc0                __irq_can_sce
                0x08000bc0                __irq_pvd
                0x08000bc0                __irq_tamper
                0x08000bc0                __default_handler
                0x08000bc0                __irq_wwdg
                0x08000bc0                __stm32reservedexception10
                0x08000bc0                __irq_flash
                0x08000bc0                __stm32reservedexception13
                0x08000bc0                __irq_rtc
                0x08000bc0                __irq_spi1
                0x08000bc0                __stm32reservedexception7
                0x08000bc0                __irq_usb_hp_can_tx
                0x08000bc0                __irq_rtcalarm
                0x08000bc0                __stm32reservedexception8
                0x08000bc0                __exc_pendsv
                0x08000bc0                __irq_usbwakeup
                0x08000bc0                __irq_rcc
 .text.adc_init
                0x08000bc2       0x14 C:\Users\Than\AppData\Local\Temp\VMBuilds\DriverConveyor\STM32_genericSTM32F103C\Debug\core.a(adc.c.o)
                0x08000bc2                adc_init
 .text.adc_set_extsel
                0x08000bd6       0x12 C:\Users\Than\AppData\Local\Temp\VMBuilds\DriverConveyor\STM32_genericSTM32F103C\Debug\core.a(adc.c.o)
                0x08000bd6                adc_set_extsel
 .text.adc_set_sample_rate
                0x08000be8       0x30 C:\Users\Than\AppData\Local\Temp\VMBuilds\DriverConveyor\STM32_genericSTM32F103C\Debug\core.a(adc.c.o)
                0x08000be8                adc_set_sample_rate
 .text.__irq_adc
                0x08000c18       0x50 C:\Users\Than\AppData\Local\Temp\VMBuilds\DriverConveyor\STM32_genericSTM32F103C\Debug\core.a(adc_f1.c.o)
                0x08000c18                __irq_adc
 .text.adc_calibrate
                0x08000c68       0x24 C:\Users\Than\AppData\Local\Temp\VMBuilds\DriverConveyor\STM32_genericSTM32F103C\Debug\core.a(adc_f1.c.o)
                0x08000c68                adc_calibrate
 .text.adc_set_prescaler
                0x08000c8c        0x8 C:\Users\Than\AppData\Local\Temp\VMBuilds\DriverConveyor\STM32_genericSTM32F103C\Debug\core.a(adc_f1.c.o)
                0x08000c8c                adc_set_prescaler
 .text.adc_foreach
                0x08000c94       0x1c C:\Users\Than\AppData\Local\Temp\VMBuilds\DriverConveyor\STM32_genericSTM32F103C\Debug\core.a(adc_f1.c.o)
                0x08000c94                adc_foreach
 .text.adc_enable_single_swstart
                0x08000cb0       0x36 C:\Users\Than\AppData\Local\Temp\VMBuilds\DriverConveyor\STM32_genericSTM32F103C\Debug\core.a(adc_f1.c.o)
                0x08000cb0                adc_enable_single_swstart
 *fill*         0x08000ce6        0x2 
 .text.__irq_dma1_channel1
                0x08000ce8       0x18 C:\Users\Than\AppData\Local\Temp\VMBuilds\DriverConveyor\STM32_genericSTM32F103C\Debug\core.a(dma_f1.c.o)
                0x08000ce8                __irq_dma1_channel1
 .text.__irq_dma1_channel2
                0x08000d00       0x18 C:\Users\Than\AppData\Local\Temp\VMBuilds\DriverConveyor\STM32_genericSTM32F103C\Debug\core.a(dma_f1.c.o)
                0x08000d00                __irq_dma1_channel2
 .text.__irq_dma1_channel3
                0x08000d18       0x1c C:\Users\Than\AppData\Local\Temp\VMBuilds\DriverConveyor\STM32_genericSTM32F103C\Debug\core.a(dma_f1.c.o)
                0x08000d18                __irq_dma1_channel3
 .text.__irq_dma1_channel4
                0x08000d34       0x1c C:\Users\Than\AppData\Local\Temp\VMBuilds\DriverConveyor\STM32_genericSTM32F103C\Debug\core.a(dma_f1.c.o)
                0x08000d34                __irq_dma1_channel4
 .text.__irq_dma1_channel5
                0x08000d50       0x1c C:\Users\Than\AppData\Local\Temp\VMBuilds\DriverConveyor\STM32_genericSTM32F103C\Debug\core.a(dma_f1.c.o)
                0x08000d50                __irq_dma1_channel5
 .text.__irq_dma1_channel6
                0x08000d6c       0x1c C:\Users\Than\AppData\Local\Temp\VMBuilds\DriverConveyor\STM32_genericSTM32F103C\Debug\core.a(dma_f1.c.o)
                0x08000d6c                __irq_dma1_channel6
 .text.__irq_dma1_channel7
                0x08000d88       0x1c C:\Users\Than\AppData\Local\Temp\VMBuilds\DriverConveyor\STM32_genericSTM32F103C\Debug\core.a(dma_f1.c.o)
                0x08000d88                __irq_dma1_channel7
 .text.exti_attach_callback
                0x08000da4       0xac C:\Users\Than\AppData\Local\Temp\VMBuilds\DriverConveyor\STM32_genericSTM32F103C\Debug\core.a(exti.c.o)
                0x08000da4                exti_attach_callback
 .text.exti_attach_interrupt
                0x08000e50       0x10 C:\Users\Than\AppData\Local\Temp\VMBuilds\DriverConveyor\STM32_genericSTM32F103C\Debug\core.a(exti.c.o)
                0x08000e50                exti_attach_interrupt
 .text.exti_do_select
                0x08000e60       0x1a C:\Users\Than\AppData\Local\Temp\VMBuilds\DriverConveyor\STM32_genericSTM32F103C\Debug\core.a(exti.c.o)
                0x08000e60                exti_do_select
 *fill*         0x08000e7a        0x2 
 .text.__irq_exti0
                0x08000e7c       0x20 C:\Users\Than\AppData\Local\Temp\VMBuilds\DriverConveyor\STM32_genericSTM32F103C\Debug\core.a(exti.c.o)
                0x08000e7c                __irq_exti0
 .text.__irq_exti1
                0x08000e9c       0x20 C:\Users\Than\AppData\Local\Temp\VMBuilds\DriverConveyor\STM32_genericSTM32F103C\Debug\core.a(exti.c.o)
                0x08000e9c                __irq_exti1
 .text.__irq_exti2
                0x08000ebc       0x20 C:\Users\Than\AppData\Local\Temp\VMBuilds\DriverConveyor\STM32_genericSTM32F103C\Debug\core.a(exti.c.o)
                0x08000ebc                __irq_exti2
 .text.__irq_exti3
                0x08000edc       0x20 C:\Users\Than\AppData\Local\Temp\VMBuilds\DriverConveyor\STM32_genericSTM32F103C\Debug\core.a(exti.c.o)
                0x08000edc                __irq_exti3
 .text.__irq_exti4
                0x08000efc       0x20 C:\Users\Than\AppData\Local\Temp\VMBuilds\DriverConveyor\STM32_genericSTM32F103C\Debug\core.a(exti.c.o)
                0x08000efc                __irq_exti4
 .text.__irq_exti9_5
                0x08000f1c       0x44 C:\Users\Than\AppData\Local\Temp\VMBuilds\DriverConveyor\STM32_genericSTM32F103C\Debug\core.a(exti.c.o)
                0x08000f1c                __irq_exti9_5
 .text.__irq_exti15_10
                0x08000f60       0x44 C:\Users\Than\AppData\Local\Temp\VMBuilds\DriverConveyor\STM32_genericSTM32F103C\Debug\core.a(exti.c.o)
                0x08000f60                __irq_exti15_10
 .text.exti_select
                0x08000fa4       0x18 C:\Users\Than\AppData\Local\Temp\VMBuilds\DriverConveyor\STM32_genericSTM32F103C\Debug\core.a(exti_f1.c.o)
                0x08000fa4                exti_select
 .text.flash_set_latency
                0x08000fbc       0x14 C:\Users\Than\AppData\Local\Temp\VMBuilds\DriverConveyor\STM32_genericSTM32F103C\Debug\core.a(flash.c.o)
                0x08000fbc                flash_set_latency
 .text.gpio_init_all
                0x08000fd0       0x30 C:\Users\Than\AppData\Local\Temp\VMBuilds\DriverConveyor\STM32_genericSTM32F103C\Debug\core.a(gpio_f1.c.o)
                0x08000fd0                gpio_init_all
 .text.gpio_set_mode
                0x08001000       0x50 C:\Users\Than\AppData\Local\Temp\VMBuilds\DriverConveyor\STM32_genericSTM32F103C\Debug\core.a(gpio_f1.c.o)
                0x08001000                gpio_set_mode
 .text.afio_init
                0x08001050       0x12 C:\Users\Than\AppData\Local\Temp\VMBuilds\DriverConveyor\STM32_genericSTM32F103C\Debug\core.a(gpio_f1.c.o)
                0x08001050                afio_init
 *fill*         0x08001062        0x2 
 .text.__irq_i2c1_ev
                0x08001064        0xc C:\Users\Than\AppData\Local\Temp\VMBuilds\DriverConveyor\STM32_genericSTM32F103C\Debug\core.a(i2c_f1.c.o)
                0x08001064                __irq_i2c1_ev
 .text.__irq_i2c2_ev
                0x08001070        0xc C:\Users\Than\AppData\Local\Temp\VMBuilds\DriverConveyor\STM32_genericSTM32F103C\Debug\core.a(i2c_f1.c.o)
                0x08001070                __irq_i2c2_ev
 .text.__irq_i2c1_er
                0x0800107c        0xc C:\Users\Than\AppData\Local\Temp\VMBuilds\DriverConveyor\STM32_genericSTM32F103C\Debug\core.a(i2c_f1.c.o)
                0x0800107c                __irq_i2c1_er
 .text.__irq_i2c2_er
                0x08001088        0xc C:\Users\Than\AppData\Local\Temp\VMBuilds\DriverConveyor\STM32_genericSTM32F103C\Debug\core.a(i2c_f1.c.o)
                0x08001088                __irq_i2c2_er
 .text._i2c_irq_priority_fixup
                0x08001094       0x1c C:\Users\Than\AppData\Local\Temp\VMBuilds\DriverConveyor\STM32_genericSTM32F103C\Debug\core.a(i2c_f1.c.o)
                0x08001094                _i2c_irq_priority_fixup
 .text.nvic_irq_set_priority
                0x080010b0       0x28 C:\Users\Than\AppData\Local\Temp\VMBuilds\DriverConveyor\STM32_genericSTM32F103C\Debug\core.a(nvic.c.o)
                0x080010b0                nvic_irq_set_priority
 .text.nvic_init
                0x080010d8       0x30 C:\Users\Than\AppData\Local\Temp\VMBuilds\DriverConveyor\STM32_genericSTM32F103C\Debug\core.a(nvic.c.o)
                0x080010d8                nvic_init
 .text.rcc_dev_clk
                0x08001108        0xc C:\Users\Than\AppData\Local\Temp\VMBuilds\DriverConveyor\STM32_genericSTM32F103C\Debug\core.a(rcc.c.o)
                0x08001108                rcc_dev_clk
 .text.rcc_switch_sysclk
                0x08001114       0x20 C:\Users\Than\AppData\Local\Temp\VMBuilds\DriverConveyor\STM32_genericSTM32F103C\Debug\core.a(rcc.c.o)
                0x08001114                rcc_switch_sysclk
 .text.rcc_turn_on_clk
                0x08001134       0x1a C:\Users\Than\AppData\Local\Temp\VMBuilds\DriverConveyor\STM32_genericSTM32F103C\Debug\core.a(rcc.c.o)
                0x08001134                rcc_turn_on_clk
 .text.rcc_turn_off_clk
                0x0800114e       0x1c C:\Users\Than\AppData\Local\Temp\VMBuilds\DriverConveyor\STM32_genericSTM32F103C\Debug\core.a(rcc.c.o)
                0x0800114e                rcc_turn_off_clk
 .text.rcc_is_clk_ready
                0x0800116a       0x18 C:\Users\Than\AppData\Local\Temp\VMBuilds\DriverConveyor\STM32_genericSTM32F103C\Debug\core.a(rcc.c.o)
                0x0800116a                rcc_is_clk_ready
 *fill*         0x08001182        0x2 
 .text.rcc_configure_pll
                0x08001184       0x18 C:\Users\Than\AppData\Local\Temp\VMBuilds\DriverConveyor\STM32_genericSTM32F103C\Debug\core.a(rcc_f1.c.o)
                0x08001184                rcc_configure_pll
 .text.rcc_clk_enable
                0x0800119c       0x30 C:\Users\Than\AppData\Local\Temp\VMBuilds\DriverConveyor\STM32_genericSTM32F103C\Debug\core.a(rcc_f1.c.o)
                0x0800119c                rcc_clk_enable
 .text.rcc_reset_dev
                0x080011cc       0x34 C:\Users\Than\AppData\Local\Temp\VMBuilds\DriverConveyor\STM32_genericSTM32F103C\Debug\core.a(rcc_f1.c.o)
                0x080011cc                rcc_reset_dev
 .text.rcc_set_prescaler
                0x08001200       0x20 C:\Users\Than\AppData\Local\Temp\VMBuilds\DriverConveyor\STM32_genericSTM32F103C\Debug\core.a(rcc_f1.c.o)
                0x08001200                rcc_set_prescaler
 .text.rcc_clk_disable
                0x08001220       0x30 C:\Users\Than\AppData\Local\Temp\VMBuilds\DriverConveyor\STM32_genericSTM32F103C\Debug\core.a(rcc_f1.c.o)
                0x08001220                rcc_clk_disable
 .text.systick_init
                0x08001250       0x10 C:\Users\Than\AppData\Local\Temp\VMBuilds\DriverConveyor\STM32_genericSTM32F103C\Debug\core.a(systick.c.o)
                0x08001250                systick_init
 .text.__exc_systick
                0x08001260       0x1c C:\Users\Than\AppData\Local\Temp\VMBuilds\DriverConveyor\STM32_genericSTM32F103C\Debug\core.a(systick.c.o)
                0x08001260                __exc_systick
 .text.timer_oc_set_mode
                0x0800127c       0x3a C:\Users\Than\AppData\Local\Temp\VMBuilds\DriverConveyor\STM32_genericSTM32F103C\Debug\core.a(timer.c.o)
 .text.timer_cc_enable
                0x080012b6       0x1c C:\Users\Than\AppData\Local\Temp\VMBuilds\DriverConveyor\STM32_genericSTM32F103C\Debug\core.a(timer.c.o)
 *fill*         0x080012d2        0x2 
 .text.timer_foreach
                0x080012d4       0x28 C:\Users\Than\AppData\Local\Temp\VMBuilds\DriverConveyor\STM32_genericSTM32F103C\Debug\core.a(timer.c.o)
                0x080012d4                timer_foreach
 .text.timer_init
                0x080012fc       0x14 C:\Users\Than\AppData\Local\Temp\VMBuilds\DriverConveyor\STM32_genericSTM32F103C\Debug\core.a(timer.c.o)
                0x080012fc                timer_init
 .text.timer_has_cc_channel
                0x08001310       0x30 C:\Users\Than\AppData\Local\Temp\VMBuilds\DriverConveyor\STM32_genericSTM32F103C\Debug\core.a(timer.c.o)
                0x08001310                timer_has_cc_channel
 .text.timer_detach_interrupt
                0x08001340       0x1e C:\Users\Than\AppData\Local\Temp\VMBuilds\DriverConveyor\STM32_genericSTM32F103C\Debug\core.a(timer.c.o)
                0x08001340                timer_detach_interrupt
 .text.input_capture_mode
                0x0800135e       0x1a C:\Users\Than\AppData\Local\Temp\VMBuilds\DriverConveyor\STM32_genericSTM32F103C\Debug\core.a(timer.c.o)
                0x0800135e                input_capture_mode
 .text.timer_set_mode
                0x08001378       0x8c C:\Users\Than\AppData\Local\Temp\VMBuilds\DriverConveyor\STM32_genericSTM32F103C\Debug\core.a(timer.c.o)
                0x08001378                timer_set_mode
 .text.__irq_tim1_brk
                0x08001404       0x24 C:\Users\Than\AppData\Local\Temp\VMBuilds\DriverConveyor\STM32_genericSTM32F103C\Debug\core.a(timer.c.o)
                0x08001404                __irq_tim1_brk
 .text.__irq_tim1_up
                0x08001428       0x24 C:\Users\Than\AppData\Local\Temp\VMBuilds\DriverConveyor\STM32_genericSTM32F103C\Debug\core.a(timer.c.o)
                0x08001428                __irq_tim1_up
 .text.__irq_tim1_trg_com
                0x0800144c       0x38 C:\Users\Than\AppData\Local\Temp\VMBuilds\DriverConveyor\STM32_genericSTM32F103C\Debug\core.a(timer.c.o)
                0x0800144c                __irq_tim1_trg_com
 .text.__irq_tim1_cc
                0x08001484       0x54 C:\Users\Than\AppData\Local\Temp\VMBuilds\DriverConveyor\STM32_genericSTM32F103C\Debug\core.a(timer.c.o)
                0x08001484                __irq_tim1_cc
 .text.__irq_tim2
                0x080014d8       0x70 C:\Users\Than\AppData\Local\Temp\VMBuilds\DriverConveyor\STM32_genericSTM32F103C\Debug\core.a(timer.c.o)
                0x080014d8                __irq_tim2
 .text.__irq_tim3
                0x08001548       0x70 C:\Users\Than\AppData\Local\Temp\VMBuilds\DriverConveyor\STM32_genericSTM32F103C\Debug\core.a(timer.c.o)
                0x08001548                __irq_tim3
 .text.__irq_tim4
                0x080015b8       0x70 C:\Users\Than\AppData\Local\Temp\VMBuilds\DriverConveyor\STM32_genericSTM32F103C\Debug\core.a(timer.c.o)
                0x080015b8                __irq_tim4
 .text.rb_remove
                0x08001628       0x24 C:\Users\Than\AppData\Local\Temp\VMBuilds\DriverConveyor\STM32_genericSTM32F103C\Debug\core.a(usart_f1.c.o)
 .text.rb_push_insert
                0x0800164c       0x52 C:\Users\Than\AppData\Local\Temp\VMBuilds\DriverConveyor\STM32_genericSTM32F103C\Debug\core.a(usart_f1.c.o)
 .text.usart_config_gpios_async
                0x0800169e       0x4a C:\Users\Than\AppData\Local\Temp\VMBuilds\DriverConveyor\STM32_genericSTM32F103C\Debug\core.a(usart_f1.c.o)
                0x0800169e                usart_config_gpios_async
 .text.usart_set_baud_rate
                0x080016e8       0x3c C:\Users\Than\AppData\Local\Temp\VMBuilds\DriverConveyor\STM32_genericSTM32F103C\Debug\core.a(usart_f1.c.o)
                0x080016e8                usart_set_baud_rate
 .text.__irq_usart1
                0x08001724       0x54 C:\Users\Than\AppData\Local\Temp\VMBuilds\DriverConveyor\STM32_genericSTM32F103C\Debug\core.a(usart_f1.c.o)
                0x08001724                __irq_usart1
 .text.__irq_usart2
                0x08001778       0x54 C:\Users\Than\AppData\Local\Temp\VMBuilds\DriverConveyor\STM32_genericSTM32F103C\Debug\core.a(usart_f1.c.o)
                0x08001778                __irq_usart2
 .text.__irq_usart3
                0x080017cc       0x54 C:\Users\Than\AppData\Local\Temp\VMBuilds\DriverConveyor\STM32_genericSTM32F103C\Debug\core.a(usart_f1.c.o)
                0x080017cc                __irq_usart3
 .text._usart_clock_freq
                0x08001820       0x24 C:\Users\Than\AppData\Local\Temp\VMBuilds\DriverConveyor\STM32_genericSTM32F103C\Debug\core.a(usart_private.c.o)
                0x08001820                _usart_clock_freq
 .text.throb    0x08001844       0x4c C:\Users\Than\AppData\Local\Temp\VMBuilds\DriverConveyor\STM32_genericSTM32F103C\Debug\core.a(util.c.o)
                0x08001844                throb
 .text.__error  0x08001890       0x14 C:\Users\Than\AppData\Local\Temp\VMBuilds\DriverConveyor\STM32_genericSTM32F103C\Debug\core.a(util.c.o)
                0x08001890                __error
 .text.usb_resume
                0x080018a4       0xb4 C:\Users\Than\AppData\Local\Temp\VMBuilds\DriverConveyor\STM32_genericSTM32F103C\Debug\core.a(usb.c.o)
 .text.__irq_usb_lp_can_rx0
                0x08001958      0x1c8 C:\Users\Than\AppData\Local\Temp\VMBuilds\DriverConveyor\STM32_genericSTM32F103C\Debug\core.a(usb.c.o)
                0x08001958                __irq_usb_lp_can_rx0
 .text.usb_set_ep_rx_stat
                0x08001b20       0x22 C:\Users\Than\AppData\Local\Temp\VMBuilds\DriverConveyor\STM32_genericSTM32F103C\Debug\core.a(usb_cdcacm.c.o)
 *fill*         0x08001b42        0x2 
 .text.vcomGetSetLineCoding
                0x08001b44       0x18 C:\Users\Than\AppData\Local\Temp\VMBuilds\DriverConveyor\STM32_genericSTM32F103C\Debug\core.a(usb_cdcacm.c.o)
 .text.usbDataSetup
                0x08001b5c       0x54 C:\Users\Than\AppData\Local\Temp\VMBuilds\DriverConveyor\STM32_genericSTM32F103C\Debug\core.a(usb_cdcacm.c.o)
 .text.usbNoDataSetup
                0x08001bb0       0x50 C:\Users\Than\AppData\Local\Temp\VMBuilds\DriverConveyor\STM32_genericSTM32F103C\Debug\core.a(usb_cdcacm.c.o)
 .text.usbGetInterfaceSetting
                0x08001c00       0x10 C:\Users\Than\AppData\Local\Temp\VMBuilds\DriverConveyor\STM32_genericSTM32F103C\Debug\core.a(usb_cdcacm.c.o)
 .text.usbGetStringDescriptor
                0x08001c10       0x20 C:\Users\Than\AppData\Local\Temp\VMBuilds\DriverConveyor\STM32_genericSTM32F103C\Debug\core.a(usb_cdcacm.c.o)
 .text.usbGetConfigDescriptor
                0x08001c30        0xc C:\Users\Than\AppData\Local\Temp\VMBuilds\DriverConveyor\STM32_genericSTM32F103C\Debug\core.a(usb_cdcacm.c.o)
 .text.usbGetDeviceDescriptor
                0x08001c3c        0xc C:\Users\Than\AppData\Local\Temp\VMBuilds\DriverConveyor\STM32_genericSTM32F103C\Debug\core.a(usb_cdcacm.c.o)
 .text.usbInit  0x08001c48       0x44 C:\Users\Than\AppData\Local\Temp\VMBuilds\DriverConveyor\STM32_genericSTM32F103C\Debug\core.a(usb_cdcacm.c.o)
 .text.usbReset
                0x08001c8c      0x160 C:\Users\Than\AppData\Local\Temp\VMBuilds\DriverConveyor\STM32_genericSTM32F103C\Debug\core.a(usb_cdcacm.c.o)
 .text.usb_set_ep_rx_count
                0x08001dec       0x40 C:\Users\Than\AppData\Local\Temp\VMBuilds\DriverConveyor\STM32_genericSTM32F103C\Debug\core.a(usb_reg_map.c.o)
                0x08001dec                usb_set_ep_rx_count
 .text.Standard_GetConfiguration
                0x08001e2c       0x24 C:\Users\Than\AppData\Local\Temp\VMBuilds\DriverConveyor\STM32_genericSTM32F103C\Debug\core.a(usb_core.c.o)
                0x08001e2c                Standard_GetConfiguration
 .text.Standard_GetInterface
                0x08001e50       0x24 C:\Users\Than\AppData\Local\Temp\VMBuilds\DriverConveyor\STM32_genericSTM32F103C\Debug\core.a(usb_core.c.o)
                0x08001e50                Standard_GetInterface
 .text.Standard_GetStatus
                0x08001e74       0x90 C:\Users\Than\AppData\Local\Temp\VMBuilds\DriverConveyor\STM32_genericSTM32F103C\Debug\core.a(usb_core.c.o)
                0x08001e74                Standard_GetStatus
 .text.DataStageIn
                0x08001f04       0xa8 C:\Users\Than\AppData\Local\Temp\VMBuilds\DriverConveyor\STM32_genericSTM32F103C\Debug\core.a(usb_core.c.o)
 .text.Standard_SetConfiguration
                0x08001fac       0x38 C:\Users\Than\AppData\Local\Temp\VMBuilds\DriverConveyor\STM32_genericSTM32F103C\Debug\core.a(usb_core.c.o)
                0x08001fac                Standard_SetConfiguration
 .text.Standard_SetInterface
                0x08001fe4       0x48 C:\Users\Than\AppData\Local\Temp\VMBuilds\DriverConveyor\STM32_genericSTM32F103C\Debug\core.a(usb_core.c.o)
                0x08001fe4                Standard_SetInterface
 .text.Standard_ClearFeature
                0x0800202c       0xd0 C:\Users\Than\AppData\Local\Temp\VMBuilds\DriverConveyor\STM32_genericSTM32F103C\Debug\core.a(usb_core.c.o)
                0x0800202c                Standard_ClearFeature
 .text.Standard_SetEndPointFeature
                0x080020fc       0x84 C:\Users\Than\AppData\Local\Temp\VMBuilds\DriverConveyor\STM32_genericSTM32F103C\Debug\core.a(usb_core.c.o)
                0x080020fc                Standard_SetEndPointFeature
 .text.Standard_SetDeviceFeature
                0x08002180       0x24 C:\Users\Than\AppData\Local\Temp\VMBuilds\DriverConveyor\STM32_genericSTM32F103C\Debug\core.a(usb_core.c.o)
                0x08002180                Standard_SetDeviceFeature
 .text.Standard_GetDescriptorData
                0x080021a4       0x1c C:\Users\Than\AppData\Local\Temp\VMBuilds\DriverConveyor\STM32_genericSTM32F103C\Debug\core.a(usb_core.c.o)
                0x080021a4                Standard_GetDescriptorData
 .text.Post0_Process
                0x080021c0       0x40 C:\Users\Than\AppData\Local\Temp\VMBuilds\DriverConveyor\STM32_genericSTM32F103C\Debug\core.a(usb_core.c.o)
                0x080021c0                Post0_Process
 .text.Setup0_Process
                0x08002200      0x2d0 C:\Users\Than\AppData\Local\Temp\VMBuilds\DriverConveyor\STM32_genericSTM32F103C\Debug\core.a(usb_core.c.o)
                0x08002200                Setup0_Process
 .text.Out0_Process
                0x080024d0       0xc8 C:\Users\Than\AppData\Local\Temp\VMBuilds\DriverConveyor\STM32_genericSTM32F103C\Debug\core.a(usb_core.c.o)
                0x080024d0                Out0_Process
 .text.SetDeviceAddress
                0x08002598       0x38 C:\Users\Than\AppData\Local\Temp\VMBuilds\DriverConveyor\STM32_genericSTM32F103C\Debug\core.a(usb_core.c.o)
                0x08002598                SetDeviceAddress
 .text.In0_Process
                0x080025d0       0x5c C:\Users\Than\AppData\Local\Temp\VMBuilds\DriverConveyor\STM32_genericSTM32F103C\Debug\core.a(usb_core.c.o)
                0x080025d0                In0_Process
 .text.NOP_Process
                0x0800262c        0x2 C:\Users\Than\AppData\Local\Temp\VMBuilds\DriverConveyor\STM32_genericSTM32F103C\Debug\core.a(usb_core.c.o)
                0x0800262c                NOP_Process
 .text.UserToPMABufferCopy
                0x0800262e       0x30 C:\Users\Than\AppData\Local\Temp\VMBuilds\DriverConveyor\STM32_genericSTM32F103C\Debug\core.a(usb_mem.c.o)
                0x0800262e                UserToPMABufferCopy
 .text.PMAToUserBufferCopy
                0x0800265e       0x24 C:\Users\Than\AppData\Local\Temp\VMBuilds\DriverConveyor\STM32_genericSTM32F103C\Debug\core.a(usb_mem.c.o)
                0x0800265e                PMAToUserBufferCopy
 .text.SetEPTxStatus
                0x08002682       0x2a C:\Users\Than\AppData\Local\Temp\VMBuilds\DriverConveyor\STM32_genericSTM32F103C\Debug\core.a(usb_regs.c.o)
                0x08002682                SetEPTxStatus
 .text.ClearDTOG_RX
                0x080026ac       0x20 C:\Users\Than\AppData\Local\Temp\VMBuilds\DriverConveyor\STM32_genericSTM32F103C\Debug\core.a(usb_regs.c.o)
                0x080026ac                ClearDTOG_RX
 .text.ClearDTOG_TX
                0x080026cc       0x20 C:\Users\Than\AppData\Local\Temp\VMBuilds\DriverConveyor\STM32_genericSTM32F103C\Debug\core.a(usb_regs.c.o)
                0x080026cc                ClearDTOG_TX
 .text.GetEPTxAddr
                0x080026ec       0x1c C:\Users\Than\AppData\Local\Temp\VMBuilds\DriverConveyor\STM32_genericSTM32F103C\Debug\core.a(usb_regs.c.o)
                0x080026ec                GetEPTxAddr
 .text.GetEPRxAddr
                0x08002708       0x1c C:\Users\Than\AppData\Local\Temp\VMBuilds\DriverConveyor\STM32_genericSTM32F103C\Debug\core.a(usb_regs.c.o)
                0x08002708                GetEPRxAddr
 .text.SetEPTxCount
                0x08002724       0x1c C:\Users\Than\AppData\Local\Temp\VMBuilds\DriverConveyor\STM32_genericSTM32F103C\Debug\core.a(usb_regs.c.o)
                0x08002724                SetEPTxCount
 .text.SetEPRxCount
                0x08002740       0x40 C:\Users\Than\AppData\Local\Temp\VMBuilds\DriverConveyor\STM32_genericSTM32F103C\Debug\core.a(usb_regs.c.o)
                0x08002740                SetEPRxCount
 .text._Z15attachInterrupthPFvvE17ExtIntTriggerMode
                0x08002780       0x3c C:\Users\Than\AppData\Local\Temp\VMBuilds\DriverConveyor\STM32_genericSTM32F103C\Debug\core.a(ext_interrupts.cpp.o)
                0x08002780                attachInterrupt(unsigned char, void (*)(), ExtIntTriggerMode)
 .text.rb_full_count
                0x080027bc       0x22 C:\Users\Than\AppData\Local\Temp\VMBuilds\DriverConveyor\STM32_genericSTM32F103C\Debug\core.a(HardwareSerial.cpp.o)
 .text._ZN14HardwareSerial4readEv
                0x080027de       0x3a C:\Users\Than\AppData\Local\Temp\VMBuilds\DriverConveyor\STM32_genericSTM32F103C\Debug\core.a(HardwareSerial.cpp.o)
                0x080027de                HardwareSerial::read()
 .text._ZN14HardwareSerial9availableEv
                0x08002818        0xc C:\Users\Than\AppData\Local\Temp\VMBuilds\DriverConveyor\STM32_genericSTM32F103C\Debug\core.a(HardwareSerial.cpp.o)
                0x08002818                HardwareSerial::available()
 .text._ZN14HardwareSerial4peekEv
                0x08002824       0x22 C:\Users\Than\AppData\Local\Temp\VMBuilds\DriverConveyor\STM32_genericSTM32F103C\Debug\core.a(HardwareSerial.cpp.o)
                0x08002824                HardwareSerial::peek()
 .text._ZN14HardwareSerial5flushEv
                0x08002846       0x1a C:\Users\Than\AppData\Local\Temp\VMBuilds\DriverConveyor\STM32_genericSTM32F103C\Debug\core.a(HardwareSerial.cpp.o)
                0x08002846                HardwareSerial::flush()
 .text._ZN14HardwareSerial5writeEh
                0x08002860       0x1e C:\Users\Than\AppData\Local\Temp\VMBuilds\DriverConveyor\STM32_genericSTM32F103C\Debug\core.a(HardwareSerial.cpp.o)
                0x08002860                HardwareSerial::write(unsigned char)
 *fill*         0x0800287e        0x2 
 .text._ZN14HardwareSerialC2EP9usart_devhh
                0x08002880       0x1c C:\Users\Than\AppData\Local\Temp\VMBuilds\DriverConveyor\STM32_genericSTM32F103C\Debug\core.a(HardwareSerial.cpp.o)
                0x08002880                HardwareSerial::HardwareSerial(usart_dev*, unsigned char, unsigned char)
                0x08002880                HardwareSerial::HardwareSerial(usart_dev*, unsigned char, unsigned char)
 .text._ZN14HardwareSerial5beginEmh
                0x0800289c       0x78 C:\Users\Than\AppData\Local\Temp\VMBuilds\DriverConveyor\STM32_genericSTM32F103C\Debug\core.a(HardwareSerial.cpp.o)
                0x0800289c                HardwareSerial::begin(unsigned long, unsigned char)
 .text._ZN14HardwareSerial5beginEm
                0x08002914        0x6 C:\Users\Than\AppData\Local\Temp\VMBuilds\DriverConveyor\STM32_genericSTM32F103C\Debug\core.a(HardwareSerial.cpp.o)
                0x08002914                HardwareSerial::begin(unsigned long)
 .text.startup._Z7premainv
                0x0800291a        0x4 C:\Users\Than\AppData\Local\Temp\VMBuilds\DriverConveyor\STM32_genericSTM32F103C\Debug\core.a(main.cpp.o)
                0x0800291a                premain()
 .text.startup.main
                0x0800291e        0xc C:\Users\Than\AppData\Local\Temp\VMBuilds\DriverConveyor\STM32_genericSTM32F103C\Debug\core.a(main.cpp.o)
                0x0800291e                main
 .text._ZN5Print5writeEPKvm
                0x0800292a       0x20 C:\Users\Than\AppData\Local\Temp\VMBuilds\DriverConveyor\STM32_genericSTM32F103C\Debug\core.a(Print.cpp.o)
                0x0800292a                Print::write(void const*, unsigned long)
 .text._ZN5Print5writeEPKc
                0x0800294a       0x1e C:\Users\Than\AppData\Local\Temp\VMBuilds\DriverConveyor\STM32_genericSTM32F103C\Debug\core.a(Print.cpp.o)
                0x0800294a                Print::write(char const*)
 .text._ZN5Print5printERK6String
                0x08002968       0x10 C:\Users\Than\AppData\Local\Temp\VMBuilds\DriverConveyor\STM32_genericSTM32F103C\Debug\core.a(Print.cpp.o)
                0x08002968                Print::print(String const&)
 .text._ZN5Print5printEc
                0x08002978        0xa C:\Users\Than\AppData\Local\Temp\VMBuilds\DriverConveyor\STM32_genericSTM32F103C\Debug\core.a(Print.cpp.o)
                0x08002978                Print::print(char)
 .text._ZN5Print5printEPKc
                0x08002982        0xa C:\Users\Than\AppData\Local\Temp\VMBuilds\DriverConveyor\STM32_genericSTM32F103C\Debug\core.a(Print.cpp.o)
                0x08002982                Print::print(char const*)
 .text._ZN5Print7printlnEv
                0x0800298c       0x18 C:\Users\Than\AppData\Local\Temp\VMBuilds\DriverConveyor\STM32_genericSTM32F103C\Debug\core.a(Print.cpp.o)
                0x0800298c                Print::println()
 .text._ZN5Print7printlnERK6String
                0x080029a4       0x14 C:\Users\Than\AppData\Local\Temp\VMBuilds\DriverConveyor\STM32_genericSTM32F103C\Debug\core.a(Print.cpp.o)
                0x080029a4                Print::println(String const&)
 .text._ZN5Print7printlnEPKc
                0x080029b8       0x14 C:\Users\Than\AppData\Local\Temp\VMBuilds\DriverConveyor\STM32_genericSTM32F103C\Debug\core.a(Print.cpp.o)
                0x080029b8                Print::println(char const*)
 .text._ZN5Print11printNumberEyh
                0x080029cc       0x84 C:\Users\Than\AppData\Local\Temp\VMBuilds\DriverConveyor\STM32_genericSTM32F103C\Debug\core.a(Print.cpp.o)
                0x080029cc                Print::printNumber(unsigned long long, unsigned char)
 .text._ZN5Print5printExi
                0x08002a50       0x32 C:\Users\Than\AppData\Local\Temp\VMBuilds\DriverConveyor\STM32_genericSTM32F103C\Debug\core.a(Print.cpp.o)
                0x08002a50                Print::print(long long, int)
 .text._ZN5Print5printEii
                0x08002a82       0x12 C:\Users\Than\AppData\Local\Temp\VMBuilds\DriverConveyor\STM32_genericSTM32F103C\Debug\core.a(Print.cpp.o)
                0x08002a82                Print::print(int, int)
 *fill*         0x08002a94        0x4 
 .text._ZN5Print10printFloatEdh
                0x08002a98      0x158 C:\Users\Than\AppData\Local\Temp\VMBuilds\DriverConveyor\STM32_genericSTM32F103C\Debug\core.a(Print.cpp.o)
                0x08002a98                Print::printFloat(double, unsigned char)
 .text._ZN5Print7printlnEdi
                0x08002bf0       0x1c C:\Users\Than\AppData\Local\Temp\VMBuilds\DriverConveyor\STM32_genericSTM32F103C\Debug\core.a(Print.cpp.o)
                0x08002bf0                Print::println(double, int)
 .text._Z8pwmWriteht
                0x08002c0c       0x24 C:\Users\Than\AppData\Local\Temp\VMBuilds\DriverConveyor\STM32_genericSTM32F103C\Debug\core.a(pwm.cpp.o)
                0x08002c0c                pwmWrite(unsigned char, unsigned short)
 .text._Z11analogWritehi
                0x08002c30       0x1c C:\Users\Than\AppData\Local\Temp\VMBuilds\DriverConveyor\STM32_genericSTM32F103C\Debug\core.a(pwm.cpp.o)
                0x08002c30                analogWrite(unsigned char, int)
 .text._Z11digitalReadh
                0x08002c4c       0x2c C:\Users\Than\AppData\Local\Temp\VMBuilds\DriverConveyor\STM32_genericSTM32F103C\Debug\core.a(wirish_digital.cpp.o)
                0x08002c4c                digitalRead(unsigned char)
 .text._Z12digitalWritehh
                0x08002c78       0x2c C:\Users\Than\AppData\Local\Temp\VMBuilds\DriverConveyor\STM32_genericSTM32F103C\Debug\core.a(wirish_digital.cpp.o)
                0x08002c78                digitalWrite(unsigned char, unsigned char)
 .text._ZN6StringD2Ev
                0x08002ca4        0xe C:\Users\Than\AppData\Local\Temp\VMBuilds\DriverConveyor\STM32_genericSTM32F103C\Debug\core.a(WString.cpp.o)
                0x08002ca4                String::~String()
                0x08002ca4                String::~String()
 .text._ZN6String10invalidateEv
                0x08002cb2       0x16 C:\Users\Than\AppData\Local\Temp\VMBuilds\DriverConveyor\STM32_genericSTM32F103C\Debug\core.a(WString.cpp.o)
                0x08002cb2                String::invalidate()
 .text._ZN6String12changeBufferEj
                0x08002cc8       0x18 C:\Users\Than\AppData\Local\Temp\VMBuilds\DriverConveyor\STM32_genericSTM32F103C\Debug\core.a(WString.cpp.o)
                0x08002cc8                String::changeBuffer(unsigned int)
 .text._ZN6String7reserveEj
                0x08002ce0       0x22 C:\Users\Than\AppData\Local\Temp\VMBuilds\DriverConveyor\STM32_genericSTM32F103C\Debug\core.a(WString.cpp.o)
                0x08002ce0                String::reserve(unsigned int)
 .text._ZN6String4copyEPKcj
                0x08002d02       0x26 C:\Users\Than\AppData\Local\Temp\VMBuilds\DriverConveyor\STM32_genericSTM32F103C\Debug\core.a(WString.cpp.o)
                0x08002d02                String::copy(char const*, unsigned int)
 .text._ZN6StringC2EPKc
                0x08002d28       0x24 C:\Users\Than\AppData\Local\Temp\VMBuilds\DriverConveyor\STM32_genericSTM32F103C\Debug\core.a(WString.cpp.o)
                0x08002d28                String::String(char const*)
                0x08002d28                String::String(char const*)
 .text._ZN6StringaSERKS_
                0x08002d4c       0x1e C:\Users\Than\AppData\Local\Temp\VMBuilds\DriverConveyor\STM32_genericSTM32F103C\Debug\core.a(WString.cpp.o)
                0x08002d4c                String::operator=(String const&)
 .text._ZN6StringC2ERKS_
                0x08002d6a       0x14 C:\Users\Than\AppData\Local\Temp\VMBuilds\DriverConveyor\STM32_genericSTM32F103C\Debug\core.a(WString.cpp.o)
                0x08002d6a                String::String(String const&)
                0x08002d6a                String::String(String const&)
 .text._ZN6StringaSEPKc
                0x08002d7e       0x22 C:\Users\Than\AppData\Local\Temp\VMBuilds\DriverConveyor\STM32_genericSTM32F103C\Debug\core.a(WString.cpp.o)
                0x08002d7e                String::operator=(char const*)
 .text._ZN6StringC2Efh
                0x08002da0       0x32 C:\Users\Than\AppData\Local\Temp\VMBuilds\DriverConveyor\STM32_genericSTM32F103C\Debug\core.a(WString.cpp.o)
                0x08002da0                String::String(float, unsigned char)
                0x08002da0                String::String(float, unsigned char)
 .text._ZN6String6concatEPKcj
                0x08002dd2       0x2e C:\Users\Than\AppData\Local\Temp\VMBuilds\DriverConveyor\STM32_genericSTM32F103C\Debug\core.a(WString.cpp.o)
                0x08002dd2                String::concat(char const*, unsigned int)
 .text._ZN6String6concatEc
                0x08002e00       0x1a C:\Users\Than\AppData\Local\Temp\VMBuilds\DriverConveyor\STM32_genericSTM32F103C\Debug\core.a(WString.cpp.o)
                0x08002e00                String::concat(char)
 .text._ZplRK15StringSumHelperRK6String
                0x08002e1a       0x1a C:\Users\Than\AppData\Local\Temp\VMBuilds\DriverConveyor\STM32_genericSTM32F103C\Debug\core.a(WString.cpp.o)
                0x08002e1a                operator+(StringSumHelper const&, String const&)
 .text._ZNK6String6equalsEPKc
                0x08002e34       0x26 C:\Users\Than\AppData\Local\Temp\VMBuilds\DriverConveyor\STM32_genericSTM32F103C\Debug\core.a(WString.cpp.o)
                0x08002e34                String::equals(char const*) const
 *fill*         0x08002e5a        0x2 
 .text._ZNK6String9substringEjj
                0x08002e5c       0x4c C:\Users\Than\AppData\Local\Temp\VMBuilds\DriverConveyor\STM32_genericSTM32F103C\Debug\core.a(WString.cpp.o)
                0x08002e5c                String::substring(unsigned int, unsigned int) const
 .text._ZNK6String7toFloatEv
                0x08002ea8       0x14 C:\Users\Than\AppData\Local\Temp\VMBuilds\DriverConveyor\STM32_genericSTM32F103C\Debug\core.a(WString.cpp.o)
                0x08002ea8                String::toFloat() const
 .text._Z7pinModeh13WiringPinMode
                0x08002ebc       0x84 C:\Users\Than\AppData\Local\Temp\VMBuilds\DriverConveyor\STM32_genericSTM32F103C\Debug\core.a(wirish_digital_f1.cpp.o)
                0x08002ebc                pinMode(unsigned char, WiringPinMode)
 .text.dtostrf  0x08002f40       0x28 C:\Users\Than\AppData\Local\Temp\VMBuilds\DriverConveyor\STM32_genericSTM32F103C\Debug\core.a(dtostrf.c.o)
                0x08002f40                dtostrf
 .text.gpio_init
                0x08002f68       0x14 C:\Users\Than\AppData\Local\Temp\VMBuilds\DriverConveyor\STM32_genericSTM32F103C\Debug\core.a(gpio.c.o)
                0x08002f68                gpio_init
 .text.i2c_start_condition
                0x08002f7c       0x14 C:\Users\Than\AppData\Local\Temp\VMBuilds\DriverConveyor\STM32_genericSTM32F103C\Debug\core.a(i2c.c.o)
 .text.i2c_stop_condition
                0x08002f90       0x1c C:\Users\Than\AppData\Local\Temp\VMBuilds\DriverConveyor\STM32_genericSTM32F103C\Debug\core.a(i2c.c.o)
 .text._i2c_irq_handler
                0x08002fac      0x16c C:\Users\Than\AppData\Local\Temp\VMBuilds\DriverConveyor\STM32_genericSTM32F103C\Debug\core.a(i2c.c.o)
                0x08002fac                _i2c_irq_handler
 .text._i2c_irq_error_handler
                0x08003118       0x2a C:\Users\Than\AppData\Local\Temp\VMBuilds\DriverConveyor\STM32_genericSTM32F103C\Debug\core.a(i2c.c.o)
                0x08003118                _i2c_irq_error_handler
 *fill*         0x08003142        0x2 
 .text.usart_init
                0x08003144       0x4c C:\Users\Than\AppData\Local\Temp\VMBuilds\DriverConveyor\STM32_genericSTM32F103C\Debug\core.a(usart.c.o)
                0x08003144                usart_init
 .text.usart_enable
                0x08003190       0x14 C:\Users\Than\AppData\Local\Temp\VMBuilds\DriverConveyor\STM32_genericSTM32F103C\Debug\core.a(usart.c.o)
                0x08003190                usart_enable
 .text.usart_tx
                0x080031a4       0x9c C:\Users\Than\AppData\Local\Temp\VMBuilds\DriverConveyor\STM32_genericSTM32F103C\Debug\core.a(usart.c.o)
                0x080031a4                usart_tx
 .text.__aeabi_atexit
                0x08003240        0xc c:/users/than/appdata/local/arduino15/packages/arduino/tools/arm-none-eabi-gcc/4.8.3-2014q1/bin/../lib/gcc/arm-none-eabi/4.8.3/../../../../arm-none-eabi/lib/armv7-m\libstdc++.a(atexit_arm.o)
                0x08003240                __aeabi_atexit
 .text          0x0800324c      0x370 c:/users/than/appdata/local/arduino15/packages/arduino/tools/arm-none-eabi-gcc/4.8.3-2014q1/bin/../lib/gcc/arm-none-eabi/4.8.3/armv7-m\libgcc.a(_arm_addsubdf3.o)
                0x0800324c                __aeabi_drsub
                0x08003254                __aeabi_dsub
                0x08003254                __subdf3
                0x08003258                __aeabi_dadd
                0x08003258                __adddf3
                0x080034d0                __floatunsidf
                0x080034d0                __aeabi_ui2d
                0x080034f0                __floatsidf
                0x080034f0                __aeabi_i2d
                0x08003514                __aeabi_f2d
                0x08003514                __extendsfdf2
                0x08003550                __floatundidf
                0x08003550                __aeabi_ul2d
                0x08003560                __floatdidf
                0x08003560                __aeabi_l2d
 .text          0x080035bc      0x424 c:/users/than/appdata/local/arduino15/packages/arduino/tools/arm-none-eabi-gcc/4.8.3-2014q1/bin/../lib/gcc/arm-none-eabi/4.8.3/armv7-m\libgcc.a(_arm_muldivdf3.o)
                0x080035bc                __aeabi_dmul
                0x080035bc                __muldf3
                0x08003810                __divdf3
                0x08003810                __aeabi_ddiv
 .text          0x080039e0      0x110 c:/users/than/appdata/local/arduino15/packages/arduino/tools/arm-none-eabi-gcc/4.8.3-2014q1/bin/../lib/gcc/arm-none-eabi/4.8.3/armv7-m\libgcc.a(_arm_cmpdf2.o)
                0x080039e0                __gtdf2
                0x080039e0                __gedf2
                0x080039e8                __ltdf2
                0x080039e8                __ledf2
                0x080039f0                __nedf2
                0x080039f0                __eqdf2
                0x080039f0                __cmpdf2
                0x08003a6c                __aeabi_cdrcmple
                0x08003a7c                __aeabi_cdcmpeq
                0x08003a7c                __aeabi_cdcmple
                0x08003a8c                __aeabi_dcmpeq
                0x08003aa0                __aeabi_dcmplt
                0x08003ab4                __aeabi_dcmple
                0x08003ac8                __aeabi_dcmpge
                0x08003adc                __aeabi_dcmpgt
 .text          0x08003af0       0x50 c:/users/than/appdata/local/arduino15/packages/arduino/tools/arm-none-eabi-gcc/4.8.3-2014q1/bin/../lib/gcc/arm-none-eabi/4.8.3/armv7-m\libgcc.a(_arm_fixdfsi.o)
                0x08003af0                __aeabi_d2iz
                0x08003af0                __fixdfsi
 .text          0x08003b40       0xa0 c:/users/than/appdata/local/arduino15/packages/arduino/tools/arm-none-eabi-gcc/4.8.3-2014q1/bin/../lib/gcc/arm-none-eabi/4.8.3/armv7-m\libgcc.a(_arm_truncdfsf2.o)
                0x08003b40                __truncdfsf2
                0x08003b40                __aeabi_d2f
 .text          0x08003be0      0x21c c:/users/than/appdata/local/arduino15/packages/arduino/tools/arm-none-eabi-gcc/4.8.3-2014q1/bin/../lib/gcc/arm-none-eabi/4.8.3/armv7-m\libgcc.a(_arm_addsubsf3.o)
                0x08003be0                __aeabi_frsub
                0x08003be8                __subsf3
                0x08003be8                __aeabi_fsub
                0x08003bec                __aeabi_fadd
                0x08003bec                __addsf3
                0x08003d4c                __aeabi_ui2f
                0x08003d4c                __floatunsisf
                0x08003d54                __aeabi_i2f
                0x08003d54                __floatsisf
                0x08003d70                __aeabi_ul2f
                0x08003d70                __floatundisf
                0x08003d80                __aeabi_l2f
                0x08003d80                __floatdisf
 .text          0x08003dfc      0x2a0 c:/users/than/appdata/local/arduino15/packages/arduino/tools/arm-none-eabi-gcc/4.8.3-2014q1/bin/../lib/gcc/arm-none-eabi/4.8.3/armv7-m\libgcc.a(_arm_muldivsf3.o)
                0x08003dfc                __mulsf3
                0x08003dfc                __aeabi_fmul
                0x08003f64                __aeabi_fdiv
                0x08003f64                __divsf3
 .text          0x0800409c       0xec c:/users/than/appdata/local/arduino15/packages/arduino/tools/arm-none-eabi-gcc/4.8.3-2014q1/bin/../lib/gcc/arm-none-eabi/4.8.3/armv7-m\libgcc.a(_arm_cmpsf2.o)
                0x0800409c                __gesf2
                0x0800409c                __gtsf2
                0x080040a4                __lesf2
                0x080040a4                __ltsf2
                0x080040ac                __nesf2
                0x080040ac                __eqsf2
                0x080040ac                __cmpsf2
                0x0800410c                __aeabi_cfrcmple
                0x08004114                __aeabi_cfcmpeq
                0x08004114                __aeabi_cfcmple
                0x08004124                __aeabi_fcmpeq
                0x08004138                __aeabi_fcmplt
                0x0800414c                __aeabi_fcmple
                0x08004160                __aeabi_fcmpge
                0x08004174                __aeabi_fcmpgt
 .text          0x08004188       0x4c c:/users/than/appdata/local/arduino15/packages/arduino/tools/arm-none-eabi-gcc/4.8.3-2014q1/bin/../lib/gcc/arm-none-eabi/4.8.3/armv7-m\libgcc.a(_arm_fixsfsi.o)
                0x08004188                __aeabi_f2iz
                0x08004188                __fixsfsi
 .text          0x080041d4       0x40 c:/users/than/appdata/local/arduino15/packages/arduino/tools/arm-none-eabi-gcc/4.8.3-2014q1/bin/../lib/gcc/arm-none-eabi/4.8.3/armv7-m\libgcc.a(_arm_fixunssfsi.o)
                0x080041d4                __fixunssfsi
                0x080041d4                __aeabi_f2uiz
 .text          0x08004214       0x2c c:/users/than/appdata/local/arduino15/packages/arduino/tools/arm-none-eabi-gcc/4.8.3-2014q1/bin/../lib/gcc/arm-none-eabi/4.8.3/armv7-m\libgcc.a(_aeabi_uldivmod.o)
                0x08004214                __aeabi_uldivmod
 .text          0x08004240       0x30 c:/users/than/appdata/local/arduino15/packages/arduino/tools/arm-none-eabi-gcc/4.8.3-2014q1/bin/../lib/gcc/arm-none-eabi/4.8.3/armv7-m\libgcc.a(_fixdfdi.o)
                0x08004240                __fixdfdi
                0x08004240                __aeabi_d2lz
 .text          0x08004270       0x44 c:/users/than/appdata/local/arduino15/packages/arduino/tools/arm-none-eabi-gcc/4.8.3-2014q1/bin/../lib/gcc/arm-none-eabi/4.8.3/armv7-m\libgcc.a(_fixunsdfdi.o)
                0x08004270                __fixunsdfdi
                0x08004270                __aeabi_d2ulz
 .text          0x080042b4       0x60 c:/users/than/appdata/local/arduino15/packages/arduino/tools/arm-none-eabi-gcc/4.8.3-2014q1/bin/../lib/gcc/arm-none-eabi/4.8.3/armv7-m\libgcc.a(bpabi.o)
                0x080042b4                __gnu_ldivmod_helper
                0x080042e4                __gnu_uldivmod_helper
 .text          0x08004314        0x4 c:/users/than/appdata/local/arduino15/packages/arduino/tools/arm-none-eabi-gcc/4.8.3-2014q1/bin/../lib/gcc/arm-none-eabi/4.8.3/armv7-m\libgcc.a(_dvmd_tls.o)
                0x08004314                __aeabi_idiv0
                0x08004314                __aeabi_ldiv0
 .text          0x08004318       0x40 c:/users/than/appdata/local/arduino15/packages/arduino/tools/arm-none-eabi-gcc/4.8.3-2014q1/bin/../lib/gcc/arm-none-eabi/4.8.3/armv7-m\libgcc.a(_arm_fixunsdfsi.o)
                0x08004318                __aeabi_d2uiz
                0x08004318                __fixunsdfsi
 .text          0x08004358      0x2a0 c:/users/than/appdata/local/arduino15/packages/arduino/tools/arm-none-eabi-gcc/4.8.3-2014q1/bin/../lib/gcc/arm-none-eabi/4.8.3/armv7-m\libgcc.a(_divdi3.o)
                0x08004358                __divdi3
 .text          0x080045f8      0x290 c:/users/than/appdata/local/arduino15/packages/arduino/tools/arm-none-eabi-gcc/4.8.3-2014q1/bin/../lib/gcc/arm-none-eabi/4.8.3/armv7-m\libgcc.a(_udivdi3.o)
                0x080045f8                __udivdi3
 .text.atof     0x08004888        0x8 c:/users/than/appdata/local/arduino15/packages/arduino/tools/arm-none-eabi-gcc/4.8.3-2014q1/bin/../lib/gcc/arm-none-eabi/4.8.3/../../../../arm-none-eabi/lib/armv7-m\libc.a(lib_a-atof.o)
                0x08004888                atof
 .text.__cxa_atexit
                0x08004890       0x14 c:/users/than/appdata/local/arduino15/packages/arduino/tools/arm-none-eabi-gcc/4.8.3-2014q1/bin/../lib/gcc/arm-none-eabi/4.8.3/../../../../arm-none-eabi/lib/armv7-m\libc.a(lib_a-cxa_atexit.o)
                0x08004890                __cxa_atexit
 .text.__errno  0x080048a4        0xc c:/users/than/appdata/local/arduino15/packages/arduino/tools/arm-none-eabi-gcc/4.8.3-2014q1/bin/../lib/gcc/arm-none-eabi/4.8.3/../../../../arm-none-eabi/lib/armv7-m\libc.a(lib_a-errno.o)
                0x080048a4                __errno
 .text.exit     0x080048b0       0x20 c:/users/than/appdata/local/arduino15/packages/arduino/tools/arm-none-eabi-gcc/4.8.3-2014q1/bin/../lib/gcc/arm-none-eabi/4.8.3/../../../../arm-none-eabi/lib/armv7-m\libc.a(lib_a-exit.o)
                0x080048b0                exit
 .text.__libc_init_array
                0x080048d0       0x50 c:/users/than/appdata/local/arduino15/packages/arduino/tools/arm-none-eabi-gcc/4.8.3-2014q1/bin/../lib/gcc/arm-none-eabi/4.8.3/../../../../arm-none-eabi/lib/armv7-m\libc.a(lib_a-init.o)
                0x080048d0                __libc_init_array
 .text.malloc   0x08004920       0x10 c:/users/than/appdata/local/arduino15/packages/arduino/tools/arm-none-eabi-gcc/4.8.3-2014q1/bin/../lib/gcc/arm-none-eabi/4.8.3/../../../../arm-none-eabi/lib/armv7-m\libc.a(lib_a-malloc.o)
                0x08004920                malloc
 .text.free     0x08004930       0x10 c:/users/than/appdata/local/arduino15/packages/arduino/tools/arm-none-eabi-gcc/4.8.3-2014q1/bin/../lib/gcc/arm-none-eabi/4.8.3/../../../../arm-none-eabi/lib/armv7-m\libc.a(lib_a-malloc.o)
                0x08004930                free
 .text._malloc_r
                0x08004940      0x538 c:/users/than/appdata/local/arduino15/packages/arduino/tools/arm-none-eabi-gcc/4.8.3-2014q1/bin/../lib/gcc/arm-none-eabi/4.8.3/../../../../arm-none-eabi/lib/armv7-m\libc.a(lib_a-mallocr.o)
                0x08004940                _malloc_r
 .text          0x08004e78       0xec c:/users/than/appdata/local/arduino15/packages/arduino/tools/arm-none-eabi-gcc/4.8.3-2014q1/bin/../lib/gcc/arm-none-eabi/4.8.3/../../../../arm-none-eabi/lib/armv7-m\libc.a(lib_a-memcpy.o)
                0x08004e78                memcpy
 .text.memmove  0x08004f64       0xcc c:/users/than/appdata/local/arduino15/packages/arduino/tools/arm-none-eabi-gcc/4.8.3-2014q1/bin/../lib/gcc/arm-none-eabi/4.8.3/../../../../arm-none-eabi/lib/armv7-m\libc.a(lib_a-memmove.o)
                0x08004f64                memmove
 .text.memset   0x08005030       0x94 c:/users/than/appdata/local/arduino15/packages/arduino/tools/arm-none-eabi-gcc/4.8.3-2014q1/bin/../lib/gcc/arm-none-eabi/4.8.3/../../../../arm-none-eabi/lib/armv7-m\libc.a(lib_a-memset.o)
                0x08005030                memset
 .text.__malloc_lock
                0x080050c4        0x4 c:/users/than/appdata/local/arduino15/packages/arduino/tools/arm-none-eabi-gcc/4.8.3-2014q1/bin/../lib/gcc/arm-none-eabi/4.8.3/../../../../arm-none-eabi/lib/armv7-m\libc.a(lib_a-mlock.o)
                0x080050c4                __malloc_lock
 .text.__malloc_unlock
                0x080050c8        0x4 c:/users/than/appdata/local/arduino15/packages/arduino/tools/arm-none-eabi-gcc/4.8.3-2014q1/bin/../lib/gcc/arm-none-eabi/4.8.3/../../../../arm-none-eabi/lib/armv7-m\libc.a(lib_a-mlock.o)
                0x080050c8                __malloc_unlock
 .text.realloc  0x080050cc       0x10 c:/users/than/appdata/local/arduino15/packages/arduino/tools/arm-none-eabi-gcc/4.8.3-2014q1/bin/../lib/gcc/arm-none-eabi/4.8.3/../../../../arm-none-eabi/lib/armv7-m\libc.a(lib_a-realloc.o)
                0x080050cc                realloc
 .text._realloc_r
                0x080050dc      0x3c0 c:/users/than/appdata/local/arduino15/packages/arduino/tools/arm-none-eabi-gcc/4.8.3-2014q1/bin/../lib/gcc/arm-none-eabi/4.8.3/../../../../arm-none-eabi/lib/armv7-m\libc.a(lib_a-reallocr.o)
                0x080050dc                _realloc_r
 .text._sbrk_r  0x0800549c       0x24 c:/users/than/appdata/local/arduino15/packages/arduino/tools/arm-none-eabi-gcc/4.8.3-2014q1/bin/../lib/gcc/arm-none-eabi/4.8.3/../../../../arm-none-eabi/lib/armv7-m\libc.a(lib_a-sbrkr.o)
                0x0800549c                _sbrk_r
 .text.sprintf  0x080054c0       0x4c c:/users/than/appdata/local/arduino15/packages/arduino/tools/arm-none-eabi-gcc/4.8.3-2014q1/bin/../lib/gcc/arm-none-eabi/4.8.3/../../../../arm-none-eabi/lib/armv7-m\libc.a(lib_a-sprintf.o)
                0x080054c0                sprintf
 .text          0x0800550c      0x23c c:/users/than/appdata/local/arduino15/packages/arduino/tools/arm-none-eabi-gcc/4.8.3-2014q1/bin/../lib/gcc/arm-none-eabi/4.8.3/../../../../arm-none-eabi/lib/armv7-m\libc.a(lib_a-strcmp.o)
                0x0800550c                strcmp
 .text.strcpy   0x08005748       0xbc c:/users/than/appdata/local/arduino15/packages/arduino/tools/arm-none-eabi-gcc/4.8.3-2014q1/bin/../lib/gcc/arm-none-eabi/4.8.3/../../../../arm-none-eabi/lib/armv7-m\libc.a(lib_a-strcpy.o)
                0x08005748                strcpy
 .text.strlen   0x08005804       0x60 c:/users/than/appdata/local/arduino15/packages/arduino/tools/arm-none-eabi-gcc/4.8.3-2014q1/bin/../lib/gcc/arm-none-eabi/4.8.3/../../../../arm-none-eabi/lib/armv7-m\libc.a(lib_a-strlen.o)
                0x08005804                strlen
 .text.strncmp  0x08005864       0xb4 c:/users/than/appdata/local/arduino15/packages/arduino/tools/arm-none-eabi-gcc/4.8.3-2014q1/bin/../lib/gcc/arm-none-eabi/4.8.3/../../../../arm-none-eabi/lib/armv7-m\libc.a(lib_a-strncmp.o)
                0x08005864                strncmp
 .text.sulp     0x08005918       0x40 c:/users/than/appdata/local/arduino15/packages/arduino/tools/arm-none-eabi-gcc/4.8.3-2014q1/bin/../lib/gcc/arm-none-eabi/4.8.3/../../../../arm-none-eabi/lib/armv7-m\libc.a(lib_a-strtod.o)
 .text._strtod_r
                0x08005958      0xf38 c:/users/than/appdata/local/arduino15/packages/arduino/tools/arm-none-eabi-gcc/4.8.3-2014q1/bin/../lib/gcc/arm-none-eabi/4.8.3/../../../../arm-none-eabi/lib/armv7-m\libc.a(lib_a-strtod.o)
                0x08005958                _strtod_r
 .text.strtod   0x08006890       0x10 c:/users/than/appdata/local/arduino15/packages/arduino/tools/arm-none-eabi-gcc/4.8.3-2014q1/bin/../lib/gcc/arm-none-eabi/4.8.3/../../../../arm-none-eabi/lib/armv7-m\libc.a(lib_a-strtod.o)
                0x08006890                strtod
 .text._svfprintf_r
                0x080068a0     0x14e0 c:/users/than/appdata/local/arduino15/packages/arduino/tools/arm-none-eabi-gcc/4.8.3-2014q1/bin/../lib/gcc/arm-none-eabi/4.8.3/../../../../arm-none-eabi/lib/armv7-m\libc.a(lib_a-svfprintf.o)
                0x080068a0                _svfprintf_r
 .text.__register_exitproc
                0x08007d80       0xa8 c:/users/than/appdata/local/arduino15/packages/arduino/tools/arm-none-eabi-gcc/4.8.3-2014q1/bin/../lib/gcc/arm-none-eabi/4.8.3/../../../../arm-none-eabi/lib/armv7-m\libc.a(lib_a-__atexit.o)
                0x08007d80                __register_exitproc
 .text.startup.register_fini
                0x08007e28       0x14 c:/users/than/appdata/local/arduino15/packages/arduino/tools/arm-none-eabi-gcc/4.8.3-2014q1/bin/../lib/gcc/arm-none-eabi/4.8.3/../../../../arm-none-eabi/lib/armv7-m\libc.a(lib_a-__call_atexit.o)
 .text.__call_exitprocs
                0x08007e3c       0xf0 c:/users/than/appdata/local/arduino15/packages/arduino/tools/arm-none-eabi-gcc/4.8.3-2014q1/bin/../lib/gcc/arm-none-eabi/4.8.3/../../../../arm-none-eabi/lib/armv7-m\libc.a(lib_a-__call_atexit.o)
                0x08007e3c                __call_exitprocs
 .text.atexit   0x08007f2c        0xc c:/users/than/appdata/local/arduino15/packages/arduino/tools/arm-none-eabi-gcc/4.8.3-2014q1/bin/../lib/gcc/arm-none-eabi/4.8.3/../../../../arm-none-eabi/lib/armv7-m\libc.a(lib_a-atexit.o)
                0x08007f2c                atexit
 .text.quorem   0x08007f38      0x134 c:/users/than/appdata/local/arduino15/packages/arduino/tools/arm-none-eabi-gcc/4.8.3-2014q1/bin/../lib/gcc/arm-none-eabi/4.8.3/../../../../arm-none-eabi/lib/armv7-m\libc.a(lib_a-dtoa.o)
 *fill*         0x0800806c        0x4 
 .text._dtoa_r  0x08008070      0xe38 c:/users/than/appdata/local/arduino15/packages/arduino/tools/arm-none-eabi-gcc/4.8.3-2014q1/bin/../lib/gcc/arm-none-eabi/4.8.3/../../../../arm-none-eabi/lib/armv7-m\libc.a(lib_a-dtoa.o)
                0x08008070                _dtoa_r
 .text.__libc_fini_array
                0x08008ea8       0x30 c:/users/than/appdata/local/arduino15/packages/arduino/tools/arm-none-eabi-gcc/4.8.3-2014q1/bin/../lib/gcc/arm-none-eabi/4.8.3/../../../../arm-none-eabi/lib/armv7-m\libc.a(lib_a-fini.o)
                0x08008ea8                __libc_fini_array
 .text._malloc_trim_r
                0x08008ed8       0x9c c:/users/than/appdata/local/arduino15/packages/arduino/tools/arm-none-eabi-gcc/4.8.3-2014q1/bin/../lib/gcc/arm-none-eabi/4.8.3/../../../../arm-none-eabi/lib/armv7-m\libc.a(lib_a-freer.o)
                0x08008ed8                _malloc_trim_r
 .text._free_r  0x08008f74      0x198 c:/users/than/appdata/local/arduino15/packages/arduino/tools/arm-none-eabi-gcc/4.8.3-2014q1/bin/../lib/gcc/arm-none-eabi/4.8.3/../../../../arm-none-eabi/lib/armv7-m\libc.a(lib_a-freer.o)
                0x08008f74                _free_r
 .text.rshift   0x0800910c       0xa0 c:/users/than/appdata/local/arduino15/packages/arduino/tools/arm-none-eabi-gcc/4.8.3-2014q1/bin/../lib/gcc/arm-none-eabi/4.8.3/../../../../arm-none-eabi/lib/armv7-m\libc.a(lib_a-gdtoa-gethex.o)
 .text.__gethex
                0x080091ac      0x52c c:/users/than/appdata/local/arduino15/packages/arduino/tools/arm-none-eabi-gcc/4.8.3-2014q1/bin/../lib/gcc/arm-none-eabi/4.8.3/../../../../arm-none-eabi/lib/armv7-m\libc.a(lib_a-gdtoa-gethex.o)
                0x080091ac                __gethex
 .text.__hexnan
                0x080096d8      0x194 c:/users/than/appdata/local/arduino15/packages/arduino/tools/arm-none-eabi-gcc/4.8.3-2014q1/bin/../lib/gcc/arm-none-eabi/4.8.3/../../../../arm-none-eabi/lib/armv7-m\libc.a(lib_a-gdtoa-hexnan.o)
                0x080096d8                __hexnan
 .text._localeconv_r
                0x0800986c        0x8 c:/users/than/appdata/local/arduino15/packages/arduino/tools/arm-none-eabi-gcc/4.8.3-2014q1/bin/../lib/gcc/arm-none-eabi/4.8.3/../../../../arm-none-eabi/lib/armv7-m\libc.a(lib_a-locale.o)
                0x0800986c                _localeconv_r
 .text.memchr   0x08009874       0x94 c:/users/than/appdata/local/arduino15/packages/arduino/tools/arm-none-eabi-gcc/4.8.3-2014q1/bin/../lib/gcc/arm-none-eabi/4.8.3/../../../../arm-none-eabi/lib/armv7-m\libc.a(lib_a-memchr-stub.o)
                0x08009874                memchr
 .text._Balloc  0x08009908       0x4c c:/users/than/appdata/local/arduino15/packages/arduino/tools/arm-none-eabi-gcc/4.8.3-2014q1/bin/../lib/gcc/arm-none-eabi/4.8.3/../../../../arm-none-eabi/lib/armv7-m\libc.a(lib_a-mprec.o)
                0x08009908                _Balloc
 .text._Bfree   0x08009954       0x14 c:/users/than/appdata/local/arduino15/packages/arduino/tools/arm-none-eabi-gcc/4.8.3-2014q1/bin/../lib/gcc/arm-none-eabi/4.8.3/../../../../arm-none-eabi/lib/armv7-m\libc.a(lib_a-mprec.o)
                0x08009954                _Bfree
 .text.__multadd
                0x08009968       0x94 c:/users/than/appdata/local/arduino15/packages/arduino/tools/arm-none-eabi-gcc/4.8.3-2014q1/bin/../lib/gcc/arm-none-eabi/4.8.3/../../../../arm-none-eabi/lib/armv7-m\libc.a(lib_a-mprec.o)
                0x08009968                __multadd
 .text.__s2b    0x080099fc       0x98 c:/users/than/appdata/local/arduino15/packages/arduino/tools/arm-none-eabi-gcc/4.8.3-2014q1/bin/../lib/gcc/arm-none-eabi/4.8.3/../../../../arm-none-eabi/lib/armv7-m\libc.a(lib_a-mprec.o)
                0x080099fc                __s2b
 .text.__hi0bits
                0x08009a94       0x40 c:/users/than/appdata/local/arduino15/packages/arduino/tools/arm-none-eabi-gcc/4.8.3-2014q1/bin/../lib/gcc/arm-none-eabi/4.8.3/../../../../arm-none-eabi/lib/armv7-m\libc.a(lib_a-mprec.o)
                0x08009a94                __hi0bits
 .text.__lo0bits
                0x08009ad4       0x5c c:/users/than/appdata/local/arduino15/packages/arduino/tools/arm-none-eabi-gcc/4.8.3-2014q1/bin/../lib/gcc/arm-none-eabi/4.8.3/../../../../arm-none-eabi/lib/armv7-m\libc.a(lib_a-mprec.o)
                0x08009ad4                __lo0bits
 .text.__i2b    0x08009b30       0x14 c:/users/than/appdata/local/arduino15/packages/arduino/tools/arm-none-eabi-gcc/4.8.3-2014q1/bin/../lib/gcc/arm-none-eabi/4.8.3/../../../../arm-none-eabi/lib/armv7-m\libc.a(lib_a-mprec.o)
                0x08009b30                __i2b
 .text.__multiply
                0x08009b44      0x13c c:/users/than/appdata/local/arduino15/packages/arduino/tools/arm-none-eabi-gcc/4.8.3-2014q1/bin/../lib/gcc/arm-none-eabi/4.8.3/../../../../arm-none-eabi/lib/armv7-m\libc.a(lib_a-mprec.o)
                0x08009b44                __multiply
 .text.__pow5mult
                0x08009c80       0x9c c:/users/than/appdata/local/arduino15/packages/arduino/tools/arm-none-eabi-gcc/4.8.3-2014q1/bin/../lib/gcc/arm-none-eabi/4.8.3/../../../../arm-none-eabi/lib/armv7-m\libc.a(lib_a-mprec.o)
                0x08009c80                __pow5mult
 .text.__lshift
                0x08009d1c       0xbc c:/users/than/appdata/local/arduino15/packages/arduino/tools/arm-none-eabi-gcc/4.8.3-2014q1/bin/../lib/gcc/arm-none-eabi/4.8.3/../../../../arm-none-eabi/lib/armv7-m\libc.a(lib_a-mprec.o)
                0x08009d1c                __lshift
 .text.__mcmp   0x08009dd8       0x48 c:/users/than/appdata/local/arduino15/packages/arduino/tools/arm-none-eabi-gcc/4.8.3-2014q1/bin/../lib/gcc/arm-none-eabi/4.8.3/../../../../arm-none-eabi/lib/armv7-m\libc.a(lib_a-mprec.o)
                0x08009dd8                __mcmp
 .text.__mdiff  0x08009e20       0xd8 c:/users/than/appdata/local/arduino15/packages/arduino/tools/arm-none-eabi-gcc/4.8.3-2014q1/bin/../lib/gcc/arm-none-eabi/4.8.3/../../../../arm-none-eabi/lib/armv7-m\libc.a(lib_a-mprec.o)
                0x08009e20                __mdiff
 .text.__ulp    0x08009ef8       0x40 c:/users/than/appdata/local/arduino15/packages/arduino/tools/arm-none-eabi-gcc/4.8.3-2014q1/bin/../lib/gcc/arm-none-eabi/4.8.3/../../../../arm-none-eabi/lib/armv7-m\libc.a(lib_a-mprec.o)
                0x08009ef8                __ulp
 .text.__b2d    0x08009f38       0xb8 c:/users/than/appdata/local/arduino15/packages/arduino/tools/arm-none-eabi-gcc/4.8.3-2014q1/bin/../lib/gcc/arm-none-eabi/4.8.3/../../../../arm-none-eabi/lib/armv7-m\libc.a(lib_a-mprec.o)
                0x08009f38                __b2d
 .text.__d2b    0x08009ff0       0xbc c:/users/than/appdata/local/arduino15/packages/arduino/tools/arm-none-eabi-gcc/4.8.3-2014q1/bin/../lib/gcc/arm-none-eabi/4.8.3/../../../../arm-none-eabi/lib/armv7-m\libc.a(lib_a-mprec.o)
                0x08009ff0                __d2b
 .text.__ratio  0x0800a0ac       0x50 c:/users/than/appdata/local/arduino15/packages/arduino/tools/arm-none-eabi-gcc/4.8.3-2014q1/bin/../lib/gcc/arm-none-eabi/4.8.3/../../../../arm-none-eabi/lib/armv7-m\libc.a(lib_a-mprec.o)
                0x0800a0ac                __ratio
 .text.__copybits
                0x0800a0fc       0x48 c:/users/than/appdata/local/arduino15/packages/arduino/tools/arm-none-eabi-gcc/4.8.3-2014q1/bin/../lib/gcc/arm-none-eabi/4.8.3/../../../../arm-none-eabi/lib/armv7-m\libc.a(lib_a-mprec.o)
                0x0800a0fc                __copybits
 .text.__any_on
                0x0800a144       0x60 c:/users/than/appdata/local/arduino15/packages/arduino/tools/arm-none-eabi-gcc/4.8.3-2014q1/bin/../lib/gcc/arm-none-eabi/4.8.3/../../../../arm-none-eabi/lib/armv7-m\libc.a(lib_a-mprec.o)
                0x0800a144                __any_on
 .text.__fpclassifyd
                0x0800a1a4       0x50 c:/users/than/appdata/local/arduino15/packages/arduino/tools/arm-none-eabi-gcc/4.8.3-2014q1/bin/../lib/gcc/arm-none-eabi/4.8.3/../../../../arm-none-eabi/lib/armv7-m\libc.a(lib_a-s_fpclassify.o)
                0x0800a1a4                __fpclassifyd
 .text.__ssprint_r
                0x0800a1f4      0x100 c:/users/than/appdata/local/arduino15/packages/arduino/tools/arm-none-eabi-gcc/4.8.3-2014q1/bin/../lib/gcc/arm-none-eabi/4.8.3/../../../../arm-none-eabi/lib/armv7-m\libc.a(lib_a-svfiprintf.o)
                0x0800a1f4                __ssprint_r
 .text._calloc_r
                0x0800a2f4       0x60 c:/users/than/appdata/local/arduino15/packages/arduino/tools/arm-none-eabi-gcc/4.8.3-2014q1/bin/../lib/gcc/arm-none-eabi/4.8.3/../../../../arm-none-eabi/lib/armv7-m\libc.a(lib_a-callocr.o)
                0x0800a2f4                _calloc_r
 *(.plt)
 *(.gnu.warning)
 *(.glue_7t)
 .glue_7t       0x00000000        0x0 linker stubs
 *(.glue_7)
 .glue_7        0x00000000        0x0 linker stubs
 *(.vfp11_veneer)
 .vfp11_veneer  0x00000000        0x0 linker stubs
 *(.ARM.extab* .gnu.linkonce.armextab.*)
 *(.gcc_except_table)
 *(.eh_frame_hdr)
 *(.eh_frame)
 .eh_frame      0x0800a354        0x0 c:/users/than/appdata/local/arduino15/packages/arduino/tools/arm-none-eabi-gcc/4.8.3-2014q1/bin/../lib/gcc/arm-none-eabi/4.8.3/armv7-m/crtbegin.o
                0x0800a354                . = ALIGN (0x4)
 *(.init)
 .init          0x0800a354        0x4 c:/users/than/appdata/local/arduino15/packages/arduino/tools/arm-none-eabi-gcc/4.8.3-2014q1/bin/../lib/gcc/arm-none-eabi/4.8.3/armv7-m/crti.o
                0x0800a354                _init
 .init          0x0800a358        0x8 c:/users/than/appdata/local/arduino15/packages/arduino/tools/arm-none-eabi-gcc/4.8.3-2014q1/bin/../lib/gcc/arm-none-eabi/4.8.3/armv7-m/crtn.o
                0x0800a360                . = ALIGN (0x4)
                0x0800a360                __preinit_array_start = .
 *(.preinit_array)
                0x0800a360                __preinit_array_end = .
                0x0800a360                . = ALIGN (0x4)
                0x0800a360                __init_array_start = .
 *(SORT(.init_array.*))
 .init_array.00000
                0x0800a360        0x4 c:/users/than/appdata/local/arduino15/packages/arduino/tools/arm-none-eabi-gcc/4.8.3-2014q1/bin/../lib/gcc/arm-none-eabi/4.8.3/../../../../arm-none-eabi/lib/armv7-m\libc.a(lib_a-__call_atexit.o)
 .init_array.00101
                0x0800a364        0x4 C:\Users\Than\AppData\Local\Temp\VMBuilds\DriverConveyor\STM32_genericSTM32F103C\Debug\core.a(main.cpp.o)
 *(.init_array)
 .init_array    0x0800a368        0x4 c:/users/than/appdata/local/arduino15/packages/arduino/tools/arm-none-eabi-gcc/4.8.3-2014q1/bin/../lib/gcc/arm-none-eabi/4.8.3/armv7-m/crtbegin.o
 .init_array    0x0800a36c        0x4 DriverConveyor.cpp.o
 .init_array    0x0800a370        0x4 EEPROM\EEPROM.cpp.o
 .init_array    0x0800a374        0x4 C:\Users\Than\AppData\Local\Temp\VMBCore\arduino16x\d298b5a13073b2620a20b4a7ee76f89b\variant\board.cpp.o
                0x0800a378                __init_array_end = .
                0x0800a378                . = ALIGN (0x4)
 *crtbegin.o(.ctors)
 *(EXCLUDE_FILE(*crtend.o) .ctors)
 *(SORT(.ctors.*))
 *crtend.o(.ctors)
                0x0800a378                . = ALIGN (0x4)
 *(.fini)
 .fini          0x0800a378        0x4 c:/users/than/appdata/local/arduino15/packages/arduino/tools/arm-none-eabi-gcc/4.8.3-2014q1/bin/../lib/gcc/arm-none-eabi/4.8.3/armv7-m/crti.o
                0x0800a378                _fini
 .fini          0x0800a37c        0x8 c:/users/than/appdata/local/arduino15/packages/arduino/tools/arm-none-eabi-gcc/4.8.3-2014q1/bin/../lib/gcc/arm-none-eabi/4.8.3/armv7-m/crtn.o
                0x0800a384                . = ALIGN (0x4)
                0x0800a384                __fini_array_start = .
 *(.fini_array)
 .fini_array    0x0800a384        0x4 c:/users/than/appdata/local/arduino15/packages/arduino/tools/arm-none-eabi-gcc/4.8.3-2014q1/bin/../lib/gcc/arm-none-eabi/4.8.3/armv7-m/crtbegin.o
 *(SORT(.fini_array.*))
                0x0800a388                __fini_array_end = .
 *crtbegin.o(.dtors)
 *(EXCLUDE_FILE(*crtend.o) .dtors)
 *(SORT(.dtors.*))
 *crtend.o(.dtors)

.v4_bx          0x0800a388        0x0
 .v4_bx         0x00000000        0x0 linker stubs

.iplt           0x0800a388        0x0
 .iplt          0x00000000        0x0 c:/users/than/appdata/local/arduino15/packages/arduino/tools/arm-none-eabi-gcc/4.8.3-2014q1/bin/../lib/gcc/arm-none-eabi/4.8.3/armv7-m/crtbegin.o

.text.align     0x0800a388        0x0
                0x0800a388                . = ALIGN (0x8)
                0x0800a388                __text_end__ = .
                0x0800a388                __exidx_start = .

.ARM.exidx      0x0800a388        0x8
 *(.ARM.exidx* .gnu.linkonce.armexidx.*)
 .ARM.exidx     0x0800a388        0x8 C:\Users\Than\AppData\Local\Temp\VMBCore\arduino16x\d298b5a13073b2620a20b4a7ee76f89b\variant\start.S.o
 .ARM.exidx.text.__aeabi_atexit
                0x0800a390        0x0 c:/users/than/appdata/local/arduino15/packages/arduino/tools/arm-none-eabi-gcc/4.8.3-2014q1/bin/../lib/gcc/arm-none-eabi/4.8.3/../../../../arm-none-eabi/lib/armv7-m\libstdc++.a(atexit_arm.o)
                                  0x8 (size before relaxing)
 .ARM.exidx     0x0800a390        0x0 c:/users/than/appdata/local/arduino15/packages/arduino/tools/arm-none-eabi-gcc/4.8.3-2014q1/bin/../lib/gcc/arm-none-eabi/4.8.3/armv7-m\libgcc.a(_divdi3.o)
                                  0x8 (size before relaxing)
 .ARM.exidx     0x0800a390        0x0 c:/users/than/appdata/local/arduino15/packages/arduino/tools/arm-none-eabi-gcc/4.8.3-2014q1/bin/../lib/gcc/arm-none-eabi/4.8.3/armv7-m\libgcc.a(_udivdi3.o)
                                  0x8 (size before relaxing)
                0x0800a390                __exidx_end = .

.data           0x20000000      0xc68 load address 0x0800a390
                0x20000000                __data_start__ = .
                0x20000000        0x4 LONG 0x0
                0x20000008                . = ALIGN (0x8)
 *fill*         0x20000004        0x4 
 *(.got.plt)
 *(.got)
 *(.data .data.* .gnu.linkonce.d.*)
 .data          0x20000008        0x4 c:/users/than/appdata/local/arduino15/packages/arduino/tools/arm-none-eabi-gcc/4.8.3-2014q1/bin/../lib/gcc/arm-none-eabi/4.8.3/armv7-m/crtbegin.o
                0x20000008                __dso_handle
 .data.Kp       0x2000000c        0x4 DriverConveyor.cpp.o
                0x2000000c                Kp
 .data.LedState
                0x20000010        0x1 DriverConveyor.cpp.o
                0x20000010                LedState
 .data.Mode     0x20000011        0x1 DriverConveyor.cpp.o
                0x20000011                Mode
 *fill*         0x20000012        0x2 
 .data._ZN6wirish4privL8pll_dataE
                0x20000014        0x4 C:\Users\Than\AppData\Local\Temp\VMBCore\arduino16x\d298b5a13073b2620a20b4a7ee76f89b\variant\boards_setup.cpp.o
 .data._ZN6wirish4priv9w_adc_smpE
                0x20000018        0x1 C:\Users\Than\AppData\Local\Temp\VMBCore\arduino16x\d298b5a13073b2620a20b4a7ee76f89b\variant\boards_setup.cpp.o
                0x20000018                wirish::priv::w_adc_smp
 *fill*         0x20000019        0x1 
 .data._ZN6wirish4priv9w_adc_preE
                0x2000001a        0x2 C:\Users\Than\AppData\Local\Temp\VMBCore\arduino16x\d298b5a13073b2620a20b4a7ee76f89b\variant\boards_setup.cpp.o
                0x2000001a                wirish::priv::w_adc_pre
 .data._ZN6wirish4priv15w_board_pll_cfgE
                0x2000001c        0x8 C:\Users\Than\AppData\Local\Temp\VMBCore\arduino16x\d298b5a13073b2620a20b4a7ee76f89b\variant\boards_setup.cpp.o
                0x2000001c                wirish::priv::w_board_pll_cfg
 .data.adc2     0x20000024        0x8 C:\Users\Than\AppData\Local\Temp\VMBuilds\DriverConveyor\STM32_genericSTM32F103C\Debug\core.a(adc_f1.c.o)
                0x20000024                adc2
 .data.adc1     0x2000002c       0x18 C:\Users\Than\AppData\Local\Temp\VMBuilds\DriverConveyor\STM32_genericSTM32F103C\Debug\core.a(adc_f1.c.o)
                0x2000002c                adc1
 .data.ADC2     0x20000044        0x4 C:\Users\Than\AppData\Local\Temp\VMBuilds\DriverConveyor\STM32_genericSTM32F103C\Debug\core.a(adc_f1.c.o)
                0x20000044                ADC2
 .data.ADC1     0x20000048        0x4 C:\Users\Than\AppData\Local\Temp\VMBuilds\DriverConveyor\STM32_genericSTM32F103C\Debug\core.a(adc_f1.c.o)
                0x20000048                ADC1
 .data.dma1     0x2000004c       0x40 C:\Users\Than\AppData\Local\Temp\VMBuilds\DriverConveyor\STM32_genericSTM32F103C\Debug\core.a(dma_f1.c.o)
 .data.DMA1     0x2000008c        0x4 C:\Users\Than\AppData\Local\Temp\VMBuilds\DriverConveyor\STM32_genericSTM32F103C\Debug\core.a(dma_f1.c.o)
                0x2000008c                DMA1
 .data.gpioa    0x20000090        0x8 C:\Users\Than\AppData\Local\Temp\VMBuilds\DriverConveyor\STM32_genericSTM32F103C\Debug\core.a(gpio_f1.c.o)
                0x20000090                gpioa
 .data.gpiob    0x20000098        0x8 C:\Users\Than\AppData\Local\Temp\VMBuilds\DriverConveyor\STM32_genericSTM32F103C\Debug\core.a(gpio_f1.c.o)
                0x20000098                gpiob
 .data.gpioc    0x200000a0        0x8 C:\Users\Than\AppData\Local\Temp\VMBuilds\DriverConveyor\STM32_genericSTM32F103C\Debug\core.a(gpio_f1.c.o)
                0x200000a0                gpioc
 .data.gpiod    0x200000a8        0x8 C:\Users\Than\AppData\Local\Temp\VMBuilds\DriverConveyor\STM32_genericSTM32F103C\Debug\core.a(gpio_f1.c.o)
                0x200000a8                gpiod
 .data.i2c1     0x200000b0       0x24 C:\Users\Than\AppData\Local\Temp\VMBuilds\DriverConveyor\STM32_genericSTM32F103C\Debug\core.a(i2c_f1.c.o)
 .data.i2c2     0x200000d4       0x24 C:\Users\Than\AppData\Local\Temp\VMBuilds\DriverConveyor\STM32_genericSTM32F103C\Debug\core.a(i2c_f1.c.o)
 .data.enable_regs.4411
                0x200000f8        0xc C:\Users\Than\AppData\Local\Temp\VMBuilds\DriverConveyor\STM32_genericSTM32F103C\Debug\core.a(rcc_f1.c.o)
 .data.reset_regs.4415
                0x20000104        0x8 C:\Users\Than\AppData\Local\Temp\VMBuilds\DriverConveyor\STM32_genericSTM32F103C\Debug\core.a(rcc_f1.c.o)
 .data.enable_regs.4424
                0x2000010c        0xc C:\Users\Than\AppData\Local\Temp\VMBuilds\DriverConveyor\STM32_genericSTM32F103C\Debug\core.a(rcc_f1.c.o)
 .data.timer3   0x20000118       0x24 C:\Users\Than\AppData\Local\Temp\VMBuilds\DriverConveyor\STM32_genericSTM32F103C\Debug\core.a(timer.c.o)
                0x20000118                timer3
 .data.timer4   0x2000013c       0x24 C:\Users\Than\AppData\Local\Temp\VMBuilds\DriverConveyor\STM32_genericSTM32F103C\Debug\core.a(timer.c.o)
                0x2000013c                timer4
 .data.timer1   0x20000160       0x28 C:\Users\Than\AppData\Local\Temp\VMBuilds\DriverConveyor\STM32_genericSTM32F103C\Debug\core.a(timer.c.o)
                0x20000160                timer1
 .data.timer2   0x20000188       0x24 C:\Users\Than\AppData\Local\Temp\VMBuilds\DriverConveyor\STM32_genericSTM32F103C\Debug\core.a(timer.c.o)
                0x20000188                timer2
 .data.USART1   0x200001ac        0x4 C:\Users\Than\AppData\Local\Temp\VMBuilds\DriverConveyor\STM32_genericSTM32F103C\Debug\core.a(usart_f1.c.o)
                0x200001ac                USART1
 .data.USART2   0x200001b0        0x4 C:\Users\Than\AppData\Local\Temp\VMBuilds\DriverConveyor\STM32_genericSTM32F103C\Debug\core.a(usart_f1.c.o)
                0x200001b0                USART2
 .data.USART3   0x200001b4        0x4 C:\Users\Than\AppData\Local\Temp\VMBuilds\DriverConveyor\STM32_genericSTM32F103C\Debug\core.a(usart_f1.c.o)
                0x200001b4                USART3
 .data.usart1   0x200001b8       0x94 C:\Users\Than\AppData\Local\Temp\VMBuilds\DriverConveyor\STM32_genericSTM32F103C\Debug\core.a(usart_f1.c.o)
 .data.usart2   0x2000024c       0x94 C:\Users\Than\AppData\Local\Temp\VMBuilds\DriverConveyor\STM32_genericSTM32F103C\Debug\core.a(usart_f1.c.o)
 .data.usart3   0x200002e0       0x94 C:\Users\Than\AppData\Local\Temp\VMBuilds\DriverConveyor\STM32_genericSTM32F103C\Debug\core.a(usart_f1.c.o)
 .data.USBLIB   0x20000374        0x4 C:\Users\Than\AppData\Local\Temp\VMBuilds\DriverConveyor\STM32_genericSTM32F103C\Debug\core.a(usb.c.o)
                0x20000374                USBLIB
 .data.usblib   0x20000378       0x10 C:\Users\Than\AppData\Local\Temp\VMBuilds\DriverConveyor\STM32_genericSTM32F103C\Debug\core.a(usb.c.o)
 .data.Config_Descriptor
                0x20000388        0x8 C:\Users\Than\AppData\Local\Temp\VMBuilds\DriverConveyor\STM32_genericSTM32F103C\Debug\core.a(usb_cdcacm.c.o)
 .data.Device_Property
                0x20000390       0x30 C:\Users\Than\AppData\Local\Temp\VMBuilds\DriverConveyor\STM32_genericSTM32F103C\Debug\core.a(usb_cdcacm.c.o)
                0x20000390                Device_Property
 .data.String_Descriptor
                0x200003c0       0x18 C:\Users\Than\AppData\Local\Temp\VMBuilds\DriverConveyor\STM32_genericSTM32F103C\Debug\core.a(usb_cdcacm.c.o)
 .data.line_coding
                0x200003d8        0x7 C:\Users\Than\AppData\Local\Temp\VMBuilds\DriverConveyor\STM32_genericSTM32F103C\Debug\core.a(usb_cdcacm.c.o)
 *fill*         0x200003df        0x1 
 .data.Device_Descriptor
                0x200003e0        0x8 C:\Users\Than\AppData\Local\Temp\VMBuilds\DriverConveyor\STM32_genericSTM32F103C\Debug\core.a(usb_cdcacm.c.o)
 .data.Device_Table
                0x200003e8        0x2 C:\Users\Than\AppData\Local\Temp\VMBuilds\DriverConveyor\STM32_genericSTM32F103C\Debug\core.a(usb_cdcacm.c.o)
                0x200003e8                Device_Table
 *fill*         0x200003ea        0x6 
 .data.impure_data
                0x200003f0      0x428 c:/users/than/appdata/local/arduino15/packages/arduino/tools/arm-none-eabi-gcc/4.8.3-2014q1/bin/../lib/gcc/arm-none-eabi/4.8.3/../../../../arm-none-eabi/lib/armv7-m\libc.a(lib_a-impure.o)
 .data._impure_ptr
                0x20000818        0x4 c:/users/than/appdata/local/arduino15/packages/arduino/tools/arm-none-eabi-gcc/4.8.3-2014q1/bin/../lib/gcc/arm-none-eabi/4.8.3/../../../../arm-none-eabi/lib/armv7-m\libc.a(lib_a-impure.o)
                0x20000818                _impure_ptr
 .data.__malloc_av_
                0x2000081c      0x408 c:/users/than/appdata/local/arduino15/packages/arduino/tools/arm-none-eabi-gcc/4.8.3-2014q1/bin/../lib/gcc/arm-none-eabi/4.8.3/../../../../arm-none-eabi/lib/armv7-m\libc.a(lib_a-mallocr.o)
                0x2000081c                __malloc_av_
 .data.__malloc_trim_threshold
                0x20000c24        0x4 c:/users/than/appdata/local/arduino15/packages/arduino/tools/arm-none-eabi-gcc/4.8.3-2014q1/bin/../lib/gcc/arm-none-eabi/4.8.3/../../../../arm-none-eabi/lib/armv7-m\libc.a(lib_a-mallocr.o)
                0x20000c24                __malloc_trim_threshold
 .data.__malloc_sbrk_base
                0x20000c28        0x4 c:/users/than/appdata/local/arduino15/packages/arduino/tools/arm-none-eabi-gcc/4.8.3-2014q1/bin/../lib/gcc/arm-none-eabi/4.8.3/../../../../arm-none-eabi/lib/armv7-m\libc.a(lib_a-mallocr.o)
                0x20000c28                __malloc_sbrk_base
 .data.lconv    0x20000c2c       0x38 c:/users/than/appdata/local/arduino15/packages/arduino/tools/arm-none-eabi-gcc/4.8.3-2014q1/bin/../lib/gcc/arm-none-eabi/4.8.3/../../../../arm-none-eabi/lib/armv7-m\libc.a(lib_a-locale.o)
                0x20000c68                . = ALIGN (0x8)
 *fill*         0x20000c64        0x4 
                0x20000c68                __data_end__ = .

.jcr            0x20000c68        0x0 load address 0x0800aff8
 .jcr           0x20000c68        0x0 c:/users/than/appdata/local/arduino15/packages/arduino/tools/arm-none-eabi-gcc/4.8.3-2014q1/bin/../lib/gcc/arm-none-eabi/4.8.3/armv7-m/crtbegin.o

.igot.plt       0x20000c68        0x0 load address 0x0800aff8
 .igot.plt      0x00000000        0x0 c:/users/than/appdata/local/arduino15/packages/arduino/tools/arm-none-eabi-gcc/4.8.3-2014q1/bin/../lib/gcc/arm-none-eabi/4.8.3/armv7-m/crtbegin.o

.rodata         0x0800aff8      0x6a0
 *(.rodata .rodata.* .gnu.linkonce.r.*)
 .rodata.str1.1
                0x0800aff8       0x4d DriverConveyor.cpp.o
                                 0x4e (size before relaxing)
 *fill*         0x0800b045        0x3 
 .rodata.PIN_MAP
                0x0800b048      0x230 C:\Users\Than\AppData\Local\Temp\VMBCore\arduino16x\d298b5a13073b2620a20b4a7ee76f89b\variant\board.cpp.o
                0x0800b048                PIN_MAP
 .rodata.GPIOC  0x0800b278        0x4 C:\Users\Than\AppData\Local\Temp\VMBuilds\DriverConveyor\STM32_genericSTM32F103C\Debug\core.a(gpio_f1.c.o)
                0x0800b278                GPIOC
 .rodata.rcc_dev_table
                0x0800b27c       0x5c C:\Users\Than\AppData\Local\Temp\VMBuilds\DriverConveyor\STM32_genericSTM32F103C\Debug\core.a(rcc_f1.c.o)
                0x0800b27c                rcc_dev_table
 .rodata.masks.4420
                0x0800b2d8       0x14 C:\Users\Than\AppData\Local\Temp\VMBuilds\DriverConveyor\STM32_genericSTM32F103C\Debug\core.a(rcc_f1.c.o)
 .rodata.usbVcomDescriptor_iProduct
                0x0800b2ec        0xc C:\Users\Than\AppData\Local\Temp\VMBuilds\DriverConveyor\STM32_genericSTM32F103C\Debug\core.a(usb_cdcacm.c.o)
 .rodata.usbVcomDescriptor_iManufacturer
                0x0800b2f8       0x12 C:\Users\Than\AppData\Local\Temp\VMBuilds\DriverConveyor\STM32_genericSTM32F103C\Debug\core.a(usb_cdcacm.c.o)
 .rodata.usbVcomDescriptor_Device
                0x0800b30a       0x12 C:\Users\Than\AppData\Local\Temp\VMBuilds\DriverConveyor\STM32_genericSTM32F103C\Debug\core.a(usb_cdcacm.c.o)
 .rodata.usbVcomDescriptor_Config
                0x0800b31c       0x43 C:\Users\Than\AppData\Local\Temp\VMBuilds\DriverConveyor\STM32_genericSTM32F103C\Debug\core.a(usb_cdcacm.c.o)
 .rodata.usbVcomDescriptor_LangID
                0x0800b35f        0x4 C:\Users\Than\AppData\Local\Temp\VMBuilds\DriverConveyor\STM32_genericSTM32F103C\Debug\core.a(usb_cdcacm.c.o)
 *fill*         0x0800b363        0x5 
 .rodata._ZTV14HardwareSerial
                0x0800b368       0x28 C:\Users\Than\AppData\Local\Temp\VMBuilds\DriverConveyor\STM32_genericSTM32F103C\Debug\core.a(HardwareSerial.cpp.o)
                0x0800b368                vtable for HardwareSerial
 .rodata.str1.1
                0x0800b390       0x11 C:\Users\Than\AppData\Local\Temp\VMBuilds\DriverConveyor\STM32_genericSTM32F103C\Debug\core.a(Print.cpp.o)
 .rodata.str1.1
                0x00000000        0x1 C:\Users\Than\AppData\Local\Temp\VMBuilds\DriverConveyor\STM32_genericSTM32F103C\Debug\core.a(WString.cpp.o)
 .rodata.str1.1
                0x0800b3a1        0x9 C:\Users\Than\AppData\Local\Temp\VMBuilds\DriverConveyor\STM32_genericSTM32F103C\Debug\core.a(dtostrf.c.o)
 *fill*         0x0800b3aa        0x2 
 .rodata.str1.4
                0x0800b3ac        0x2 c:/users/than/appdata/local/arduino15/packages/arduino/tools/arm-none-eabi-gcc/4.8.3-2014q1/bin/../lib/gcc/arm-none-eabi/4.8.3/../../../../arm-none-eabi/lib/armv7-m\libc.a(lib_a-impure.o)
                                  0x4 (size before relaxing)
 *fill*         0x0800b3ae        0x2 
 .rodata._global_impure_ptr
                0x0800b3b0        0x4 c:/users/than/appdata/local/arduino15/packages/arduino/tools/arm-none-eabi-gcc/4.8.3-2014q1/bin/../lib/gcc/arm-none-eabi/4.8.3/../../../../arm-none-eabi/lib/armv7-m\libc.a(lib_a-impure.o)
                0x0800b3b0                _global_impure_ptr
 .rodata.fpi.5235
                0x0800b3b4       0x14 c:/users/than/appdata/local/arduino15/packages/arduino/tools/arm-none-eabi-gcc/4.8.3-2014q1/bin/../lib/gcc/arm-none-eabi/4.8.3/../../../../arm-none-eabi/lib/armv7-m\libc.a(lib_a-strtod.o)
 .rodata.fpinan.5271